2025-07-11 12:40:41,018 - logging_setup - INFO - Logging set up
2025-07-11 12:40:41,961 - logging_setup - INFO - AST Toolbox imported successfully.
2025-07-11 12:40:41,972 - logging_setup - INFO - Secret file H:\secrets\bcgw.env found
2025-07-11 12:40:41,973 - logging_setup - INFO - Database user csostad and password found
2025-07-11 12:40:42,121 - root - INFO - Logger initialized
2025-07-11 12:40:42,944 - root - ERROR - Failed to import tools
Traceback (most recent call last):
  File "P:\corp\central_clones\python_geopandas\lib\site-packages\XTools Pro\esri\toolboxes\XTools Pro.pyt", line 95, in <module>
    from Tools.FeaturesToPointsTool import *
  File "E:\sw_nt\XTools\XTools AGP\Python\Tools\FeaturesToPointsTool.py", line 1, in <module>
    from Tools.BaseTool import BaseTool
  File "E:\sw_nt\XTools\XTools AGP\Python\Tools\BaseTool.py", line 7, in <module>
    from Scripts.Base.PythonCancelTracker import PythonCancelTracker
  File "E:\sw_nt\XTools\XTools AGP\Python\Scripts\Base\PythonCancelTracker.py", line 20, in <module>
    from XTools.XToolsAGP.Core import ICancelTracker
ModuleNotFoundError: No module named 'XTools'
2025-07-11 12:40:42,949 - root - ERROR - No module named 'XTools'
Traceback (most recent call last):
  File "P:\corp\central_clones\python_geopandas\lib\site-packages\XTools Pro\esri\toolboxes\XTools Pro.pyt", line 95, in <module>
    from Tools.FeaturesToPointsTool import *
  File "E:\sw_nt\XTools\XTools AGP\Python\Tools\FeaturesToPointsTool.py", line 1, in <module>
    from Tools.BaseTool import BaseTool
  File "E:\sw_nt\XTools\XTools AGP\Python\Tools\BaseTool.py", line 7, in <module>
    from Scripts.Base.PythonCancelTracker import PythonCancelTracker
  File "E:\sw_nt\XTools\XTools AGP\Python\Scripts\Base\PythonCancelTracker.py", line 20, in <module>
    from XTools.XToolsAGP.Core import ICancelTracker
ModuleNotFoundError: No module named 'XTools'
2025-07-11 12:40:58,107 - logging_setup - INFO - new db connection created
2025-07-11 12:40:58,451 - logging_setup - INFO - workspace set to bcgw connection
2025-07-11 12:40:58,452 - logging_setup - INFO - SDE Connection established at: \\spatialfiles.bcgov\work\srm\nel\Local\Geomatics\Workarea\csostad\GitHubAutoAST\gss_authorizations\autoast\auto_ast_v3_Breville_folium_maps\connection\bcgw.sde
2025-07-11 12:40:58,453 - logging_setup - INFO - Main: Creating queuefile path for july_7.xlsx
2025-07-11 12:40:58,455 - logging_setup - INFO - Main: Loading jobs from july_7.xlsx
2025-07-11 12:40:58,455 - logging_setup - INFO - ##########################################################################################################################
2025-07-11 12:40:58,456 - logging_setup - INFO - #
2025-07-11 12:40:58,456 - logging_setup - INFO - Loading Jobs...
2025-07-11 12:40:58,456 - logging_setup - INFO - #
2025-07-11 12:40:58,457 - logging_setup - INFO - ##########################################################################################################################
2025-07-11 12:40:58,488 - logging_setup - INFO - 

2025-07-11 12:40:58,488 - logging_setup - INFO - -------------------------------------------------------------------------------
2025-07-11 12:40:58,489 - logging_setup - INFO - -                        Load Jobs: Start of Job 0                               -
2025-07-11 12:40:58,489 - logging_setup - INFO - -------------------------------------------------------------------------------
2025-07-11 12:40:58,489 - logging_setup - INFO - 

2025-07-11 12:40:58,489 - logging_setup - INFO - Load Jobs - Creating empty dictionary
2025-07-11 12:40:58,490 - logging_setup - INFO - Load Jobs - (Queued assigned to Job (0) is (Queued)
2025-07-11 12:40:58,490 - logging_setup - INFO - 

2025-07-11 12:40:58,491 - logging_setup - INFO - ##########################################################################################################################
2025-07-11 12:40:58,491 - logging_setup - INFO - #
2025-07-11 12:40:58,491 - logging_setup - INFO - Running Add Job Results from Load Jobs Function
2025-07-11 12:40:58,491 - logging_setup - INFO - #
2025-07-11 12:40:58,492 - logging_setup - INFO - ##########################################################################################################################
2025-07-11 12:40:58,492 - logging_setup - INFO - 

2025-07-11 12:40:58,509 - logging_setup - INFO - Add Job Result - Workbook loaded
2025-07-11 12:40:58,510 - logging_setup - INFO - Add Job Result - 'ast_condition' column found in the spreadsheet.
2025-07-11 12:40:58,510 - logging_setup - INFO - Add Job Result - Calculated Excel row index as 2 for job index 0
2025-07-11 12:40:58,510 - logging_setup - INFO - Add Job Result - Updated Job 0 with condition 'Queued'.
2025-07-11 12:40:58,539 - logging_setup - INFO - Add Job Result - Saving Workbook with updated condition
2025-07-11 12:40:58,539 - logging_setup - INFO - Load Jobs - Added job condition 'Queued' for job 0 to jobs list
2025-07-11 12:40:58,540 - logging_setup - INFO - Classifying input type for job 0
2025-07-11 12:40:58,540 - logging_setup - INFO - Classifying Input Type - Feature layer found: \\spatialfiles.bcgov\work\srm\nel\Local\Geomatics\Workarea\csostad\Statusing\Jade Statuses\Powel River\632\632.shp
2025-07-11 12:40:58,541 - logging_setup - INFO - Classifying Input Type - Processing feature layer: \\spatialfiles.bcgov\work\srm\nel\Local\Geomatics\Workarea\csostad\Statusing\Jade Statuses\Powel River\632\632.shp
2025-07-11 12:40:58,541 - logging_setup - INFO - Classifying Input Type - No FW File Number provided, using original shapefile path
2025-07-11 12:40:58,541 - logging_setup - INFO - Load Jobs - Job Condition is not Complete (Queued), adding job: 0 to jobs list
2025-07-11 12:40:58,542 - logging_setup - INFO - 

2025-07-11 12:40:58,542 - logging_setup - INFO - -------------------------------------------------------------------------------
2025-07-11 12:40:58,542 - logging_setup - INFO - -                        End of Job 0                                -
2025-07-11 12:40:58,542 - logging_setup - INFO - -------------------------------------------------------------------------------
2025-07-11 12:40:58,544 - logging_setup - INFO - 

2025-07-11 12:40:58,544 - logging_setup - INFO - 

2025-07-11 12:40:58,544 - logging_setup - INFO - -------------------------------------------------------------------------------
2025-07-11 12:40:58,545 - logging_setup - INFO - -                        Load Jobs: Start of Job 1                               -
2025-07-11 12:40:58,545 - logging_setup - INFO - -------------------------------------------------------------------------------
2025-07-11 12:40:58,545 - logging_setup - INFO - 

2025-07-11 12:40:58,545 - logging_setup - INFO - Load Jobs - Creating empty dictionary
2025-07-11 12:40:58,546 - logging_setup - INFO - Load Jobs - Skipping blank row at index (1) 
2025-07-11 12:40:58,546 - logging_setup - INFO - 

2025-07-11 12:40:58,546 - logging_setup - INFO - -------------------------------------------------------------------------------
2025-07-11 12:40:58,547 - logging_setup - INFO - -                        Load Jobs: Start of Job 2                               -
2025-07-11 12:40:58,547 - logging_setup - INFO - -------------------------------------------------------------------------------
2025-07-11 12:40:58,547 - logging_setup - INFO - 

2025-07-11 12:40:58,548 - logging_setup - INFO - Load Jobs - Creating empty dictionary
2025-07-11 12:40:58,548 - logging_setup - INFO - Load Jobs - Skipping blank row at index (2) 
2025-07-11 12:40:58,548 - logging_setup - INFO - 

2025-07-11 12:40:58,549 - logging_setup - INFO - -------------------------------------------------------------------------------
2025-07-11 12:40:58,549 - logging_setup - INFO - -                        Load Jobs: Start of Job 3                               -
2025-07-11 12:40:58,549 - logging_setup - INFO - -------------------------------------------------------------------------------
2025-07-11 12:40:58,549 - logging_setup - INFO - 

2025-07-11 12:40:58,550 - logging_setup - INFO - Load Jobs - Creating empty dictionary
2025-07-11 12:40:58,550 - logging_setup - INFO - Load Jobs - Skipping blank row at index (3) 
2025-07-11 12:40:58,550 - logging_setup - INFO - 

2025-07-11 12:40:58,551 - logging_setup - INFO - -------------------------------------------------------------------------------
2025-07-11 12:40:58,551 - logging_setup - INFO - -                        Load Jobs: Start of Job 4                               -
2025-07-11 12:40:58,551 - logging_setup - INFO - -------------------------------------------------------------------------------
2025-07-11 12:40:58,552 - logging_setup - INFO - 

2025-07-11 12:40:58,552 - logging_setup - INFO - Load Jobs - Creating empty dictionary
2025-07-11 12:40:58,552 - logging_setup - INFO - Load Jobs - Skipping blank row at index (4) 
2025-07-11 12:40:58,553 - logging_setup - INFO - 

2025-07-11 12:40:58,553 - logging_setup - INFO - -------------------------------------------------------------------------------
2025-07-11 12:40:58,553 - logging_setup - INFO - -                        Load Jobs: Start of Job 5                               -
2025-07-11 12:40:58,553 - logging_setup - INFO - -------------------------------------------------------------------------------
2025-07-11 12:40:58,554 - logging_setup - INFO - 

2025-07-11 12:40:58,554 - logging_setup - INFO - Load Jobs - Creating empty dictionary
2025-07-11 12:40:58,554 - logging_setup - INFO - Load Jobs - Skipping blank row at index (5) 
2025-07-11 12:40:58,555 - logging_setup - INFO - 

2025-07-11 12:40:58,555 - logging_setup - INFO - -------------------------------------------------------------------------------
2025-07-11 12:40:58,555 - logging_setup - INFO - -                        Load Jobs: Start of Job 6                               -
2025-07-11 12:40:58,556 - logging_setup - INFO - -------------------------------------------------------------------------------
2025-07-11 12:40:58,556 - logging_setup - INFO - 

2025-07-11 12:40:58,556 - logging_setup - INFO - Load Jobs - Creating empty dictionary
2025-07-11 12:40:58,557 - logging_setup - INFO - Load Jobs - Skipping blank row at index (6) 
2025-07-11 12:40:58,557 - logging_setup - INFO - 

2025-07-11 12:40:58,557 - logging_setup - INFO - -------------------------------------------------------------------------------
2025-07-11 12:40:58,558 - logging_setup - INFO - -                        Load Jobs: Start of Job 7                               -
2025-07-11 12:40:58,558 - logging_setup - INFO - -------------------------------------------------------------------------------
2025-07-11 12:40:58,559 - logging_setup - INFO - 

2025-07-11 12:40:58,559 - logging_setup - INFO - Load Jobs - Creating empty dictionary
2025-07-11 12:40:58,560 - logging_setup - INFO - Load Jobs - Skipping blank row at index (7) 
2025-07-11 12:40:58,560 - logging_setup - INFO - 

2025-07-11 12:40:58,560 - logging_setup - INFO - -------------------------------------------------------------------------------
2025-07-11 12:40:58,560 - logging_setup - INFO - -                        Load Jobs: Start of Job 8                               -
2025-07-11 12:40:58,561 - logging_setup - INFO - -------------------------------------------------------------------------------
2025-07-11 12:40:58,561 - logging_setup - INFO - 

2025-07-11 12:40:58,561 - logging_setup - INFO - Load Jobs - Creating empty dictionary
2025-07-11 12:40:58,562 - logging_setup - INFO - Load Jobs - Skipping blank row at index (8) 
2025-07-11 12:40:58,562 - logging_setup - INFO - 

2025-07-11 12:40:58,562 - logging_setup - INFO - -------------------------------------------------------------------------------
2025-07-11 12:40:58,563 - logging_setup - INFO - -                        Load Jobs: Start of Job 9                               -
2025-07-11 12:40:58,563 - logging_setup - INFO - -------------------------------------------------------------------------------
2025-07-11 12:40:58,563 - logging_setup - INFO - 

2025-07-11 12:40:58,563 - logging_setup - INFO - Load Jobs - Creating empty dictionary
2025-07-11 12:40:58,564 - logging_setup - INFO - Load Jobs - Skipping blank row at index (9) 
2025-07-11 12:40:58,564 - logging_setup - INFO - Main: Batching jobs for july_7.xlsx
2025-07-11 12:40:58,564 - logging_setup - INFO - 

2025-07-11 12:40:58,565 - logging_setup - INFO - ##########################################################################################################################
2025-07-11 12:40:58,565 - logging_setup - INFO - #
2025-07-11 12:40:58,565 - logging_setup - INFO - Batch AST: Batching Jobs with Multiprocessing...
2025-07-11 12:40:58,566 - logging_setup - INFO - #
2025-07-11 12:40:58,566 - logging_setup - INFO - ##########################################################################################################################
2025-07-11 12:40:58,566 - logging_setup - INFO - 

2025-07-11 12:40:58,566 - logging_setup - INFO - Batch Ast: Job Timeout set to 21600 seconds
2025-07-11 12:41:09,359 - logging_setup - INFO - Batch Ast: Starting job 0
2025-07-11 12:41:09,388 - logging_setup - INFO - Batch Ast: Queued Job 0.....Multiproccessing started......
2025-07-11 13:44:52,996 - logging_setup - INFO - 

2025-07-11 13:44:52,996 - logging_setup - INFO - ##########################################################################################################################
2025-07-11 13:44:52,997 - logging_setup - INFO - #
2025-07-11 13:44:52,997 - logging_setup - INFO - Running Add Job Results from Load Jobs Function
2025-07-11 13:44:52,997 - logging_setup - INFO - #
2025-07-11 13:44:52,998 - logging_setup - INFO - ##########################################################################################################################
2025-07-11 13:44:52,998 - logging_setup - INFO - 

2025-07-11 13:44:53,016 - logging_setup - INFO - Add Job Result - Workbook loaded
2025-07-11 13:44:53,017 - logging_setup - INFO - Add Job Result - 'ast_condition' column found in the spreadsheet.
2025-07-11 13:44:53,017 - logging_setup - INFO - Add Job Result - Calculated Excel row index as 2 for job index 0
2025-07-11 13:44:53,017 - logging_setup - INFO - Add Job Result - Updated Job 0 with condition 'COMPLETE'.
2025-07-11 13:44:53,041 - logging_setup - INFO - Add Job Result - Saving Workbook with updated condition
2025-07-11 13:44:53,042 - logging_setup - INFO - Batch Ast: Job 0 completed successfully. Success counter is 1
2025-07-11 13:44:53,042 - logging_setup - INFO - 

2025-07-11 13:44:53,043 - logging_setup - INFO - Batch Ast Complete - Check separate worker log file for more details
2025-07-11 13:44:54,093 - logging_setup - INFO - Main: Reloading failed jobs for july_7.xlsx
2025-07-11 13:44:54,094 - logging_setup - INFO - 

2025-07-11 13:44:54,094 - logging_setup - INFO - ##########################################################################################################################
2025-07-11 13:44:54,095 - logging_setup - INFO - #
2025-07-11 13:44:54,095 - logging_setup - INFO - Re loading Failed Jobs V2.....
2025-07-11 13:44:54,095 - logging_setup - INFO - #
2025-07-11 13:44:54,096 - logging_setup - INFO - ##########################################################################################################################
2025-07-11 13:44:54,096 - logging_setup - INFO - 

2025-07-11 13:44:54,118 - logging_setup - INFO - Re load Failed Jobs: Workbook loaded is <openpyxl.workbook.workbook.Workbook object at 0x000002A262133E10>
2025-07-11 13:44:54,119 - logging_setup - INFO - Re load Failed Jobs: Reading all data rows and building data list
2025-07-11 13:44:54,122 - logging_setup - INFO - Re load Failed Jobs: Iterating over each row of data
2025-07-11 13:44:54,122 - logging_setup - INFO - 

2025-07-11 13:44:54,122 - logging_setup - INFO - ------------------------------------------------------------------------------------
2025-07-11 13:44:54,122 - logging_setup - INFO - -                        Re Load Failed Jobs: Start of Job 0                               -
2025-07-11 13:44:54,123 - logging_setup - INFO - ------------------------------------------------------------------------------------
2025-07-11 13:44:54,123 - logging_setup - INFO - 

2025-07-11 13:44:54,123 - logging_setup - INFO - Re load Jobs - Creating empty dictionary
2025-07-11 13:44:54,128 - logging_setup - INFO - Re Load Failed Jobs: Adding Complete to dictionary Skipping job 0 as it is marked COMPLETE.
2025-07-11 13:44:54,128 - logging_setup - INFO - Re Load Failed Jobs: Job 0's ast condition has been updated as 'COMPLETE'
2025-07-11 13:44:54,129 - logging_setup - INFO - 

2025-07-11 13:44:54,129 - logging_setup - INFO - ##########################################################################################################################
2025-07-11 13:44:54,129 - logging_setup - INFO - #
2025-07-11 13:44:54,130 - logging_setup - INFO - Running Add Job Results from Load Jobs Function
2025-07-11 13:44:54,130 - logging_setup - INFO - #
2025-07-11 13:44:54,130 - logging_setup - INFO - ##########################################################################################################################
2025-07-11 13:44:54,131 - logging_setup - INFO - 

2025-07-11 13:44:54,149 - logging_setup - INFO - Add Job Result - Workbook loaded
2025-07-11 13:44:54,150 - logging_setup - INFO - Add Job Result - 'ast_condition' column found in the spreadsheet.
2025-07-11 13:44:54,150 - logging_setup - INFO - Add Job Result - Calculated Excel row index as 2 for job index 0
2025-07-11 13:44:54,151 - logging_setup - INFO - Add Job Result - Updated Job 0 with condition 'COMPLETE'.
2025-07-11 13:44:54,176 - logging_setup - INFO - Add Job Result - Saving Workbook with updated condition
2025-07-11 13:44:54,176 - logging_setup - INFO - Re load Jobs - Added job condition 'COMPLETE' for job 0 to jobs list
2025-07-11 13:44:54,177 - logging_setup - INFO - Reload Failed Jobs - Saving Job Index (0) with new condition.
2025-07-11 13:44:54,201 - logging_setup - INFO - Re load Jobs - Job Condition is not Complete (COMPLETE), adding job: 0 to jobs list
2025-07-11 13:44:54,201 - logging_setup - INFO - 

2025-07-11 13:44:54,201 - logging_setup - INFO - ------------------------------------------------------------------------------------
2025-07-11 13:44:54,202 - logging_setup - INFO -  Job list is {'region': 'West_Coast', 'feature_layer': '\\\\spatialfiles.bcgov\\work\\srm\\nel\\Local\\Geomatics\\Workarea\\csostad\\Statusing\\Jade Statuses\\Powel River\\632\\632.shp', 'crown_file_number': '', 'disposition_number': '', 'parcel_number': '', 'output_directory': '\\\\spatialfiles.bcgov\\work\\srm\\nel\\Local\\Geomatics\\Workarea\\csostad\\Statusing\\july11_v3_no_auto', 'output_directory_same_as_input': 'false', 'dont_overwrite_outputs': 'false', 'skip_conflicts_and_constraints': False, 'suppress_map_creation': 'false', 'add_maps_to_current': 'false', 'run_as_fcbc': 'true', 'ast_condition': 'COMPLETE', 'file_number': ''}
2025-07-11 13:44:54,202 - logging_setup - INFO - ------------------------------------------------------------------------------------
2025-07-11 13:44:54,202 - logging_setup - INFO - 

2025-07-11 13:44:54,203 - logging_setup - INFO - Re load Jobs - Job 0 dictionary is {'region': 'West_Coast', 'feature_layer': '\\\\spatialfiles.bcgov\\work\\srm\\nel\\Local\\Geomatics\\Workarea\\csostad\\Statusing\\Jade Statuses\\Powel River\\632\\632.shp', 'crown_file_number': '', 'disposition_number': '', 'parcel_number': '', 'output_directory': '\\\\spatialfiles.bcgov\\work\\srm\\nel\\Local\\Geomatics\\Workarea\\csostad\\Statusing\\july11_v3_no_auto', 'output_directory_same_as_input': 'false', 'dont_overwrite_outputs': 'false', 'skip_conflicts_and_constraints': False, 'suppress_map_creation': 'false', 'add_maps_to_current': 'false', 'run_as_fcbc': 'true', 'ast_condition': 'COMPLETE', 'file_number': ''}
2025-07-11 13:44:54,203 - logging_setup - INFO - 

2025-07-11 13:44:54,203 - logging_setup - INFO - ------------------------------------------------------------------------------------
2025-07-11 13:44:54,204 - logging_setup - INFO - -                        Re Load Failed Jobs: Start of Job 1                               -
2025-07-11 13:44:54,204 - logging_setup - INFO - ------------------------------------------------------------------------------------
2025-07-11 13:44:54,204 - logging_setup - INFO - 

2025-07-11 13:44:54,205 - logging_setup - INFO - Re load Jobs - Creating empty dictionary
2025-07-11 13:44:54,205 - logging_setup - INFO - Re Load Failed Jobs: Skipping blank row at index 1
2025-07-11 13:44:54,205 - logging_setup - INFO - 

2025-07-11 13:44:54,205 - logging_setup - INFO - ------------------------------------------------------------------------------------
2025-07-11 13:44:54,206 - logging_setup - INFO - -                        Re Load Failed Jobs: Start of Job 2                               -
2025-07-11 13:44:54,206 - logging_setup - INFO - ------------------------------------------------------------------------------------
2025-07-11 13:44:54,206 - logging_setup - INFO - 

2025-07-11 13:44:54,207 - logging_setup - INFO - Re load Jobs - Creating empty dictionary
2025-07-11 13:44:54,207 - logging_setup - INFO - Re Load Failed Jobs: Skipping blank row at index 2
2025-07-11 13:44:54,207 - logging_setup - INFO - 

2025-07-11 13:44:54,208 - logging_setup - INFO - ------------------------------------------------------------------------------------
2025-07-11 13:44:54,208 - logging_setup - INFO - -                        Re Load Failed Jobs: Start of Job 3                               -
2025-07-11 13:44:54,208 - logging_setup - INFO - ------------------------------------------------------------------------------------
2025-07-11 13:44:54,208 - logging_setup - INFO - 

2025-07-11 13:44:54,209 - logging_setup - INFO - Re load Jobs - Creating empty dictionary
2025-07-11 13:44:54,209 - logging_setup - INFO - Re Load Failed Jobs: Skipping blank row at index 3
2025-07-11 13:44:54,209 - logging_setup - INFO - 

2025-07-11 13:44:54,210 - logging_setup - INFO - ------------------------------------------------------------------------------------
2025-07-11 13:44:54,210 - logging_setup - INFO - -                        Re Load Failed Jobs: Start of Job 4                               -
2025-07-11 13:44:54,210 - logging_setup - INFO - ------------------------------------------------------------------------------------
2025-07-11 13:44:54,210 - logging_setup - INFO - 

2025-07-11 13:44:54,211 - logging_setup - INFO - Re load Jobs - Creating empty dictionary
2025-07-11 13:44:54,211 - logging_setup - INFO - Re Load Failed Jobs: Skipping blank row at index 4
2025-07-11 13:44:54,211 - logging_setup - INFO - 

2025-07-11 13:44:54,212 - logging_setup - INFO - ------------------------------------------------------------------------------------
2025-07-11 13:44:54,212 - logging_setup - INFO - -                        Re Load Failed Jobs: Start of Job 5                               -
2025-07-11 13:44:54,212 - logging_setup - INFO - ------------------------------------------------------------------------------------
2025-07-11 13:44:54,213 - logging_setup - INFO - 

2025-07-11 13:44:54,213 - logging_setup - INFO - Re load Jobs - Creating empty dictionary
2025-07-11 13:44:54,213 - logging_setup - INFO - Re Load Failed Jobs: Skipping blank row at index 5
2025-07-11 13:44:54,214 - logging_setup - INFO - 

2025-07-11 13:44:54,214 - logging_setup - INFO - ------------------------------------------------------------------------------------
2025-07-11 13:44:54,214 - logging_setup - INFO - -                        Re Load Failed Jobs: Start of Job 6                               -
2025-07-11 13:44:54,214 - logging_setup - INFO - ------------------------------------------------------------------------------------
2025-07-11 13:44:54,215 - logging_setup - INFO - 

2025-07-11 13:44:54,215 - logging_setup - INFO - Re load Jobs - Creating empty dictionary
2025-07-11 13:44:54,215 - logging_setup - INFO - Re Load Failed Jobs: Skipping blank row at index 6
2025-07-11 13:44:54,216 - logging_setup - INFO - 

2025-07-11 13:44:54,216 - logging_setup - INFO - ------------------------------------------------------------------------------------
2025-07-11 13:44:54,216 - logging_setup - INFO - -                        Re Load Failed Jobs: Start of Job 7                               -
2025-07-11 13:44:54,216 - logging_setup - INFO - ------------------------------------------------------------------------------------
2025-07-11 13:44:54,217 - logging_setup - INFO - 

2025-07-11 13:44:54,217 - logging_setup - INFO - Re load Jobs - Creating empty dictionary
2025-07-11 13:44:54,217 - logging_setup - INFO - Re Load Failed Jobs: Skipping blank row at index 7
2025-07-11 13:44:54,218 - logging_setup - INFO - 

2025-07-11 13:44:54,218 - logging_setup - INFO - ------------------------------------------------------------------------------------
2025-07-11 13:44:54,218 - logging_setup - INFO - -                        Re Load Failed Jobs: Start of Job 8                               -
2025-07-11 13:44:54,219 - logging_setup - INFO - ------------------------------------------------------------------------------------
2025-07-11 13:44:54,219 - logging_setup - INFO - 

2025-07-11 13:44:54,219 - logging_setup - INFO - Re load Jobs - Creating empty dictionary
2025-07-11 13:44:54,219 - logging_setup - INFO - Re Load Failed Jobs: Skipping blank row at index 8
2025-07-11 13:44:54,220 - logging_setup - INFO - 

2025-07-11 13:44:54,220 - logging_setup - INFO - ------------------------------------------------------------------------------------
2025-07-11 13:44:54,220 - logging_setup - INFO - -                        Re Load Failed Jobs: Start of Job 9                               -
2025-07-11 13:44:54,221 - logging_setup - INFO - ------------------------------------------------------------------------------------
2025-07-11 13:44:54,221 - logging_setup - INFO - 

2025-07-11 13:44:54,221 - logging_setup - INFO - Re load Jobs - Creating empty dictionary
2025-07-11 13:44:54,222 - logging_setup - INFO - Re Load Failed Jobs: Skipping blank row at index 9
2025-07-11 13:44:54,222 - logging_setup - INFO - Main: Re-batching failed jobs for july_7.xlsx
2025-07-11 13:44:54,222 - logging_setup - INFO - 

2025-07-11 13:44:54,223 - logging_setup - INFO - ##########################################################################################################################
2025-07-11 13:44:54,223 - logging_setup - INFO - #
2025-07-11 13:44:54,223 - logging_setup - INFO - Batch AST: Batching Jobs with Multiprocessing...
2025-07-11 13:44:54,224 - logging_setup - INFO - #
2025-07-11 13:44:54,224 - logging_setup - INFO - ##########################################################################################################################
2025-07-11 13:44:54,224 - logging_setup - INFO - 

2025-07-11 13:44:54,224 - logging_setup - INFO - Batch Ast: Job Timeout set to 21600 seconds
2025-07-11 13:45:05,655 - logging_setup - INFO - Batch Ast: Starting job 0
2025-07-11 13:45:05,655 - logging_setup - INFO - 

2025-07-11 13:45:05,656 - logging_setup - INFO - Batch Ast Complete - Check separate worker log file for more details
2025-07-11 13:45:06,700 - logging_setup - INFO - Main: AST Factory for july_7.xlsx COMPLETE
