2025-07-11 09:55:23,697 - logging_setup - INFO - Logging set up
2025-07-11 09:55:24,817 - logging_setup - INFO - AST Toolbox imported successfully.
2025-07-11 09:55:24,829 - logging_setup - INFO - Secret file H:\secrets\bcgw.env found
2025-07-11 09:55:24,829 - logging_setup - INFO - Database user csostad and password found
2025-07-11 09:55:24,981 - root - INFO - Logger initialized
2025-07-11 09:55:25,821 - root - ERROR - Failed to import tools
Traceback (most recent call last):
  File "P:\corp\central_clones\python_geospatial\lib\site-packages\XTools Pro\esri\toolboxes\XTools Pro.pyt", line 95, in <module>
    from Tools.FeaturesToPointsTool import *
  File "E:\sw_nt\XTools\XTools AGP\Python\Tools\FeaturesToPointsTool.py", line 1, in <module>
    from Tools.BaseTool import BaseTool
  File "E:\sw_nt\XTools\XTools AGP\Python\Tools\BaseTool.py", line 7, in <module>
    from Scripts.Base.PythonCancelTracker import PythonCancelTracker
  File "E:\sw_nt\XTools\XTools AGP\Python\Scripts\Base\PythonCancelTracker.py", line 20, in <module>
    from XTools.XToolsAGP.Core import ICancelTracker
ModuleNotFoundError: No module named 'XTools'
2025-07-11 09:55:25,826 - root - ERROR - No module named 'XTools'
Traceback (most recent call last):
  File "P:\corp\central_clones\python_geospatial\lib\site-packages\XTools Pro\esri\toolboxes\XTools Pro.pyt", line 95, in <module>
    from Tools.FeaturesToPointsTool import *
  File "E:\sw_nt\XTools\XTools AGP\Python\Tools\FeaturesToPointsTool.py", line 1, in <module>
    from Tools.BaseTool import BaseTool
  File "E:\sw_nt\XTools\XTools AGP\Python\Tools\BaseTool.py", line 7, in <module>
    from Scripts.Base.PythonCancelTracker import PythonCancelTracker
  File "E:\sw_nt\XTools\XTools AGP\Python\Scripts\Base\PythonCancelTracker.py", line 20, in <module>
    from XTools.XToolsAGP.Core import ICancelTracker
ModuleNotFoundError: No module named 'XTools'
2025-07-11 09:55:41,085 - logging_setup - INFO - new db connection created
2025-07-11 09:55:41,504 - logging_setup - INFO - workspace set to bcgw connection
2025-07-11 09:55:41,505 - logging_setup - INFO - SDE Connection established at: \\spatialfiles.bcgov\work\srm\nel\Local\Geomatics\Workarea\csostad\GitHubAutoAST\gss_authorizations\autoast\auto_ast_v3_Breville_folium_maps\connection\bcgw.sde
2025-07-11 09:56:14,777 - logging_setup - INFO - List of excel file paths is: ['//spatialfiles.bcgov/work/srm/nel/Local/Geomatics/Workarea/csostad/Statusing/V3_alpha_test_1\\outputs\\jobs_1.xlsx']
2025-07-11 09:56:14,778 - logging_setup - INFO - Main: Creating queuefile path for //spatialfiles.bcgov/work/srm/nel/Local/Geomatics/Workarea/csostad/Statusing/V3_alpha_test_1\outputs\jobs_1.xlsx
2025-07-11 09:56:14,779 - logging_setup - INFO - Main: Loading jobs from //spatialfiles.bcgov/work/srm/nel/Local/Geomatics/Workarea/csostad/Statusing/V3_alpha_test_1\outputs\jobs_1.xlsx
2025-07-11 09:56:14,780 - logging_setup - INFO - ##########################################################################################################################
2025-07-11 09:56:14,780 - logging_setup - INFO - #
2025-07-11 09:56:14,780 - logging_setup - INFO - Loading Jobs...
2025-07-11 09:56:14,780 - logging_setup - INFO - #
2025-07-11 09:56:14,781 - logging_setup - INFO - ##########################################################################################################################
2025-07-11 09:56:14,799 - logging_setup - INFO - 

2025-07-11 09:56:14,800 - logging_setup - INFO - -------------------------------------------------------------------------------
2025-07-11 09:56:14,800 - logging_setup - INFO - -                        Load Jobs: Start of Job 0                               -
2025-07-11 09:56:14,800 - logging_setup - INFO - -------------------------------------------------------------------------------
2025-07-11 09:56:14,800 - logging_setup - INFO - 

2025-07-11 09:56:14,801 - logging_setup - INFO - Load Jobs - Creating empty dictionary
2025-07-11 09:56:14,801 - logging_setup - INFO - Load Jobs - (Queued assigned to Job (0) is (Queued)
2025-07-11 09:56:14,802 - logging_setup - INFO - 

2025-07-11 09:56:14,802 - logging_setup - INFO - ##########################################################################################################################
2025-07-11 09:56:14,802 - logging_setup - INFO - #
2025-07-11 09:56:14,803 - logging_setup - INFO - Running Add Job Results from Load Jobs Function
2025-07-11 09:56:14,803 - logging_setup - INFO - #
2025-07-11 09:56:14,803 - logging_setup - INFO - ##########################################################################################################################
2025-07-11 09:56:14,804 - logging_setup - INFO - 

2025-07-11 09:56:14,811 - logging_setup - INFO - Add Job Result - Workbook loaded
2025-07-11 09:56:14,812 - logging_setup - INFO - Add Job Result - 'ast_condition' column found in the spreadsheet.
2025-07-11 09:56:14,812 - logging_setup - INFO - Add Job Result - Calculated Excel row index as 2 for job index 0
2025-07-11 09:56:14,812 - logging_setup - INFO - Add Job Result - Updated Job 0 with condition 'Queued'.
2025-07-11 09:56:14,826 - logging_setup - INFO - Add Job Result - Saving Workbook with updated condition
2025-07-11 09:56:14,827 - logging_setup - INFO - Load Jobs - Added job condition 'Queued' for job 0 to jobs list
2025-07-11 09:56:14,827 - logging_setup - INFO - Classifying input type for job 0
2025-07-11 09:56:14,830 - logging_setup - INFO - Classifying Input Type - Feature layer found: //spatialfiles.bcgov/work/srm/nel/Local/Geomatics/Workarea/csostad/Statusing/V3_alpha_test_1\0132399_JOCKO CREEK LAND & TIMBER LTD\0132399.shp
2025-07-11 09:56:14,830 - logging_setup - INFO - Classifying Input Type - Processing feature layer: //spatialfiles.bcgov/work/srm/nel/Local/Geomatics/Workarea/csostad/Statusing/V3_alpha_test_1\0132399_JOCKO CREEK LAND & TIMBER LTD\0132399.shp
2025-07-11 09:56:14,831 - logging_setup - INFO - Classifying Input Type - No FW File Number provided, using original shapefile path
2025-07-11 09:56:14,831 - logging_setup - INFO - Load Jobs - Job Condition is not Complete (Queued), adding job: 0 to jobs list
2025-07-11 09:56:14,831 - logging_setup - INFO - 

2025-07-11 09:56:14,832 - logging_setup - INFO - -------------------------------------------------------------------------------
2025-07-11 09:56:14,832 - logging_setup - INFO - -                        End of Job 0                                -
2025-07-11 09:56:14,832 - logging_setup - INFO - -------------------------------------------------------------------------------
2025-07-11 09:56:14,833 - logging_setup - INFO - 

2025-07-11 09:56:14,833 - logging_setup - INFO - Main: Batching jobs for //spatialfiles.bcgov/work/srm/nel/Local/Geomatics/Workarea/csostad/Statusing/V3_alpha_test_1\outputs\jobs_1.xlsx
2025-07-11 09:56:14,833 - logging_setup - INFO - 

2025-07-11 09:56:14,834 - logging_setup - INFO - ##########################################################################################################################
2025-07-11 09:56:14,834 - logging_setup - INFO - #
2025-07-11 09:56:14,834 - logging_setup - INFO - Batch AST: Batching Jobs with Multiprocessing...
2025-07-11 09:56:14,835 - logging_setup - INFO - #
2025-07-11 09:56:14,835 - logging_setup - INFO - ##########################################################################################################################
2025-07-11 09:56:14,835 - logging_setup - INFO - 

2025-07-11 09:56:14,836 - logging_setup - INFO - Batch Ast: Job Timeout set to 21600 seconds
2025-07-11 09:56:27,173 - logging_setup - INFO - Batch Ast: Starting job 0
2025-07-11 09:56:27,200 - logging_setup - INFO - Batch Ast: Queued Job 0.....Multiproccessing started......
2025-07-11 10:14:17,137 - logging_setup - INFO - 

2025-07-11 10:14:17,138 - logging_setup - INFO - ##########################################################################################################################
2025-07-11 10:14:17,138 - logging_setup - INFO - #
2025-07-11 10:14:17,139 - logging_setup - INFO - Running Add Job Results from Load Jobs Function
2025-07-11 10:14:17,139 - logging_setup - INFO - #
2025-07-11 10:14:17,139 - logging_setup - INFO - ##########################################################################################################################
2025-07-11 10:14:17,140 - logging_setup - INFO - 

2025-07-11 10:14:17,149 - logging_setup - INFO - Add Job Result - Workbook loaded
2025-07-11 10:14:17,149 - logging_setup - INFO - Add Job Result - 'ast_condition' column found in the spreadsheet.
2025-07-11 10:14:17,150 - logging_setup - INFO - Add Job Result - Calculated Excel row index as 2 for job index 0
2025-07-11 10:14:17,150 - logging_setup - INFO - Add Job Result - Updated Job 0 with condition 'COMPLETE'.
2025-07-11 10:14:17,163 - logging_setup - INFO - Add Job Result - Saving Workbook with updated condition
2025-07-11 10:14:17,163 - logging_setup - INFO - Batch Ast: Job 0 completed successfully. Success counter is 1
2025-07-11 10:14:17,164 - logging_setup - INFO - 

2025-07-11 10:14:17,164 - logging_setup - INFO - Batch Ast Complete - Check separate worker log file for more details
2025-07-11 10:14:18,208 - logging_setup - INFO - Main: Reloading failed jobs for //spatialfiles.bcgov/work/srm/nel/Local/Geomatics/Workarea/csostad/Statusing/V3_alpha_test_1\outputs\jobs_1.xlsx
2025-07-11 10:14:18,209 - logging_setup - INFO - 

2025-07-11 10:14:18,209 - logging_setup - INFO - ##########################################################################################################################
2025-07-11 10:14:18,210 - logging_setup - INFO - #
2025-07-11 10:14:18,210 - logging_setup - INFO - Re loading Failed Jobs V2.....
2025-07-11 10:14:18,211 - logging_setup - INFO - #
2025-07-11 10:14:18,211 - logging_setup - INFO - ##########################################################################################################################
2025-07-11 10:14:18,211 - logging_setup - INFO - 

2025-07-11 10:14:18,221 - logging_setup - INFO - Re load Failed Jobs: Workbook loaded is <openpyxl.workbook.workbook.Workbook object at 0x000001F799AAAF50>
2025-07-11 10:14:18,222 - logging_setup - INFO - Re load Failed Jobs: Reading all data rows and building data list
2025-07-11 10:14:18,222 - logging_setup - INFO - Re load Failed Jobs: Iterating over each row of data
2025-07-11 10:14:18,223 - logging_setup - INFO - 

2025-07-11 10:14:18,223 - logging_setup - INFO - ------------------------------------------------------------------------------------
2025-07-11 10:14:18,223 - logging_setup - INFO - -                        Re Load Failed Jobs: Start of Job 0                               -
2025-07-11 10:14:18,223 - logging_setup - INFO - ------------------------------------------------------------------------------------
2025-07-11 10:14:18,224 - logging_setup - INFO - 

2025-07-11 10:14:18,224 - logging_setup - INFO - Re load Jobs - Creating empty dictionary
2025-07-11 10:14:18,226 - logging_setup - INFO - Re Load Failed Jobs: Adding Complete to dictionary Skipping job 0 as it is marked COMPLETE.
2025-07-11 10:14:18,226 - logging_setup - INFO - Re Load Failed Jobs: Job 0's ast condition has been updated as 'COMPLETE'
2025-07-11 10:14:18,226 - logging_setup - INFO - 

2025-07-11 10:14:18,227 - logging_setup - INFO - ##########################################################################################################################
2025-07-11 10:14:18,227 - logging_setup - INFO - #
2025-07-11 10:14:18,227 - logging_setup - INFO - Running Add Job Results from Load Jobs Function
2025-07-11 10:14:18,228 - logging_setup - INFO - #
2025-07-11 10:14:18,228 - logging_setup - INFO - ##########################################################################################################################
2025-07-11 10:14:18,228 - logging_setup - INFO - 

2025-07-11 10:14:18,237 - logging_setup - INFO - Add Job Result - Workbook loaded
2025-07-11 10:14:18,237 - logging_setup - INFO - Add Job Result - 'ast_condition' column found in the spreadsheet.
2025-07-11 10:14:18,238 - logging_setup - INFO - Add Job Result - Calculated Excel row index as 2 for job index 0
2025-07-11 10:14:18,238 - logging_setup - INFO - Add Job Result - Updated Job 0 with condition 'COMPLETE'.
2025-07-11 10:14:18,250 - logging_setup - INFO - Add Job Result - Saving Workbook with updated condition
2025-07-11 10:14:18,251 - logging_setup - INFO - Re load Jobs - Added job condition 'COMPLETE' for job 0 to jobs list
2025-07-11 10:14:18,251 - logging_setup - INFO - Reload Failed Jobs - Saving Job Index (0) with new condition.
2025-07-11 10:14:18,263 - logging_setup - INFO - Re load Jobs - Job Condition is not Complete (COMPLETE), adding job: 0 to jobs list
2025-07-11 10:14:18,264 - logging_setup - INFO - 

2025-07-11 10:14:18,264 - logging_setup - INFO - ------------------------------------------------------------------------------------
2025-07-11 10:14:18,264 - logging_setup - INFO -  Job list is {'region': 'Thompson_Okanagan', 'feature_layer': '//spatialfiles.bcgov/work/srm/nel/Local/Geomatics/Workarea/csostad/Statusing/V3_alpha_test_1\\0132399_JOCKO CREEK LAND & TIMBER LTD\\0132399.shp', 'crown_file_number': '', 'disposition_number': '', 'parcel_number': '', 'output_directory': '//spatialfiles.bcgov/work/srm/nel/Local/Geomatics/Workarea/csostad/Statusing/V3_alpha_test_1\\outputs\\0132399_JOCKO CREEK LAND & TIMBER LTD', 'output_directory_same_as_input': 'false', 'dont_overwrite_outputs': 'false', 'skip_conflicts_and_constraints': 'false', 'suppress_map_creation': 'false', 'add_maps_to_current': 'false', 'run_as_fcbc': 'true', 'ast_condition': 'COMPLETE', 'file_number': ''}
2025-07-11 10:14:18,265 - logging_setup - INFO - ------------------------------------------------------------------------------------
2025-07-11 10:14:18,265 - logging_setup - INFO - 

2025-07-11 10:14:18,266 - logging_setup - INFO - Re load Jobs - Job 0 dictionary is {'region': 'Thompson_Okanagan', 'feature_layer': '//spatialfiles.bcgov/work/srm/nel/Local/Geomatics/Workarea/csostad/Statusing/V3_alpha_test_1\\0132399_JOCKO CREEK LAND & TIMBER LTD\\0132399.shp', 'crown_file_number': '', 'disposition_number': '', 'parcel_number': '', 'output_directory': '//spatialfiles.bcgov/work/srm/nel/Local/Geomatics/Workarea/csostad/Statusing/V3_alpha_test_1\\outputs\\0132399_JOCKO CREEK LAND & TIMBER LTD', 'output_directory_same_as_input': 'false', 'dont_overwrite_outputs': 'false', 'skip_conflicts_and_constraints': 'false', 'suppress_map_creation': 'false', 'add_maps_to_current': 'false', 'run_as_fcbc': 'true', 'ast_condition': 'COMPLETE', 'file_number': ''}
2025-07-11 10:14:18,266 - logging_setup - INFO - Main: Re-batching failed jobs for //spatialfiles.bcgov/work/srm/nel/Local/Geomatics/Workarea/csostad/Statusing/V3_alpha_test_1\outputs\jobs_1.xlsx
2025-07-11 10:14:18,266 - logging_setup - INFO - 

2025-07-11 10:14:18,267 - logging_setup - INFO - ##########################################################################################################################
2025-07-11 10:14:18,267 - logging_setup - INFO - #
2025-07-11 10:14:18,267 - logging_setup - INFO - Batch AST: Batching Jobs with Multiprocessing...
2025-07-11 10:14:18,267 - logging_setup - INFO - #
2025-07-11 10:14:18,268 - logging_setup - INFO - ##########################################################################################################################
2025-07-11 10:14:18,268 - logging_setup - INFO - 

2025-07-11 10:14:18,268 - logging_setup - INFO - Batch Ast: Job Timeout set to 21600 seconds
2025-07-11 10:14:31,038 - logging_setup - INFO - Batch Ast: Starting job 0
2025-07-11 10:14:31,039 - logging_setup - INFO - 

2025-07-11 10:14:31,039 - logging_setup - INFO - Batch Ast Complete - Check separate worker log file for more details
2025-07-11 10:14:32,085 - logging_setup - INFO - Main: AST Factory for //spatialfiles.bcgov/work/srm/nel/Local/Geomatics/Workarea/csostad/Statusing/V3_alpha_test_1\outputs\jobs_1.xlsx COMPLETE
