2025-07-16 10:00:03,080 - logging_setup - INFO - Logging set up
2025-07-16 10:00:04,308 - logging_setup - INFO - AST Toolbox imported successfully.
2025-07-16 10:00:04,320 - logging_setup - INFO - Secret file H:\secrets\bcgw.env found
2025-07-16 10:00:04,321 - logging_setup - INFO - Database user csostad and password found
2025-07-16 10:00:04,322 - logging_setup - INFO - Connection folder not found, creating new connection folder
2025-07-16 10:00:04,465 - root - INFO - Logger initialized
2025-07-16 10:00:05,298 - root - ERROR - Failed to import tools
Traceback (most recent call last):
  File "P:\corp\central_clones\python_geopandas\lib\site-packages\XTools Pro\esri\toolboxes\XTools Pro.pyt", line 95, in <module>
    from Tools.FeaturesToPointsTool import *
  File "E:\sw_nt\XTools\XTools AGP\Python\Tools\FeaturesToPointsTool.py", line 1, in <module>
    from Tools.BaseTool import BaseTool
  File "E:\sw_nt\XTools\XTools AGP\Python\Tools\BaseTool.py", line 7, in <module>
    from Scripts.Base.PythonCancelTracker import PythonCancelTracker
  File "E:\sw_nt\XTools\XTools AGP\Python\Scripts\Base\PythonCancelTracker.py", line 20, in <module>
    from XTools.XToolsAGP.Core import ICancelTracker
ModuleNotFoundError: No module named 'XTools'
2025-07-16 10:00:05,305 - root - ERROR - No module named 'XTools'
Traceback (most recent call last):
  File "P:\corp\central_clones\python_geopandas\lib\site-packages\XTools Pro\esri\toolboxes\XTools Pro.pyt", line 95, in <module>
    from Tools.FeaturesToPointsTool import *
  File "E:\sw_nt\XTools\XTools AGP\Python\Tools\FeaturesToPointsTool.py", line 1, in <module>
    from Tools.BaseTool import BaseTool
  File "E:\sw_nt\XTools\XTools AGP\Python\Tools\BaseTool.py", line 7, in <module>
    from Scripts.Base.PythonCancelTracker import PythonCancelTracker
  File "E:\sw_nt\XTools\XTools AGP\Python\Scripts\Base\PythonCancelTracker.py", line 20, in <module>
    from XTools.XToolsAGP.Core import ICancelTracker
ModuleNotFoundError: No module named 'XTools'
2025-07-16 10:00:22,082 - logging_setup - INFO - new db connection created
2025-07-16 10:00:22,110 - logging_setup - INFO - workspace set to bcgw connection
2025-07-16 10:00:22,111 - logging_setup - INFO - SDE Connection established at: C:\Users\CSOSTAD\Desktop\batch_ast_v3_alpha\connection\bcgw.sde
2025-07-16 10:00:22,111 - logging_setup - INFO - Main: Creating queuefile path for jobs_1_v2_backslashes.xlsx
2025-07-16 10:00:22,112 - logging_setup - INFO - Main: Loading jobs from jobs_1_v2_backslashes.xlsx
2025-07-16 10:00:22,112 - logging_setup - INFO - ##########################################################################################################################
2025-07-16 10:00:22,112 - logging_setup - INFO - #
2025-07-16 10:00:22,112 - logging_setup - INFO - Loading Jobs...
2025-07-16 10:00:22,112 - logging_setup - INFO - #
2025-07-16 10:00:22,113 - logging_setup - INFO - ##########################################################################################################################
2025-07-16 10:00:22,127 - logging_setup - INFO - 

2025-07-16 10:00:22,127 - logging_setup - INFO - -------------------------------------------------------------------------------
2025-07-16 10:00:22,127 - logging_setup - INFO - -                        Load Jobs: Start of Job 0                               -
2025-07-16 10:00:22,127 - logging_setup - INFO - -------------------------------------------------------------------------------
2025-07-16 10:00:22,127 - logging_setup - INFO - 

2025-07-16 10:00:22,127 - logging_setup - INFO - Load Jobs - Creating empty dictionary
2025-07-16 10:00:22,127 - logging_setup - INFO - Load Jobs - (Queued assigned to Job (0) is (Queued)
2025-07-16 10:00:22,128 - logging_setup - INFO - 

2025-07-16 10:00:22,128 - logging_setup - INFO - ##########################################################################################################################
2025-07-16 10:00:22,128 - logging_setup - INFO - #
2025-07-16 10:00:22,128 - logging_setup - INFO - Running Add Job Results from Load Jobs Function
2025-07-16 10:00:22,129 - logging_setup - INFO - #
2025-07-16 10:00:22,129 - logging_setup - INFO - ##########################################################################################################################
2025-07-16 10:00:22,129 - logging_setup - INFO - 

2025-07-16 10:00:22,138 - logging_setup - INFO - Add Job Result - Workbook loaded
2025-07-16 10:00:22,138 - logging_setup - INFO - Add Job Result - 'ast_condition' column found in the spreadsheet.
2025-07-16 10:00:22,139 - logging_setup - INFO - Add Job Result - Calculated Excel row index as 2 for job index 0
2025-07-16 10:00:22,139 - logging_setup - INFO - Add Job Result - Updated Job 0 with condition 'Queued'.
2025-07-16 10:00:22,157 - logging_setup - INFO - Add Job Result - Saving Workbook with updated condition
2025-07-16 10:00:22,157 - logging_setup - INFO - Load Jobs - Added job condition 'Queued' for job 0 to jobs list
2025-07-16 10:00:22,157 - logging_setup - INFO - Classifying input type for job 0
2025-07-16 10:00:22,158 - logging_setup - INFO - Classifying Input Type - Feature layer found: \\spatialfiles.bcgov\work\srm\nel\Local\Geomatics\Workarea\csostad\Statusing\v3 4 JOBS\632\632.shp
2025-07-16 10:00:22,158 - logging_setup - INFO - Classifying Input Type - Processing feature layer: \\spatialfiles.bcgov\work\srm\nel\Local\Geomatics\Workarea\csostad\Statusing\v3 4 JOBS\632\632.shp
2025-07-16 10:00:22,158 - logging_setup - INFO - Classifying Input Type - No FW File Number provided, using original shapefile path
2025-07-16 10:00:22,158 - logging_setup - INFO - Load Jobs - Job Condition is not Complete (Queued), adding job: 0 to jobs list
2025-07-16 10:00:22,158 - logging_setup - INFO - 

2025-07-16 10:00:22,159 - logging_setup - INFO - -------------------------------------------------------------------------------
2025-07-16 10:00:22,159 - logging_setup - INFO - -                        End of Job 0                                -
2025-07-16 10:00:22,159 - logging_setup - INFO - -------------------------------------------------------------------------------
2025-07-16 10:00:22,159 - logging_setup - INFO - 

2025-07-16 10:00:22,159 - logging_setup - INFO - 

2025-07-16 10:00:22,159 - logging_setup - INFO - -------------------------------------------------------------------------------
2025-07-16 10:00:22,159 - logging_setup - INFO - -                        Load Jobs: Start of Job 1                               -
2025-07-16 10:00:22,159 - logging_setup - INFO - -------------------------------------------------------------------------------
2025-07-16 10:00:22,159 - logging_setup - INFO - 

2025-07-16 10:00:22,159 - logging_setup - INFO - Load Jobs - Creating empty dictionary
2025-07-16 10:00:22,160 - logging_setup - INFO - Load Jobs - (Queued assigned to Job (1) is (Queued)
2025-07-16 10:00:22,160 - logging_setup - INFO - 

2025-07-16 10:00:22,160 - logging_setup - INFO - ##########################################################################################################################
2025-07-16 10:00:22,160 - logging_setup - INFO - #
2025-07-16 10:00:22,160 - logging_setup - INFO - Running Add Job Results from Load Jobs Function
2025-07-16 10:00:22,160 - logging_setup - INFO - #
2025-07-16 10:00:22,160 - logging_setup - INFO - ##########################################################################################################################
2025-07-16 10:00:22,160 - logging_setup - INFO - 

2025-07-16 10:00:22,170 - logging_setup - INFO - Add Job Result - Workbook loaded
2025-07-16 10:00:22,170 - logging_setup - INFO - Add Job Result - 'ast_condition' column found in the spreadsheet.
2025-07-16 10:00:22,170 - logging_setup - INFO - Add Job Result - Calculated Excel row index as 3 for job index 1
2025-07-16 10:00:22,170 - logging_setup - INFO - Add Job Result - Updated Job 1 with condition 'Queued'.
2025-07-16 10:00:22,185 - logging_setup - INFO - Add Job Result - Saving Workbook with updated condition
2025-07-16 10:00:22,185 - logging_setup - INFO - Load Jobs - Added job condition 'Queued' for job 1 to jobs list
2025-07-16 10:00:22,185 - logging_setup - INFO - Classifying input type for job 1
2025-07-16 10:00:22,186 - logging_setup - INFO - Classifying Input Type - Feature layer found: \\spatialfiles.bcgov\work\srm\nel\Local\Geomatics\Workarea\csostad\Statusing\v3 4 JOBS\634\634.shp
2025-07-16 10:00:22,186 - logging_setup - INFO - Classifying Input Type - Processing feature layer: \\spatialfiles.bcgov\work\srm\nel\Local\Geomatics\Workarea\csostad\Statusing\v3 4 JOBS\634\634.shp
2025-07-16 10:00:22,186 - logging_setup - INFO - Classifying Input Type - No FW File Number provided, using original shapefile path
2025-07-16 10:00:22,186 - logging_setup - INFO - Load Jobs - Job Condition is not Complete (Queued), adding job: 1 to jobs list
2025-07-16 10:00:22,187 - logging_setup - INFO - 

2025-07-16 10:00:22,187 - logging_setup - INFO - -------------------------------------------------------------------------------
2025-07-16 10:00:22,187 - logging_setup - INFO - -                        End of Job 1                                -
2025-07-16 10:00:22,187 - logging_setup - INFO - -------------------------------------------------------------------------------
2025-07-16 10:00:22,187 - logging_setup - INFO - 

2025-07-16 10:00:22,187 - logging_setup - INFO - 

2025-07-16 10:00:22,187 - logging_setup - INFO - -------------------------------------------------------------------------------
2025-07-16 10:00:22,187 - logging_setup - INFO - -                        Load Jobs: Start of Job 2                               -
2025-07-16 10:00:22,187 - logging_setup - INFO - -------------------------------------------------------------------------------
2025-07-16 10:00:22,187 - logging_setup - INFO - 

2025-07-16 10:00:22,187 - logging_setup - INFO - Load Jobs - Creating empty dictionary
2025-07-16 10:00:22,188 - logging_setup - INFO - Load Jobs - (Queued assigned to Job (2) is (Queued)
2025-07-16 10:00:22,188 - logging_setup - INFO - 

2025-07-16 10:00:22,188 - logging_setup - INFO - ##########################################################################################################################
2025-07-16 10:00:22,188 - logging_setup - INFO - #
2025-07-16 10:00:22,188 - logging_setup - INFO - Running Add Job Results from Load Jobs Function
2025-07-16 10:00:22,188 - logging_setup - INFO - #
2025-07-16 10:00:22,188 - logging_setup - INFO - ##########################################################################################################################
2025-07-16 10:00:22,188 - logging_setup - INFO - 

2025-07-16 10:00:22,197 - logging_setup - INFO - Add Job Result - Workbook loaded
2025-07-16 10:00:22,198 - logging_setup - INFO - Add Job Result - 'ast_condition' column found in the spreadsheet.
2025-07-16 10:00:22,198 - logging_setup - INFO - Add Job Result - Calculated Excel row index as 4 for job index 2
2025-07-16 10:00:22,198 - logging_setup - INFO - Add Job Result - Updated Job 2 with condition 'Queued'.
2025-07-16 10:00:22,212 - logging_setup - INFO - Add Job Result - Saving Workbook with updated condition
2025-07-16 10:00:22,212 - logging_setup - INFO - Load Jobs - Added job condition 'Queued' for job 2 to jobs list
2025-07-16 10:00:22,212 - logging_setup - INFO - Classifying input type for job 2
2025-07-16 10:00:22,213 - logging_setup - INFO - Classifying Input Type - Feature layer found: \\spatialfiles.bcgov\work\srm\nel\Local\Geomatics\Workarea\csostad\Statusing\v3 4 JOBS\635\635.shp
2025-07-16 10:00:22,213 - logging_setup - INFO - Classifying Input Type - Processing feature layer: \\spatialfiles.bcgov\work\srm\nel\Local\Geomatics\Workarea\csostad\Statusing\v3 4 JOBS\635\635.shp
2025-07-16 10:00:22,213 - logging_setup - INFO - Classifying Input Type - No FW File Number provided, using original shapefile path
2025-07-16 10:00:22,213 - logging_setup - INFO - Load Jobs - Job Condition is not Complete (Queued), adding job: 2 to jobs list
2025-07-16 10:00:22,214 - logging_setup - INFO - 

2025-07-16 10:00:22,214 - logging_setup - INFO - -------------------------------------------------------------------------------
2025-07-16 10:00:22,214 - logging_setup - INFO - -                        End of Job 2                                -
2025-07-16 10:00:22,214 - logging_setup - INFO - -------------------------------------------------------------------------------
2025-07-16 10:00:22,214 - logging_setup - INFO - 

2025-07-16 10:00:22,214 - logging_setup - INFO - 

2025-07-16 10:00:22,214 - logging_setup - INFO - -------------------------------------------------------------------------------
2025-07-16 10:00:22,214 - logging_setup - INFO - -                        Load Jobs: Start of Job 3                               -
2025-07-16 10:00:22,214 - logging_setup - INFO - -------------------------------------------------------------------------------
2025-07-16 10:00:22,214 - logging_setup - INFO - 

2025-07-16 10:00:22,215 - logging_setup - INFO - Load Jobs - Creating empty dictionary
2025-07-16 10:00:22,215 - logging_setup - INFO - Load Jobs - (Queued assigned to Job (3) is (Queued)
2025-07-16 10:00:22,215 - logging_setup - INFO - 

2025-07-16 10:00:22,215 - logging_setup - INFO - ##########################################################################################################################
2025-07-16 10:00:22,215 - logging_setup - INFO - #
2025-07-16 10:00:22,215 - logging_setup - INFO - Running Add Job Results from Load Jobs Function
2025-07-16 10:00:22,215 - logging_setup - INFO - #
2025-07-16 10:00:22,215 - logging_setup - INFO - ##########################################################################################################################
2025-07-16 10:00:22,215 - logging_setup - INFO - 

2025-07-16 10:00:22,225 - logging_setup - INFO - Add Job Result - Workbook loaded
2025-07-16 10:00:22,225 - logging_setup - INFO - Add Job Result - 'ast_condition' column found in the spreadsheet.
2025-07-16 10:00:22,225 - logging_setup - INFO - Add Job Result - Calculated Excel row index as 5 for job index 3
2025-07-16 10:00:22,225 - logging_setup - INFO - Add Job Result - Updated Job 3 with condition 'Queued'.
2025-07-16 10:00:22,244 - logging_setup - INFO - Add Job Result - Saving Workbook with updated condition
2025-07-16 10:00:22,245 - logging_setup - INFO - Load Jobs - Added job condition 'Queued' for job 3 to jobs list
2025-07-16 10:00:22,245 - logging_setup - INFO - Classifying input type for job 3
2025-07-16 10:00:22,245 - logging_setup - INFO - Classifying Input Type - Feature layer found: \\spatialfiles.bcgov\work\srm\nel\Local\Geomatics\Workarea\csostad\Statusing\v3 4 JOBS\636\636.shp
2025-07-16 10:00:22,246 - logging_setup - INFO - Classifying Input Type - Processing feature layer: \\spatialfiles.bcgov\work\srm\nel\Local\Geomatics\Workarea\csostad\Statusing\v3 4 JOBS\636\636.shp
2025-07-16 10:00:22,246 - logging_setup - INFO - Classifying Input Type - No FW File Number provided, using original shapefile path
2025-07-16 10:00:22,246 - logging_setup - INFO - Load Jobs - Job Condition is not Complete (Queued), adding job: 3 to jobs list
2025-07-16 10:00:22,246 - logging_setup - INFO - 

2025-07-16 10:00:22,246 - logging_setup - INFO - -------------------------------------------------------------------------------
2025-07-16 10:00:22,247 - logging_setup - INFO - -                        End of Job 3                                -
2025-07-16 10:00:22,247 - logging_setup - INFO - -------------------------------------------------------------------------------
2025-07-16 10:00:22,247 - logging_setup - INFO - 

2025-07-16 10:00:22,247 - logging_setup - INFO - Main: Batching jobs for jobs_1_v2_backslashes.xlsx
2025-07-16 10:00:22,247 - logging_setup - INFO - 

2025-07-16 10:00:22,247 - logging_setup - INFO - ##########################################################################################################################
2025-07-16 10:00:22,247 - logging_setup - INFO - #
2025-07-16 10:00:22,247 - logging_setup - INFO - Batch AST: Batching Jobs with Multiprocessing...
2025-07-16 10:00:22,248 - logging_setup - INFO - #
2025-07-16 10:00:22,248 - logging_setup - INFO - ##########################################################################################################################
2025-07-16 10:00:22,248 - logging_setup - INFO - 

2025-07-16 10:00:22,248 - logging_setup - INFO - Batch Ast: Job Timeout set to 21600 seconds
2025-07-16 10:00:34,401 - logging_setup - INFO - Batch Ast: Starting job 0
2025-07-16 10:00:34,432 - logging_setup - INFO - Batch Ast: Queued Job 0.....Multiproccessing started......
2025-07-16 10:00:34,432 - logging_setup - INFO - Batch Ast: Starting job 1
2025-07-16 10:00:34,457 - logging_setup - INFO - Batch Ast: Queued Job 1.....Multiproccessing started......
2025-07-16 10:00:34,457 - logging_setup - INFO - Batch Ast: Starting job 2
2025-07-16 10:00:34,481 - logging_setup - INFO - Batch Ast: Queued Job 2.....Multiproccessing started......
2025-07-16 10:00:34,482 - logging_setup - INFO - Batch Ast: Starting job 3
2025-07-16 10:00:34,503 - logging_setup - INFO - Batch Ast: Queued Job 3.....Multiproccessing started......
2025-07-16 11:06:45,066 - logging_setup - INFO - 

2025-07-16 11:06:45,066 - logging_setup - INFO - ##########################################################################################################################
2025-07-16 11:06:45,066 - logging_setup - INFO - #
2025-07-16 11:06:45,066 - logging_setup - INFO - Running Add Job Results from Load Jobs Function
2025-07-16 11:06:45,067 - logging_setup - INFO - #
2025-07-16 11:06:45,067 - logging_setup - INFO - ##########################################################################################################################
2025-07-16 11:06:45,067 - logging_setup - INFO - 

2025-07-16 11:06:45,078 - logging_setup - INFO - Add Job Result - Workbook loaded
2025-07-16 11:06:45,079 - logging_setup - INFO - Add Job Result - 'ast_condition' column found in the spreadsheet.
2025-07-16 11:06:45,079 - logging_setup - INFO - Add Job Result - Calculated Excel row index as 2 for job index 0
2025-07-16 11:06:45,079 - logging_setup - INFO - Add Job Result - Updated Job 0 with condition 'COMPLETE'.
2025-07-16 11:06:45,093 - logging_setup - INFO - Add Job Result - Saving Workbook with updated condition
2025-07-16 11:06:45,094 - logging_setup - INFO - Batch Ast: Job 0 completed successfully. Success counter is 1
2025-07-16 11:06:49,382 - logging_setup - INFO - 

2025-07-16 11:06:49,382 - logging_setup - INFO - ##########################################################################################################################
2025-07-16 11:06:49,382 - logging_setup - INFO - #
2025-07-16 11:06:49,382 - logging_setup - INFO - Running Add Job Results from Load Jobs Function
2025-07-16 11:06:49,382 - logging_setup - INFO - #
2025-07-16 11:06:49,382 - logging_setup - INFO - ##########################################################################################################################
2025-07-16 11:06:49,383 - logging_setup - INFO - 

2025-07-16 11:06:49,391 - logging_setup - INFO - Add Job Result - Workbook loaded
2025-07-16 11:06:49,392 - logging_setup - INFO - Add Job Result - 'ast_condition' column found in the spreadsheet.
2025-07-16 11:06:49,392 - logging_setup - INFO - Add Job Result - Calculated Excel row index as 3 for job index 1
2025-07-16 11:06:49,392 - logging_setup - INFO - Add Job Result - Updated Job 1 with condition 'COMPLETE'.
2025-07-16 11:06:49,404 - logging_setup - INFO - Add Job Result - Saving Workbook with updated condition
2025-07-16 11:06:49,405 - logging_setup - INFO - Batch Ast: Job 1 completed successfully. Success counter is 2
2025-07-16 11:06:49,406 - logging_setup - INFO - 

2025-07-16 11:06:49,406 - logging_setup - INFO - ##########################################################################################################################
2025-07-16 11:06:49,406 - logging_setup - INFO - #
2025-07-16 11:06:49,406 - logging_setup - INFO - Running Add Job Results from Load Jobs Function
2025-07-16 11:06:49,406 - logging_setup - INFO - #
2025-07-16 11:06:49,406 - logging_setup - INFO - ##########################################################################################################################
2025-07-16 11:06:49,406 - logging_setup - INFO - 

2025-07-16 11:06:49,415 - logging_setup - INFO - Add Job Result - Workbook loaded
2025-07-16 11:06:49,415 - logging_setup - INFO - Add Job Result - 'ast_condition' column found in the spreadsheet.
2025-07-16 11:06:49,415 - logging_setup - INFO - Add Job Result - Calculated Excel row index as 4 for job index 2
2025-07-16 11:06:49,415 - logging_setup - INFO - Add Job Result - Updated Job 2 with condition 'COMPLETE'.
2025-07-16 11:06:49,428 - logging_setup - INFO - Add Job Result - Saving Workbook with updated condition
2025-07-16 11:06:49,428 - logging_setup - INFO - Batch Ast: Job 2 completed successfully. Success counter is 3
2025-07-16 11:06:49,429 - logging_setup - INFO - 

2025-07-16 11:06:49,429 - logging_setup - INFO - ##########################################################################################################################
2025-07-16 11:06:49,429 - logging_setup - INFO - #
2025-07-16 11:06:49,429 - logging_setup - INFO - Running Add Job Results from Load Jobs Function
2025-07-16 11:06:49,429 - logging_setup - INFO - #
2025-07-16 11:06:49,429 - logging_setup - INFO - ##########################################################################################################################
2025-07-16 11:06:49,429 - logging_setup - INFO - 

2025-07-16 11:06:49,440 - logging_setup - INFO - Add Job Result - Workbook loaded
2025-07-16 11:06:49,440 - logging_setup - INFO - Add Job Result - 'ast_condition' column found in the spreadsheet.
2025-07-16 11:06:49,440 - logging_setup - INFO - Add Job Result - Calculated Excel row index as 5 for job index 3
2025-07-16 11:06:49,440 - logging_setup - INFO - Add Job Result - Updated Job 3 with condition 'COMPLETE'.
2025-07-16 11:06:49,453 - logging_setup - INFO - Add Job Result - Saving Workbook with updated condition
2025-07-16 11:06:49,453 - logging_setup - INFO - Batch Ast: Job 3 completed successfully. Success counter is 4
2025-07-16 11:06:49,453 - logging_setup - INFO - 

2025-07-16 11:06:49,454 - logging_setup - INFO - Batch Ast Complete - Check separate worker log file for more details
2025-07-16 11:06:50,498 - logging_setup - INFO - Main: Reloading failed jobs for jobs_1_v2_backslashes.xlsx
2025-07-16 11:06:50,499 - logging_setup - INFO - 

2025-07-16 11:06:50,499 - logging_setup - INFO - ##########################################################################################################################
2025-07-16 11:06:50,499 - logging_setup - INFO - #
2025-07-16 11:06:50,499 - logging_setup - INFO - Re loading Failed Jobs V2.....
2025-07-16 11:06:50,499 - logging_setup - INFO - #
2025-07-16 11:06:50,499 - logging_setup - INFO - ##########################################################################################################################
2025-07-16 11:06:50,499 - logging_setup - INFO - 

2025-07-16 11:06:50,510 - logging_setup - INFO - Re load Failed Jobs: Workbook loaded is <openpyxl.workbook.workbook.Workbook object at 0x000001F5A8DAC350>
2025-07-16 11:06:50,511 - logging_setup - INFO - Re load Failed Jobs: Reading all data rows and building data list
2025-07-16 11:06:50,511 - logging_setup - INFO - Re load Failed Jobs: Iterating over each row of data
2025-07-16 11:06:50,511 - logging_setup - INFO - 

2025-07-16 11:06:50,511 - logging_setup - INFO - ------------------------------------------------------------------------------------
2025-07-16 11:06:50,512 - logging_setup - INFO - -                        Re Load Failed Jobs: Start of Job 0                               -
2025-07-16 11:06:50,512 - logging_setup - INFO - ------------------------------------------------------------------------------------
2025-07-16 11:06:50,512 - logging_setup - INFO - 

2025-07-16 11:06:50,512 - logging_setup - INFO - Re load Jobs - Creating empty dictionary
2025-07-16 11:06:50,513 - logging_setup - INFO - Re Load Failed Jobs: Adding Complete to dictionary Skipping job 0 as it is marked COMPLETE.
2025-07-16 11:06:50,513 - logging_setup - INFO - Re Load Failed Jobs: Job 0's ast condition has been updated as 'COMPLETE'
2025-07-16 11:06:50,513 - logging_setup - INFO - 

2025-07-16 11:06:50,513 - logging_setup - INFO - ##########################################################################################################################
2025-07-16 11:06:50,514 - logging_setup - INFO - #
2025-07-16 11:06:50,514 - logging_setup - INFO - Running Add Job Results from Load Jobs Function
2025-07-16 11:06:50,514 - logging_setup - INFO - #
2025-07-16 11:06:50,514 - logging_setup - INFO - ##########################################################################################################################
2025-07-16 11:06:50,514 - logging_setup - INFO - 

2025-07-16 11:06:50,522 - logging_setup - INFO - Add Job Result - Workbook loaded
2025-07-16 11:06:50,523 - logging_setup - INFO - Add Job Result - 'ast_condition' column found in the spreadsheet.
2025-07-16 11:06:50,523 - logging_setup - INFO - Add Job Result - Calculated Excel row index as 2 for job index 0
2025-07-16 11:06:50,523 - logging_setup - INFO - Add Job Result - Updated Job 0 with condition 'COMPLETE'.
2025-07-16 11:06:50,537 - logging_setup - INFO - Add Job Result - Saving Workbook with updated condition
2025-07-16 11:06:50,537 - logging_setup - INFO - Re load Jobs - Added job condition 'COMPLETE' for job 0 to jobs list
2025-07-16 11:06:50,537 - logging_setup - INFO - Reload Failed Jobs - Saving Job Index (0) with new condition.
2025-07-16 11:06:50,562 - logging_setup - INFO - Re load Jobs - Job Condition is not Complete (COMPLETE), adding job: 0 to jobs list
2025-07-16 11:06:50,562 - logging_setup - INFO - 

2025-07-16 11:06:50,562 - logging_setup - INFO - ------------------------------------------------------------------------------------
2025-07-16 11:06:50,562 - logging_setup - INFO -  Job list is {'region': 'South_Coast', 'feature_layer': '\\\\spatialfiles.bcgov\\work\\srm\\nel\\Local\\Geomatics\\Workarea\\csostad\\Statusing\\v3 4 JOBS\\632\\632.shp', 'crown_file_number': '', 'disposition_number': '', 'parcel_number': '', 'output_directory': '\\\\spatialfiles.bcgov\\work\\srm\\nel\\Local\\Geomatics\\Workarea\\csostad\\Statusing\\v3 4 JOBS\\outputs\\632', 'output_directory_same_as_input': 'false', 'dont_overwrite_outputs': 'false', 'skip_conflicts_and_constraints': 'false', 'suppress_map_creation': 'false', 'add_maps_to_current': 'false', 'run_as_fcbc': 'true', 'ast_condition': 'COMPLETE', 'file_number': ''}
2025-07-16 11:06:50,562 - logging_setup - INFO - ------------------------------------------------------------------------------------
2025-07-16 11:06:50,562 - logging_setup - INFO - 

2025-07-16 11:06:50,563 - logging_setup - INFO - Re load Jobs - Job 0 dictionary is {'region': 'South_Coast', 'feature_layer': '\\\\spatialfiles.bcgov\\work\\srm\\nel\\Local\\Geomatics\\Workarea\\csostad\\Statusing\\v3 4 JOBS\\632\\632.shp', 'crown_file_number': '', 'disposition_number': '', 'parcel_number': '', 'output_directory': '\\\\spatialfiles.bcgov\\work\\srm\\nel\\Local\\Geomatics\\Workarea\\csostad\\Statusing\\v3 4 JOBS\\outputs\\632', 'output_directory_same_as_input': 'false', 'dont_overwrite_outputs': 'false', 'skip_conflicts_and_constraints': 'false', 'suppress_map_creation': 'false', 'add_maps_to_current': 'false', 'run_as_fcbc': 'true', 'ast_condition': 'COMPLETE', 'file_number': ''}
2025-07-16 11:06:50,563 - logging_setup - INFO - 

2025-07-16 11:06:50,563 - logging_setup - INFO - ------------------------------------------------------------------------------------
2025-07-16 11:06:50,563 - logging_setup - INFO - -                        Re Load Failed Jobs: Start of Job 1                               -
2025-07-16 11:06:50,563 - logging_setup - INFO - ------------------------------------------------------------------------------------
2025-07-16 11:06:50,563 - logging_setup - INFO - 

2025-07-16 11:06:50,563 - logging_setup - INFO - Re load Jobs - Creating empty dictionary
2025-07-16 11:06:50,565 - logging_setup - INFO - Re Load Failed Jobs: Adding Complete to dictionary Skipping job 1 as it is marked COMPLETE.
2025-07-16 11:06:50,565 - logging_setup - INFO - Re Load Failed Jobs: Job 1's ast condition has been updated as 'COMPLETE'
2025-07-16 11:06:50,565 - logging_setup - INFO - 

2025-07-16 11:06:50,565 - logging_setup - INFO - ##########################################################################################################################
2025-07-16 11:06:50,566 - logging_setup - INFO - #
2025-07-16 11:06:50,566 - logging_setup - INFO - Running Add Job Results from Load Jobs Function
2025-07-16 11:06:50,566 - logging_setup - INFO - #
2025-07-16 11:06:50,566 - logging_setup - INFO - ##########################################################################################################################
2025-07-16 11:06:50,566 - logging_setup - INFO - 

2025-07-16 11:06:50,577 - logging_setup - INFO - Add Job Result - Workbook loaded
2025-07-16 11:06:50,577 - logging_setup - INFO - Add Job Result - 'ast_condition' column found in the spreadsheet.
2025-07-16 11:06:50,577 - logging_setup - INFO - Add Job Result - Calculated Excel row index as 3 for job index 1
2025-07-16 11:06:50,577 - logging_setup - INFO - Add Job Result - Updated Job 1 with condition 'COMPLETE'.
2025-07-16 11:06:50,590 - logging_setup - INFO - Add Job Result - Saving Workbook with updated condition
2025-07-16 11:06:50,591 - logging_setup - INFO - Re load Jobs - Added job condition 'COMPLETE' for job 1 to jobs list
2025-07-16 11:06:50,591 - logging_setup - INFO - Reload Failed Jobs - Saving Job Index (1) with new condition.
2025-07-16 11:06:50,608 - logging_setup - INFO - Re load Jobs - Job Condition is not Complete (COMPLETE), adding job: 1 to jobs list
2025-07-16 11:06:50,608 - logging_setup - INFO - 

2025-07-16 11:06:50,608 - logging_setup - INFO - ------------------------------------------------------------------------------------
2025-07-16 11:06:50,608 - logging_setup - INFO -  Job list is {'region': 'South_Coast', 'feature_layer': '\\\\spatialfiles.bcgov\\work\\srm\\nel\\Local\\Geomatics\\Workarea\\csostad\\Statusing\\v3 4 JOBS\\634\\634.shp', 'crown_file_number': '', 'disposition_number': '', 'parcel_number': '', 'output_directory': '\\\\spatialfiles.bcgov\\work\\srm\\nel\\Local\\Geomatics\\Workarea\\csostad\\Statusing\\v3 4 JOBS\\outputs\\634', 'output_directory_same_as_input': 'false', 'dont_overwrite_outputs': 'false', 'skip_conflicts_and_constraints': 'false', 'suppress_map_creation': 'false', 'add_maps_to_current': 'false', 'run_as_fcbc': 'true', 'ast_condition': 'COMPLETE', 'file_number': ''}
2025-07-16 11:06:50,608 - logging_setup - INFO - ------------------------------------------------------------------------------------
2025-07-16 11:06:50,608 - logging_setup - INFO - 

2025-07-16 11:06:50,609 - logging_setup - INFO - Re load Jobs - Job 1 dictionary is {'region': 'South_Coast', 'feature_layer': '\\\\spatialfiles.bcgov\\work\\srm\\nel\\Local\\Geomatics\\Workarea\\csostad\\Statusing\\v3 4 JOBS\\634\\634.shp', 'crown_file_number': '', 'disposition_number': '', 'parcel_number': '', 'output_directory': '\\\\spatialfiles.bcgov\\work\\srm\\nel\\Local\\Geomatics\\Workarea\\csostad\\Statusing\\v3 4 JOBS\\outputs\\634', 'output_directory_same_as_input': 'false', 'dont_overwrite_outputs': 'false', 'skip_conflicts_and_constraints': 'false', 'suppress_map_creation': 'false', 'add_maps_to_current': 'false', 'run_as_fcbc': 'true', 'ast_condition': 'COMPLETE', 'file_number': ''}
2025-07-16 11:06:50,609 - logging_setup - INFO - 

2025-07-16 11:06:50,609 - logging_setup - INFO - ------------------------------------------------------------------------------------
2025-07-16 11:06:50,609 - logging_setup - INFO - -                        Re Load Failed Jobs: Start of Job 2                               -
2025-07-16 11:06:50,609 - logging_setup - INFO - ------------------------------------------------------------------------------------
2025-07-16 11:06:50,609 - logging_setup - INFO - 

2025-07-16 11:06:50,609 - logging_setup - INFO - Re load Jobs - Creating empty dictionary
2025-07-16 11:06:50,610 - logging_setup - INFO - Re Load Failed Jobs: Adding Complete to dictionary Skipping job 2 as it is marked COMPLETE.
2025-07-16 11:06:50,611 - logging_setup - INFO - Re Load Failed Jobs: Job 2's ast condition has been updated as 'COMPLETE'
2025-07-16 11:06:50,611 - logging_setup - INFO - 

2025-07-16 11:06:50,611 - logging_setup - INFO - ##########################################################################################################################
2025-07-16 11:06:50,611 - logging_setup - INFO - #
2025-07-16 11:06:50,611 - logging_setup - INFO - Running Add Job Results from Load Jobs Function
2025-07-16 11:06:50,611 - logging_setup - INFO - #
2025-07-16 11:06:50,611 - logging_setup - INFO - ##########################################################################################################################
2025-07-16 11:06:50,611 - logging_setup - INFO - 

2025-07-16 11:06:50,620 - logging_setup - INFO - Add Job Result - Workbook loaded
2025-07-16 11:06:50,620 - logging_setup - INFO - Add Job Result - 'ast_condition' column found in the spreadsheet.
2025-07-16 11:06:50,620 - logging_setup - INFO - Add Job Result - Calculated Excel row index as 4 for job index 2
2025-07-16 11:06:50,621 - logging_setup - INFO - Add Job Result - Updated Job 2 with condition 'COMPLETE'.
2025-07-16 11:06:50,635 - logging_setup - INFO - Add Job Result - Saving Workbook with updated condition
2025-07-16 11:06:50,636 - logging_setup - INFO - Re load Jobs - Added job condition 'COMPLETE' for job 2 to jobs list
2025-07-16 11:06:50,636 - logging_setup - INFO - Reload Failed Jobs - Saving Job Index (2) with new condition.
2025-07-16 11:06:50,649 - logging_setup - INFO - Re load Jobs - Job Condition is not Complete (COMPLETE), adding job: 2 to jobs list
2025-07-16 11:06:50,649 - logging_setup - INFO - 

2025-07-16 11:06:50,649 - logging_setup - INFO - ------------------------------------------------------------------------------------
2025-07-16 11:06:50,649 - logging_setup - INFO -  Job list is {'region': 'South_Coast', 'feature_layer': '\\\\spatialfiles.bcgov\\work\\srm\\nel\\Local\\Geomatics\\Workarea\\csostad\\Statusing\\v3 4 JOBS\\635\\635.shp', 'crown_file_number': '', 'disposition_number': '', 'parcel_number': '', 'output_directory': '\\\\spatialfiles.bcgov\\work\\srm\\nel\\Local\\Geomatics\\Workarea\\csostad\\Statusing\\v3 4 JOBS\\outputs\\635', 'output_directory_same_as_input': 'false', 'dont_overwrite_outputs': 'false', 'skip_conflicts_and_constraints': 'false', 'suppress_map_creation': 'false', 'add_maps_to_current': 'false', 'run_as_fcbc': 'true', 'ast_condition': 'COMPLETE', 'file_number': ''}
2025-07-16 11:06:50,650 - logging_setup - INFO - ------------------------------------------------------------------------------------
2025-07-16 11:06:50,650 - logging_setup - INFO - 

2025-07-16 11:06:50,650 - logging_setup - INFO - Re load Jobs - Job 2 dictionary is {'region': 'South_Coast', 'feature_layer': '\\\\spatialfiles.bcgov\\work\\srm\\nel\\Local\\Geomatics\\Workarea\\csostad\\Statusing\\v3 4 JOBS\\635\\635.shp', 'crown_file_number': '', 'disposition_number': '', 'parcel_number': '', 'output_directory': '\\\\spatialfiles.bcgov\\work\\srm\\nel\\Local\\Geomatics\\Workarea\\csostad\\Statusing\\v3 4 JOBS\\outputs\\635', 'output_directory_same_as_input': 'false', 'dont_overwrite_outputs': 'false', 'skip_conflicts_and_constraints': 'false', 'suppress_map_creation': 'false', 'add_maps_to_current': 'false', 'run_as_fcbc': 'true', 'ast_condition': 'COMPLETE', 'file_number': ''}
2025-07-16 11:06:50,650 - logging_setup - INFO - 

2025-07-16 11:06:50,650 - logging_setup - INFO - ------------------------------------------------------------------------------------
2025-07-16 11:06:50,650 - logging_setup - INFO - -                        Re Load Failed Jobs: Start of Job 3                               -
2025-07-16 11:06:50,650 - logging_setup - INFO - ------------------------------------------------------------------------------------
2025-07-16 11:06:50,650 - logging_setup - INFO - 

2025-07-16 11:06:50,651 - logging_setup - INFO - Re load Jobs - Creating empty dictionary
2025-07-16 11:06:50,652 - logging_setup - INFO - Re Load Failed Jobs: Adding Complete to dictionary Skipping job 3 as it is marked COMPLETE.
2025-07-16 11:06:50,652 - logging_setup - INFO - Re Load Failed Jobs: Job 3's ast condition has been updated as 'COMPLETE'
2025-07-16 11:06:50,652 - logging_setup - INFO - 

2025-07-16 11:06:50,652 - logging_setup - INFO - ##########################################################################################################################
2025-07-16 11:06:50,653 - logging_setup - INFO - #
2025-07-16 11:06:50,653 - logging_setup - INFO - Running Add Job Results from Load Jobs Function
2025-07-16 11:06:50,653 - logging_setup - INFO - #
2025-07-16 11:06:50,653 - logging_setup - INFO - ##########################################################################################################################
2025-07-16 11:06:50,653 - logging_setup - INFO - 

2025-07-16 11:06:50,664 - logging_setup - INFO - Add Job Result - Workbook loaded
2025-07-16 11:06:50,665 - logging_setup - INFO - Add Job Result - 'ast_condition' column found in the spreadsheet.
2025-07-16 11:06:50,665 - logging_setup - INFO - Add Job Result - Calculated Excel row index as 5 for job index 3
2025-07-16 11:06:50,665 - logging_setup - INFO - Add Job Result - Updated Job 3 with condition 'COMPLETE'.
2025-07-16 11:06:50,678 - logging_setup - INFO - Add Job Result - Saving Workbook with updated condition
2025-07-16 11:06:50,679 - logging_setup - INFO - Re load Jobs - Added job condition 'COMPLETE' for job 3 to jobs list
2025-07-16 11:06:50,679 - logging_setup - INFO - Reload Failed Jobs - Saving Job Index (3) with new condition.
2025-07-16 11:06:50,694 - logging_setup - INFO - Re load Jobs - Job Condition is not Complete (COMPLETE), adding job: 3 to jobs list
2025-07-16 11:06:50,694 - logging_setup - INFO - 

2025-07-16 11:06:50,694 - logging_setup - INFO - ------------------------------------------------------------------------------------
2025-07-16 11:06:50,694 - logging_setup - INFO -  Job list is {'region': 'South_Coast', 'feature_layer': '\\\\spatialfiles.bcgov\\work\\srm\\nel\\Local\\Geomatics\\Workarea\\csostad\\Statusing\\v3 4 JOBS\\636\\636.shp', 'crown_file_number': '', 'disposition_number': '', 'parcel_number': '', 'output_directory': '\\\\spatialfiles.bcgov\\work\\srm\\nel\\Local\\Geomatics\\Workarea\\csostad\\Statusing\\v3 4 JOBS\\outputs\\636', 'output_directory_same_as_input': 'false', 'dont_overwrite_outputs': 'false', 'skip_conflicts_and_constraints': 'false', 'suppress_map_creation': 'false', 'add_maps_to_current': 'false', 'run_as_fcbc': 'true', 'ast_condition': 'COMPLETE', 'file_number': ''}
2025-07-16 11:06:50,695 - logging_setup - INFO - ------------------------------------------------------------------------------------
2025-07-16 11:06:50,695 - logging_setup - INFO - 

2025-07-16 11:06:50,695 - logging_setup - INFO - Re load Jobs - Job 3 dictionary is {'region': 'South_Coast', 'feature_layer': '\\\\spatialfiles.bcgov\\work\\srm\\nel\\Local\\Geomatics\\Workarea\\csostad\\Statusing\\v3 4 JOBS\\636\\636.shp', 'crown_file_number': '', 'disposition_number': '', 'parcel_number': '', 'output_directory': '\\\\spatialfiles.bcgov\\work\\srm\\nel\\Local\\Geomatics\\Workarea\\csostad\\Statusing\\v3 4 JOBS\\outputs\\636', 'output_directory_same_as_input': 'false', 'dont_overwrite_outputs': 'false', 'skip_conflicts_and_constraints': 'false', 'suppress_map_creation': 'false', 'add_maps_to_current': 'false', 'run_as_fcbc': 'true', 'ast_condition': 'COMPLETE', 'file_number': ''}
2025-07-16 11:06:50,695 - logging_setup - INFO - Main: Re-batching failed jobs for jobs_1_v2_backslashes.xlsx
2025-07-16 11:06:50,695 - logging_setup - INFO - 

2025-07-16 11:06:50,695 - logging_setup - INFO - ##########################################################################################################################
2025-07-16 11:06:50,695 - logging_setup - INFO - #
2025-07-16 11:06:50,696 - logging_setup - INFO - Batch AST: Batching Jobs with Multiprocessing...
2025-07-16 11:06:50,696 - logging_setup - INFO - #
2025-07-16 11:06:50,696 - logging_setup - INFO - ##########################################################################################################################
2025-07-16 11:06:50,696 - logging_setup - INFO - 

2025-07-16 11:06:50,696 - logging_setup - INFO - Batch Ast: Job Timeout set to 21600 seconds
2025-07-16 11:07:02,948 - logging_setup - INFO - Batch Ast: Starting job 0
2025-07-16 11:07:02,948 - logging_setup - INFO - Batch Ast: Starting job 1
2025-07-16 11:07:02,948 - logging_setup - INFO - Batch Ast: Starting job 2
2025-07-16 11:07:02,949 - logging_setup - INFO - Batch Ast: Starting job 3
2025-07-16 11:07:02,949 - logging_setup - INFO - 

2025-07-16 11:07:02,949 - logging_setup - INFO - Batch Ast Complete - Check separate worker log file for more details
2025-07-16 11:07:03,995 - logging_setup - INFO - Main: AST Factory for jobs_1_v2_backslashes.xlsx COMPLETE
