2026-01-29 17:38:17,882 - Process Job Mp: worker_7 - INFO - Process Job Mp: AST Toolbox imported successfully in worker.
2026-01-29 17:38:17,919 - Process Job Mp: worker_7 - DEBUG - Process Job Mp: Job Parameters: ['Skeena', '\\\\spatialfiles.bcgov\\srm\\gss\\sandbox\\csostad\\Skeena 2026-2028 Shapefiles\\shapefile\\6406827\\6406827.shp', '', '', '', '\\\\spatialfiles.bcgov\\srm\\gss\\sandbox\\csostad\\Skeena 2026-2028 Shapefiles\\shapefile\\outputs\\6406827', False, False, False, False, False, True]
2026-01-29 17:38:17,934 - Process Job Mp: worker_7 - INFO - Process Job Mp: Running MakeAutomatedStatusSpreadsheet_ast...
2026-01-29 17:38:30,166 - root - INFO - Logger initialized
2026-01-29 17:38:34,494 - root - ERROR - Failed to import tools
Traceback (most recent call last):
  File "P:\corp\central_clones\python_geospatial\lib\site-packages\XTools Pro\esri\toolboxes\XTools Pro.pyt", line 95, in <module>
    from Tools.FeaturesToPointsTool import *
  File "E:\sw_nt\XTools\XTools AGP\Python\Tools\FeaturesToPointsTool.py", line 1, in <module>
    from Tools.BaseTool import BaseTool
  File "E:\sw_nt\XTools\XTools AGP\Python\Tools\BaseTool.py", line 7, in <module>
    from Scripts.Base.PythonCancelTracker import PythonCancelTracker
  File "E:\sw_nt\XTools\XTools AGP\Python\Scripts\Base\PythonCancelTracker.py", line 20, in <module>
    from XTools.XToolsAGP.Core import ICancelTracker
ModuleNotFoundError: No module named 'XTools'
2026-01-29 17:38:34,558 - root - ERROR - No module named 'XTools'
Traceback (most recent call last):
  File "P:\corp\central_clones\python_geospatial\lib\site-packages\XTools Pro\esri\toolboxes\XTools Pro.pyt", line 95, in <module>
    from Tools.FeaturesToPointsTool import *
  File "E:\sw_nt\XTools\XTools AGP\Python\Tools\FeaturesToPointsTool.py", line 1, in <module>
    from Tools.BaseTool import BaseTool
  File "E:\sw_nt\XTools\XTools AGP\Python\Tools\BaseTool.py", line 7, in <module>
    from Scripts.Base.PythonCancelTracker import PythonCancelTracker
  File "E:\sw_nt\XTools\XTools AGP\Python\Scripts\Base\PythonCancelTracker.py", line 20, in <module>
    from XTools.XToolsAGP.Core import ICancelTracker
ModuleNotFoundError: No module named 'XTools'
2026-01-29 22:04:58,884 - Process Job Mp: worker_7 - ERROR - Process Job Mp: Job 7 failed with error: ERROR 000582: Error occurred during execution.

2026-01-29 22:04:59,076 - Process Job Mp: worker_7 - DEBUG - Traceback (most recent call last):
  File "\\spatialfiles.bcgov\work\srm\nel\Local\Geomatics\Workarea\csostad\GitHub_Repositories\ast_batch_tool\autoast\auto_ast_V2_Cuisinart_MultiP_PdfMaps\mp_worker.py", line 124, in process_job_mp
    arcpy.alphaast.MakeAutomatedStatusSpreadsheet(*params)
  File "\\spatialfiles.bcgov\work\srm\nel\Local\Geomatics\Workarea\csostad\GitHubAutoAST\gss_authorizations\autoast\auto_ast_V2_Cuisinart_MultiP_PdfMaps\ast.atbx", line 59, in MakeAutomatedStatusSpreadsheet
  File "\\spatialfiles.bcgov\work\srm\nel\Local\Geomatics\Workarea\csostad\GitHubAutoAST\gss_authorizations\autoast\auto_ast_V2_Cuisinart_MultiP_PdfMaps\ast.atbx", line 56, in MakeAutomatedStatusSpreadsheet
  File "E:\sw_nt\ArcGIS\Pro\Resources\ArcPy\arcpy\geoprocessing\_base.py", line 532, in <lambda>
    return lambda *args: val(*gp_fixargs(args, True))
                         ^^^^^^^^^^^^^^^^^^^^^^^^^^^^
arcgisscripting.ExecuteError: ERROR 000582: Error occurred during execution.


2026-01-29 22:04:59,108 - Process Job Mp: worker_7 - ERROR - Process Job Mp: Job 7 failed with error: ERROR 000582: Error occurred during execution.

2026-01-29 22:04:59,115 - Process Job Mp: worker_7 - ERROR - Process Job Mp: Traceback:
Traceback (most recent call last):
  File "\\spatialfiles.bcgov\work\srm\nel\Local\Geomatics\Workarea\csostad\GitHub_Repositories\ast_batch_tool\autoast\auto_ast_V2_Cuisinart_MultiP_PdfMaps\mp_worker.py", line 124, in process_job_mp
    arcpy.alphaast.MakeAutomatedStatusSpreadsheet(*params)
  File "\\spatialfiles.bcgov\work\srm\nel\Local\Geomatics\Workarea\csostad\GitHubAutoAST\gss_authorizations\autoast\auto_ast_V2_Cuisinart_MultiP_PdfMaps\ast.atbx", line 59, in MakeAutomatedStatusSpreadsheet
  File "\\spatialfiles.bcgov\work\srm\nel\Local\Geomatics\Workarea\csostad\GitHubAutoAST\gss_authorizations\autoast\auto_ast_V2_Cuisinart_MultiP_PdfMaps\ast.atbx", line 56, in MakeAutomatedStatusSpreadsheet
  File "E:\sw_nt\ArcGIS\Pro\Resources\ArcPy\arcpy\geoprocessing\_base.py", line 532, in <lambda>
    return lambda *args: val(*gp_fixargs(args, True))
                         ^^^^^^^^^^^^^^^^^^^^^^^^^^^^
arcgisscripting.ExecuteError: ERROR 000582: Error occurred during execution.


