2026-01-29 14:28:59,136 - Process Job Mp: worker_0 - INFO - Process Job Mp: AST Toolbox imported successfully in worker.
2026-01-29 14:28:59,139 - Process Job Mp: worker_0 - DEBUG - Process Job Mp: Job Parameters: ['Skeena', '\\\\spatialfiles.bcgov\\work\\srm\\gss\\authorizations\\land\\2026\\west_coast\\gr_2026_139\\1 shapefile 2 regions\\skeena_shape\\skeena_proposed_central_coast_nmcar.shp', '', '', '', '\\\\spatialfiles.bcgov\\work\\srm\\gss\\authorizations\\land\\2026\\west_coast\\gr_2026_139\\1 shapefile 2 regions\\skeena_shape\\outputs\\skeena_shape', False, False, False, False, False, True]
2026-01-29 14:28:59,139 - Process Job Mp: worker_0 - INFO - Process Job Mp: Running MakeAutomatedStatusSpreadsheet_ast...
2026-01-29 14:29:01,330 - root - INFO - Logger initialized
2026-01-29 14:29:02,866 - root - ERROR - Failed to import tools
Traceback (most recent call last):
  File "P:\corp\central_clones\python_geopandas\lib\site-packages\XTools Pro\esri\toolboxes\XTools Pro.pyt", line 95, in <module>
    from Tools.FeaturesToPointsTool import *
  File "E:\sw_nt\XTools\XTools AGP\Python\Tools\FeaturesToPointsTool.py", line 1, in <module>
    from Tools.BaseTool import BaseTool
  File "E:\sw_nt\XTools\XTools AGP\Python\Tools\BaseTool.py", line 7, in <module>
    from Scripts.Base.PythonCancelTracker import PythonCancelTracker
  File "E:\sw_nt\XTools\XTools AGP\Python\Scripts\Base\PythonCancelTracker.py", line 20, in <module>
    from XTools.XToolsAGP.Core import ICancelTracker
ModuleNotFoundError: No module named 'XTools.XToolsAGP.Core'
2026-01-29 14:29:02,872 - root - ERROR - No module named 'XTools.XToolsAGP.Core'
Traceback (most recent call last):
  File "P:\corp\central_clones\python_geopandas\lib\site-packages\XTools Pro\esri\toolboxes\XTools Pro.pyt", line 95, in <module>
    from Tools.FeaturesToPointsTool import *
  File "E:\sw_nt\XTools\XTools AGP\Python\Tools\FeaturesToPointsTool.py", line 1, in <module>
    from Tools.BaseTool import BaseTool
  File "E:\sw_nt\XTools\XTools AGP\Python\Tools\BaseTool.py", line 7, in <module>
    from Scripts.Base.PythonCancelTracker import PythonCancelTracker
  File "E:\sw_nt\XTools\XTools AGP\Python\Scripts\Base\PythonCancelTracker.py", line 20, in <module>
    from XTools.XToolsAGP.Core import ICancelTracker
ModuleNotFoundError: No module named 'XTools.XToolsAGP.Core'
