2025-07-11 11:55:16,219 - logging_setup - INFO - Logging set up
2025-07-11 11:55:17,184 - logging_setup - INFO - AST Toolbox imported successfully.
2025-07-11 11:55:17,195 - logging_setup - INFO - Secret file H:\secrets\bcgw.env found
2025-07-11 11:55:17,196 - logging_setup - INFO - Database user csostad and password found
2025-07-11 11:55:17,348 - root - INFO - Logger initialized
2025-07-11 11:55:18,186 - root - ERROR - Failed to import tools
Traceback (most recent call last):
  File "P:\corp\central_clones\python_geospatial\lib\site-packages\XTools Pro\esri\toolboxes\XTools Pro.pyt", line 95, in <module>
    from Tools.FeaturesToPointsTool import *
  File "E:\sw_nt\XTools\XTools AGP\Python\Tools\FeaturesToPointsTool.py", line 1, in <module>
    from Tools.BaseTool import BaseTool
  File "E:\sw_nt\XTools\XTools AGP\Python\Tools\BaseTool.py", line 7, in <module>
    from Scripts.Base.PythonCancelTracker import PythonCancelTracker
  File "E:\sw_nt\XTools\XTools AGP\Python\Scripts\Base\PythonCancelTracker.py", line 20, in <module>
    from XTools.XToolsAGP.Core import ICancelTracker
ModuleNotFoundError: No module named 'XTools'
2025-07-11 11:55:18,191 - root - ERROR - No module named 'XTools'
Traceback (most recent call last):
  File "P:\corp\central_clones\python_geospatial\lib\site-packages\XTools Pro\esri\toolboxes\XTools Pro.pyt", line 95, in <module>
    from Tools.FeaturesToPointsTool import *
  File "E:\sw_nt\XTools\XTools AGP\Python\Tools\FeaturesToPointsTool.py", line 1, in <module>
    from Tools.BaseTool import BaseTool
  File "E:\sw_nt\XTools\XTools AGP\Python\Tools\BaseTool.py", line 7, in <module>
    from Scripts.Base.PythonCancelTracker import PythonCancelTracker
  File "E:\sw_nt\XTools\XTools AGP\Python\Scripts\Base\PythonCancelTracker.py", line 20, in <module>
    from XTools.XToolsAGP.Core import ICancelTracker
ModuleNotFoundError: No module named 'XTools'
2025-07-11 11:55:34,562 - logging_setup - INFO - new db connection created
2025-07-11 11:55:35,071 - logging_setup - INFO - workspace set to bcgw connection
2025-07-11 11:55:35,072 - logging_setup - INFO - SDE Connection established at: \\spatialfiles.bcgov\work\srm\nel\Local\Geomatics\Workarea\csostad\GitHubAutoAST\gss_authorizations\autoast\auto_ast_V2_Cuisinart_MultiP_PdfMaps\connection\bcgw.sde
2025-07-11 11:55:54,072 - logging_setup - INFO - List of excel file paths is: ['//spatialfiles.bcgov/work/srm/nel/Local/Geomatics/Workarea/csostad/Statusing/V3_alpha_test_1\\outputs\\jobs_1.xlsx']
2025-07-11 11:55:54,073 - logging_setup - INFO - Main: Creating queuefile path for //spatialfiles.bcgov/work/srm/nel/Local/Geomatics/Workarea/csostad/Statusing/V3_alpha_test_1\outputs\jobs_1.xlsx
2025-07-11 11:55:54,074 - logging_setup - INFO - Main: Loading jobs from //spatialfiles.bcgov/work/srm/nel/Local/Geomatics/Workarea/csostad/Statusing/V3_alpha_test_1\outputs\jobs_1.xlsx
2025-07-11 11:55:54,075 - logging_setup - INFO - ##########################################################################################################################
2025-07-11 11:55:54,075 - logging_setup - INFO - #
2025-07-11 11:55:54,076 - logging_setup - INFO - Loading Jobs...
2025-07-11 11:55:54,076 - logging_setup - INFO - #
2025-07-11 11:55:54,076 - logging_setup - INFO - ##########################################################################################################################
2025-07-11 11:55:54,096 - logging_setup - INFO - 

2025-07-11 11:55:54,096 - logging_setup - INFO - -------------------------------------------------------------------------------
2025-07-11 11:55:54,096 - logging_setup - INFO - -                        Load Jobs: Start of Job 0                               -
2025-07-11 11:55:54,097 - logging_setup - INFO - -------------------------------------------------------------------------------
2025-07-11 11:55:54,097 - logging_setup - INFO - 

2025-07-11 11:55:54,098 - logging_setup - INFO - Load Jobs - Creating empty dictionary
2025-07-11 11:55:54,098 - logging_setup - INFO - Load Jobs - (Queued assigned to Job (0) is (Queued)
2025-07-11 11:55:54,099 - logging_setup - INFO - 

2025-07-11 11:55:54,099 - logging_setup - INFO - ##########################################################################################################################
2025-07-11 11:55:54,099 - logging_setup - INFO - #
2025-07-11 11:55:54,100 - logging_setup - INFO - Running Add Job Results from Load Jobs Function
2025-07-11 11:55:54,100 - logging_setup - INFO - #
2025-07-11 11:55:54,100 - logging_setup - INFO - ##########################################################################################################################
2025-07-11 11:55:54,101 - logging_setup - INFO - 

2025-07-11 11:55:54,110 - logging_setup - INFO - Add Job Result - Workbook loaded
2025-07-11 11:55:54,110 - logging_setup - INFO - Add Job Result - 'ast_condition' column found in the spreadsheet.
2025-07-11 11:55:54,111 - logging_setup - INFO - Add Job Result - Calculated Excel row index as 2 for job index 0
2025-07-11 11:55:54,111 - logging_setup - INFO - Add Job Result - Updated Job 0 with condition 'Queued'.
2025-07-11 11:55:54,125 - logging_setup - INFO - Add Job Result - Saving Workbook with updated condition
2025-07-11 11:55:54,126 - logging_setup - INFO - Load Jobs - Added job condition 'Queued' for job 0 to jobs list
2025-07-11 11:55:54,126 - logging_setup - INFO - Classifying input type for job 0
2025-07-11 11:55:54,129 - logging_setup - INFO - Classifying Input Type - Feature layer found: //spatialfiles.bcgov/work/srm/nel/Local/Geomatics/Workarea/csostad/Statusing/V3_alpha_test_1\0132399_JOCKO CREEK LAND & TIMBER LTD\0132399.shp
2025-07-11 11:55:54,129 - logging_setup - INFO - Classifying Input Type - Processing feature layer: //spatialfiles.bcgov/work/srm/nel/Local/Geomatics/Workarea/csostad/Statusing/V3_alpha_test_1\0132399_JOCKO CREEK LAND & TIMBER LTD\0132399.shp
2025-07-11 11:55:54,130 - logging_setup - INFO - Classifying Input Type - No FW File Number provided, using original shapefile path
2025-07-11 11:55:54,130 - logging_setup - INFO - Load Jobs - Job Condition is not Complete (Queued), adding job: 0 to jobs list
2025-07-11 11:55:54,130 - logging_setup - INFO - 

2025-07-11 11:55:54,131 - logging_setup - INFO - -------------------------------------------------------------------------------
2025-07-11 11:55:54,131 - logging_setup - INFO - -                        End of Job 0                                -
2025-07-11 11:55:54,131 - logging_setup - INFO - -------------------------------------------------------------------------------
2025-07-11 11:55:54,132 - logging_setup - INFO - 

2025-07-11 11:55:54,132 - logging_setup - INFO - Main: Batching jobs for //spatialfiles.bcgov/work/srm/nel/Local/Geomatics/Workarea/csostad/Statusing/V3_alpha_test_1\outputs\jobs_1.xlsx
2025-07-11 11:55:54,132 - logging_setup - INFO - 

2025-07-11 11:55:54,133 - logging_setup - INFO - ##########################################################################################################################
2025-07-11 11:55:54,134 - logging_setup - INFO - #
2025-07-11 11:55:54,134 - logging_setup - INFO - Batch AST: Batching Jobs with Multiprocessing...
2025-07-11 11:55:54,135 - logging_setup - INFO - #
2025-07-11 11:55:54,136 - logging_setup - INFO - ##########################################################################################################################
2025-07-11 11:55:54,137 - logging_setup - INFO - 

2025-07-11 11:55:54,137 - logging_setup - INFO - Batch Ast: Job Timeout set to 21600 seconds
2025-07-11 11:56:06,345 - logging_setup - INFO - Batch Ast: Starting job 0
2025-07-11 11:56:06,369 - logging_setup - INFO - Batch Ast: Queued Job 0.....Multiproccessing started......
2025-07-11 12:20:26,170 - logging_setup - INFO - 

2025-07-11 12:20:26,170 - logging_setup - INFO - ##########################################################################################################################
2025-07-11 12:20:26,171 - logging_setup - INFO - #
2025-07-11 12:20:26,171 - logging_setup - INFO - Running Add Job Results from Load Jobs Function
2025-07-11 12:20:26,172 - logging_setup - INFO - #
2025-07-11 12:20:26,172 - logging_setup - INFO - ##########################################################################################################################
2025-07-11 12:20:26,172 - logging_setup - INFO - 

2025-07-11 12:20:26,182 - logging_setup - INFO - Add Job Result - Workbook loaded
2025-07-11 12:20:26,182 - logging_setup - INFO - Add Job Result - 'ast_condition' column found in the spreadsheet.
2025-07-11 12:20:26,183 - logging_setup - INFO - Add Job Result - Calculated Excel row index as 2 for job index 0
2025-07-11 12:20:26,183 - logging_setup - INFO - Add Job Result - Updated Job 0 with condition 'COMPLETE'.
2025-07-11 12:20:26,197 - logging_setup - INFO - Add Job Result - Saving Workbook with updated condition
2025-07-11 12:20:26,198 - logging_setup - INFO - Batch Ast: Job 0 completed successfully. Success counter is 1
2025-07-11 12:20:26,199 - logging_setup - INFO - 

2025-07-11 12:20:26,200 - logging_setup - INFO - Batch Ast Complete - Check separate worker log file for more details
2025-07-11 12:20:27,248 - logging_setup - INFO - Main: Reloading failed jobs for //spatialfiles.bcgov/work/srm/nel/Local/Geomatics/Workarea/csostad/Statusing/V3_alpha_test_1\outputs\jobs_1.xlsx
2025-07-11 12:20:27,248 - logging_setup - INFO - 

2025-07-11 12:20:27,249 - logging_setup - INFO - ##########################################################################################################################
2025-07-11 12:20:27,249 - logging_setup - INFO - #
2025-07-11 12:20:27,249 - logging_setup - INFO - Re loading Failed Jobs V2.....
2025-07-11 12:20:27,250 - logging_setup - INFO - #
2025-07-11 12:20:27,250 - logging_setup - INFO - ##########################################################################################################################
2025-07-11 12:20:27,251 - logging_setup - INFO - 

2025-07-11 12:20:27,261 - logging_setup - INFO - Re load Failed Jobs: Workbook loaded is <openpyxl.workbook.workbook.Workbook object at 0x000002508FBED8D0>
2025-07-11 12:20:27,261 - logging_setup - INFO - Re load Failed Jobs: Reading all data rows and building data list
2025-07-11 12:20:27,262 - logging_setup - INFO - Re load Failed Jobs: Iterating over each row of data
2025-07-11 12:20:27,262 - logging_setup - INFO - 

2025-07-11 12:20:27,263 - logging_setup - INFO - ------------------------------------------------------------------------------------
2025-07-11 12:20:27,263 - logging_setup - INFO - -                        Re Load Failed Jobs: Start of Job 0                               -
2025-07-11 12:20:27,263 - logging_setup - INFO - ------------------------------------------------------------------------------------
2025-07-11 12:20:27,264 - logging_setup - INFO - 

2025-07-11 12:20:27,264 - logging_setup - INFO - Re load Jobs - Creating empty dictionary
2025-07-11 12:20:27,268 - logging_setup - INFO - Re Load Failed Jobs: Adding Complete to dictionary Skipping job 0 as it is marked COMPLETE.
2025-07-11 12:20:27,269 - logging_setup - INFO - Re Load Failed Jobs: Job 0's ast condition has been updated as 'COMPLETE'
2025-07-11 12:20:27,269 - logging_setup - INFO - 

2025-07-11 12:20:27,269 - logging_setup - INFO - ##########################################################################################################################
2025-07-11 12:20:27,270 - logging_setup - INFO - #
2025-07-11 12:20:27,270 - logging_setup - INFO - Running Add Job Results from Load Jobs Function
2025-07-11 12:20:27,271 - logging_setup - INFO - #
2025-07-11 12:20:27,271 - logging_setup - INFO - ##########################################################################################################################
2025-07-11 12:20:27,271 - logging_setup - INFO - 

2025-07-11 12:20:27,280 - logging_setup - INFO - Add Job Result - Workbook loaded
2025-07-11 12:20:27,280 - logging_setup - INFO - Add Job Result - 'ast_condition' column found in the spreadsheet.
2025-07-11 12:20:27,280 - logging_setup - INFO - Add Job Result - Calculated Excel row index as 2 for job index 0
2025-07-11 12:20:27,281 - logging_setup - INFO - Add Job Result - Updated Job 0 with condition 'COMPLETE'.
2025-07-11 12:20:27,294 - logging_setup - INFO - Add Job Result - Saving Workbook with updated condition
2025-07-11 12:20:27,294 - logging_setup - INFO - Re load Jobs - Added job condition 'COMPLETE' for job 0 to jobs list
2025-07-11 12:20:27,294 - logging_setup - INFO - Reload Failed Jobs - Saving Job Index (0) with new condition.
2025-07-11 12:20:27,307 - logging_setup - INFO - Re load Jobs - Job Condition is not Complete (COMPLETE), adding job: 0 to jobs list
2025-07-11 12:20:27,307 - logging_setup - INFO - 

2025-07-11 12:20:27,308 - logging_setup - INFO - ------------------------------------------------------------------------------------
2025-07-11 12:20:27,308 - logging_setup - INFO -  Job list is {'region': 'Thompson_Okanagan', 'feature_layer': '//spatialfiles.bcgov/work/srm/nel/Local/Geomatics/Workarea/csostad/Statusing/V3_alpha_test_1\\0132399_JOCKO CREEK LAND & TIMBER LTD\\0132399.shp', 'crown_file_number': '', 'disposition_number': '', 'parcel_number': '', 'output_directory': '//spatialfiles.bcgov/work/srm/nel/Local/Geomatics/Workarea/csostad/Statusing/V3_alpha_test_1\\outputs\\0132399_JOCKO CREEK LAND & TIMBER LTD', 'output_directory_same_as_input': 'false', 'dont_overwrite_outputs': 'false', 'skip_conflicts_and_constraints': 'false', 'suppress_map_creation': 'false', 'add_maps_to_current': 'false', 'run_as_fcbc': 'true', 'ast_condition': 'COMPLETE', 'file_number': ''}
2025-07-11 12:20:27,308 - logging_setup - INFO - ------------------------------------------------------------------------------------
2025-07-11 12:20:27,309 - logging_setup - INFO - 

2025-07-11 12:20:27,309 - logging_setup - INFO - Re load Jobs - Job 0 dictionary is {'region': 'Thompson_Okanagan', 'feature_layer': '//spatialfiles.bcgov/work/srm/nel/Local/Geomatics/Workarea/csostad/Statusing/V3_alpha_test_1\\0132399_JOCKO CREEK LAND & TIMBER LTD\\0132399.shp', 'crown_file_number': '', 'disposition_number': '', 'parcel_number': '', 'output_directory': '//spatialfiles.bcgov/work/srm/nel/Local/Geomatics/Workarea/csostad/Statusing/V3_alpha_test_1\\outputs\\0132399_JOCKO CREEK LAND & TIMBER LTD', 'output_directory_same_as_input': 'false', 'dont_overwrite_outputs': 'false', 'skip_conflicts_and_constraints': 'false', 'suppress_map_creation': 'false', 'add_maps_to_current': 'false', 'run_as_fcbc': 'true', 'ast_condition': 'COMPLETE', 'file_number': ''}
2025-07-11 12:20:27,310 - logging_setup - INFO - Main: Re-batching failed jobs for //spatialfiles.bcgov/work/srm/nel/Local/Geomatics/Workarea/csostad/Statusing/V3_alpha_test_1\outputs\jobs_1.xlsx
2025-07-11 12:20:27,310 - logging_setup - INFO - 

2025-07-11 12:20:27,310 - logging_setup - INFO - ##########################################################################################################################
2025-07-11 12:20:27,310 - logging_setup - INFO - #
2025-07-11 12:20:27,311 - logging_setup - INFO - Batch AST: Batching Jobs with Multiprocessing...
2025-07-11 12:20:27,311 - logging_setup - INFO - #
2025-07-11 12:20:27,311 - logging_setup - INFO - ##########################################################################################################################
2025-07-11 12:20:27,312 - logging_setup - INFO - 

2025-07-11 12:20:27,312 - logging_setup - INFO - Batch Ast: Job Timeout set to 21600 seconds
2025-07-11 12:20:37,382 - logging_setup - INFO - Batch Ast: Starting job 0
2025-07-11 12:20:37,383 - logging_setup - INFO - 

2025-07-11 12:20:37,383 - logging_setup - INFO - Batch Ast Complete - Check separate worker log file for more details
2025-07-11 12:20:38,428 - logging_setup - INFO - Main: AST Factory for //spatialfiles.bcgov/work/srm/nel/Local/Geomatics/Workarea/csostad/Statusing/V3_alpha_test_1\outputs\jobs_1.xlsx COMPLETE
