2026-02-02 11:46:42,160 - Process Job Mp: worker_2 - INFO - Process Job Mp: AST Toolbox imported successfully in worker.
2026-02-02 11:46:42,164 - Process Job Mp: worker_2 - DEBUG - Process Job Mp: Job Parameters: ['Skeena', '\\\\spatialfiles.bcgov\\srm\\gss\\sandbox\\csostad\\Skeena 2026-2028 Shapefiles\\shapefile\\6408427\\6408427.shp', '', '', '', '\\\\spatialfiles.bcgov\\srm\\gss\\sandbox\\csostad\\Skeena 2026-2028 Shapefiles\\shapefile\\outputs\\6408427', False, False, False, False, False, True]
2026-02-02 11:46:42,165 - Process Job Mp: worker_2 - INFO - Process Job Mp: Running MakeAutomatedStatusSpreadsheet_ast...
2026-02-02 11:46:43,548 - root - INFO - Logger initialized
2026-02-02 11:46:44,618 - root - ERROR - Failed to import tools
Traceback (most recent call last):
  File "P:\corp\central_clones\python_geopandas\lib\site-packages\XTools Pro\esri\toolboxes\XTools Pro.pyt", line 95, in <module>
    from Tools.FeaturesToPointsTool import *
  File "E:\sw_nt\XTools\XTools AGP\Python\Tools\FeaturesToPointsTool.py", line 1, in <module>
    from Tools.BaseTool import BaseTool
  File "E:\sw_nt\XTools\XTools AGP\Python\Tools\BaseTool.py", line 7, in <module>
    from Scripts.Base.PythonCancelTracker import PythonCancelTracker
  File "E:\sw_nt\XTools\XTools AGP\Python\Scripts\Base\PythonCancelTracker.py", line 20, in <module>
    from XTools.XToolsAGP.Core import ICancelTracker
ModuleNotFoundError: No module named 'XTools'
2026-02-02 11:46:44,624 - root - ERROR - No module named 'XTools'
Traceback (most recent call last):
  File "P:\corp\central_clones\python_geopandas\lib\site-packages\XTools Pro\esri\toolboxes\XTools Pro.pyt", line 95, in <module>
    from Tools.FeaturesToPointsTool import *
  File "E:\sw_nt\XTools\XTools AGP\Python\Tools\FeaturesToPointsTool.py", line 1, in <module>
    from Tools.BaseTool import BaseTool
  File "E:\sw_nt\XTools\XTools AGP\Python\Tools\BaseTool.py", line 7, in <module>
    from Scripts.Base.PythonCancelTracker import PythonCancelTracker
  File "E:\sw_nt\XTools\XTools AGP\Python\Scripts\Base\PythonCancelTracker.py", line 20, in <module>
    from XTools.XToolsAGP.Core import ICancelTracker
ModuleNotFoundError: No module named 'XTools'
