2026-02-02 14:51:43,682 - logging_setup - INFO - Logging set up - Log file: \\GISWHSE.ENV.GOV.BC.CA\WHSE_NP\corp\script_whse\python\Utility_Misc\Ready\statusing_tools_arcpro\autoast\auto_ast_V2_Cuisinart_MultiP_PdfMaps\autoast_batch_logs_folder_20260202\ast_batch_log_20260202_145143.log
2026-02-02 14:51:44,744 - logging_setup - INFO - AST Toolbox imported successfully.
2026-02-02 14:51:44,756 - logging_setup - INFO - Secret file H:\secrets\bcgw.env found
2026-02-02 14:51:44,757 - logging_setup - INFO - Database user csostad and password found
2026-02-02 14:51:44,924 - root - INFO - Logger initialized
2026-02-02 14:51:45,796 - root - ERROR - Failed to import tools
Traceback (most recent call last):
  File "P:\corp\central_clones\python_geopandas\lib\site-packages\XTools Pro\esri\toolboxes\XTools Pro.pyt", line 95, in <module>
    from Tools.FeaturesToPointsTool import *
  File "E:\sw_nt\XTools\XTools AGP\Python\Tools\FeaturesToPointsTool.py", line 1, in <module>
    from Tools.BaseTool import BaseTool
  File "E:\sw_nt\XTools\XTools AGP\Python\Tools\BaseTool.py", line 7, in <module>
    from Scripts.Base.PythonCancelTracker import PythonCancelTracker
  File "E:\sw_nt\XTools\XTools AGP\Python\Scripts\Base\PythonCancelTracker.py", line 20, in <module>
    from XTools.XToolsAGP.Core import ICancelTracker
ModuleNotFoundError: No module named 'XTools'
2026-02-02 14:51:45,803 - root - ERROR - No module named 'XTools'
Traceback (most recent call last):
  File "P:\corp\central_clones\python_geopandas\lib\site-packages\XTools Pro\esri\toolboxes\XTools Pro.pyt", line 95, in <module>
    from Tools.FeaturesToPointsTool import *
  File "E:\sw_nt\XTools\XTools AGP\Python\Tools\FeaturesToPointsTool.py", line 1, in <module>
    from Tools.BaseTool import BaseTool
  File "E:\sw_nt\XTools\XTools AGP\Python\Tools\BaseTool.py", line 7, in <module>
    from Scripts.Base.PythonCancelTracker import PythonCancelTracker
  File "E:\sw_nt\XTools\XTools AGP\Python\Scripts\Base\PythonCancelTracker.py", line 20, in <module>
    from XTools.XToolsAGP.Core import ICancelTracker
ModuleNotFoundError: No module named 'XTools'
2026-02-02 14:52:14,401 - logging_setup - INFO - new db connection created
2026-02-02 14:52:24,907 - logging_setup - INFO - workspace set to bcgw connection
2026-02-02 14:52:24,908 - logging_setup - INFO - SDE Connection established at: \\GISWHSE.ENV.GOV.BC.CA\WHSE_NP\corp\script_whse\python\Utility_Misc\Ready\statusing_tools_arcpro\autoast\auto_ast_V2_Cuisinart_MultiP_PdfMaps\connection\bcgw.sde
2026-02-02 14:52:24,908 - logging_setup - INFO - Main: Creating queuefile path for gr_2026_147_1_job.xlsx
2026-02-02 14:52:24,909 - logging_setup - INFO - Main: Loading jobs from gr_2026_147_1_job.xlsx
2026-02-02 14:52:24,910 - logging_setup - INFO - ##########################################################################################################################
2026-02-02 14:52:24,910 - logging_setup - INFO - #
2026-02-02 14:52:24,911 - logging_setup - INFO - Loading Jobs...
2026-02-02 14:52:24,911 - logging_setup - INFO - #
2026-02-02 14:52:24,912 - logging_setup - INFO - ##########################################################################################################################
2026-02-02 14:52:24,936 - logging_setup - INFO - 

2026-02-02 14:52:24,936 - logging_setup - INFO - -------------------------------------------------------------------------------
2026-02-02 14:52:24,937 - logging_setup - INFO - -                        Load Jobs: Start of Job 0                               -
2026-02-02 14:52:24,937 - logging_setup - INFO - -------------------------------------------------------------------------------
2026-02-02 14:52:24,937 - logging_setup - INFO - 

2026-02-02 14:52:24,938 - logging_setup - INFO - Load Jobs - Creating empty dictionary
2026-02-02 14:52:24,938 - logging_setup - INFO - Load Jobs - (Queued assigned to Job (0) is (Queued)
2026-02-02 14:52:24,938 - logging_setup - INFO - 

2026-02-02 14:52:24,939 - logging_setup - INFO - ##########################################################################################################################
2026-02-02 14:52:24,939 - logging_setup - INFO - #
2026-02-02 14:52:24,940 - logging_setup - INFO - Running Add Job Results from Load Jobs Function
2026-02-02 14:52:24,941 - logging_setup - INFO - #
2026-02-02 14:52:24,941 - logging_setup - INFO - ##########################################################################################################################
2026-02-02 14:52:24,941 - logging_setup - INFO - 

2026-02-02 14:52:24,955 - logging_setup - INFO - Add Job Result - Workbook loaded
2026-02-02 14:52:24,956 - logging_setup - INFO - Add Job Result - 'ast_condition' column found in the spreadsheet.
2026-02-02 14:52:24,957 - logging_setup - INFO - Add Job Result - Calculated Excel row index as 2 for job index 0
2026-02-02 14:52:24,957 - logging_setup - INFO - Add Job Result - Updated Job 0 with condition 'Queued'.
2026-02-02 14:52:24,990 - logging_setup - INFO - Add Job Result - Saving Workbook with updated condition
2026-02-02 14:52:24,990 - logging_setup - INFO - Load Jobs - Added job condition 'Queued' for job 0 to jobs list
2026-02-02 14:52:24,991 - logging_setup - INFO - Classifying input type for job 0
2026-02-02 14:52:24,991 - logging_setup - INFO - Classifying Input Type - Feature layer found: \\spatialfiles.bcgov\srm\gss\projects\gr_2026_147_wha_statuses\shapefiles\kootenay_boundary_rocky_mtn\main_rockymtn_core.shp
2026-02-02 14:52:24,991 - logging_setup - INFO - Classifying Input Type - Processing feature layer: \\spatialfiles.bcgov\srm\gss\projects\gr_2026_147_wha_statuses\shapefiles\kootenay_boundary_rocky_mtn\main_rockymtn_core.shp
2026-02-02 14:52:24,992 - logging_setup - INFO - Classifying Input Type - No FW File Number provided, using original shapefile path
2026-02-02 14:52:24,992 - logging_setup - INFO - Load Jobs - Job Condition is not Complete (Queued), adding job: 0 to jobs list
2026-02-02 14:52:24,993 - logging_setup - INFO - 

2026-02-02 14:52:24,993 - logging_setup - INFO - -------------------------------------------------------------------------------
2026-02-02 14:52:24,993 - logging_setup - INFO - -                        End of Job 0                                -
2026-02-02 14:52:24,994 - logging_setup - INFO - -------------------------------------------------------------------------------
2026-02-02 14:52:24,994 - logging_setup - INFO - 

2026-02-02 14:52:24,995 - logging_setup - INFO - Main: Batching jobs for gr_2026_147_1_job.xlsx
2026-02-02 14:52:24,995 - logging_setup - INFO - 

2026-02-02 14:52:24,995 - logging_setup - INFO - ##########################################################################################################################
2026-02-02 14:52:24,996 - logging_setup - INFO - #
2026-02-02 14:52:24,996 - logging_setup - INFO - Batch AST: Batching Jobs with Multiprocessing...
2026-02-02 14:52:24,996 - logging_setup - INFO - #
2026-02-02 14:52:24,997 - logging_setup - INFO - ##########################################################################################################################
2026-02-02 14:52:24,997 - logging_setup - INFO - 

2026-02-02 14:52:24,997 - logging_setup - INFO - Batch Ast: Job Timeout set to 21600 seconds (6 hours)
2026-02-02 14:52:24,998 - logging_setup - INFO - Batch Ast: Process health checks enabled (every 60s)
2026-02-02 14:52:36,165 - logging_setup - INFO - Batch Ast: Starting job 0
2026-02-02 14:52:36,200 - logging_setup - INFO - Batch Ast: Queued Job 0.....Multiproccessing started......
2026-02-02 14:52:36,201 - logging_setup - INFO - Batch Ast: Monitoring 1 jobs with 6-hour timeout and health checks
