2026-02-02 15:38:35,237 - logging_setup - INFO - Logging set up - Log file: \\GISWHSE.ENV.GOV.BC.CA\WHSE_NP\corp\script_whse\python\Utility_Misc\Ready\statusing_tools_arcpro\autoast\auto_ast_V2_Cuisinart_MultiP_PdfMaps\autoast_batch_logs_folder_20260202\ast_batch_log_20260202_153835.log
2026-02-02 15:38:36,901 - logging_setup - INFO - AST Toolbox imported successfully.
2026-02-02 15:38:36,915 - logging_setup - INFO - Secret file H:\secrets\bcgw.env found
2026-02-02 15:38:36,915 - logging_setup - INFO - Database user csostad and password found
2026-02-02 15:38:37,081 - root - INFO - Logger initialized
2026-02-02 15:38:37,939 - root - ERROR - Failed to import tools
Traceback (most recent call last):
  File "P:\corp\central_clones\python_geopandas\lib\site-packages\XTools Pro\esri\toolboxes\XTools Pro.pyt", line 95, in <module>
    from Tools.FeaturesToPointsTool import *
  File "E:\sw_nt\XTools\XTools AGP\Python\Tools\FeaturesToPointsTool.py", line 1, in <module>
    from Tools.BaseTool import BaseTool
  File "E:\sw_nt\XTools\XTools AGP\Python\Tools\BaseTool.py", line 7, in <module>
    from Scripts.Base.PythonCancelTracker import PythonCancelTracker
  File "E:\sw_nt\XTools\XTools AGP\Python\Scripts\Base\PythonCancelTracker.py", line 20, in <module>
    from XTools.XToolsAGP.Core import ICancelTracker
ModuleNotFoundError: No module named 'XTools.XToolsAGP.Core'
2026-02-02 15:38:37,952 - root - ERROR - No module named 'XTools.XToolsAGP.Core'
Traceback (most recent call last):
  File "P:\corp\central_clones\python_geopandas\lib\site-packages\XTools Pro\esri\toolboxes\XTools Pro.pyt", line 95, in <module>
    from Tools.FeaturesToPointsTool import *
  File "E:\sw_nt\XTools\XTools AGP\Python\Tools\FeaturesToPointsTool.py", line 1, in <module>
    from Tools.BaseTool import BaseTool
  File "E:\sw_nt\XTools\XTools AGP\Python\Tools\BaseTool.py", line 7, in <module>
    from Scripts.Base.PythonCancelTracker import PythonCancelTracker
  File "E:\sw_nt\XTools\XTools AGP\Python\Scripts\Base\PythonCancelTracker.py", line 20, in <module>
    from XTools.XToolsAGP.Core import ICancelTracker
ModuleNotFoundError: No module named 'XTools.XToolsAGP.Core'
2026-02-02 15:38:56,522 - logging_setup - INFO - new db connection created
2026-02-02 15:38:56,568 - logging_setup - INFO - workspace set to bcgw connection
2026-02-02 15:38:56,571 - logging_setup - INFO - SDE Connection established at: \\GISWHSE.ENV.GOV.BC.CA\WHSE_NP\corp\script_whse\python\Utility_Misc\Ready\statusing_tools_arcpro\autoast\auto_ast_V2_Cuisinart_MultiP_PdfMaps\connection\bcgw.sde
2026-02-02 15:38:56,572 - logging_setup - INFO - Main: Creating queuefile path for gr_2026_147.xlsx
2026-02-02 15:38:56,575 - logging_setup - INFO - Main: Loading jobs from gr_2026_147.xlsx
2026-02-02 15:38:56,575 - logging_setup - INFO - ##########################################################################################################################
2026-02-02 15:38:56,576 - logging_setup - INFO - #
2026-02-02 15:38:56,576 - logging_setup - INFO - Loading Jobs...
2026-02-02 15:38:56,577 - logging_setup - INFO - #
2026-02-02 15:38:56,577 - logging_setup - INFO - ##########################################################################################################################
2026-02-02 15:38:56,611 - logging_setup - INFO - 

2026-02-02 15:38:56,612 - logging_setup - INFO - -------------------------------------------------------------------------------
2026-02-02 15:38:56,613 - logging_setup - INFO - -                        Load Jobs: Start of Job 0                               -
2026-02-02 15:38:56,613 - logging_setup - INFO - -------------------------------------------------------------------------------
2026-02-02 15:38:56,614 - logging_setup - INFO - 

2026-02-02 15:38:56,615 - logging_setup - INFO - Load Jobs - Creating empty dictionary
2026-02-02 15:38:56,615 - logging_setup - INFO - Load Jobs - (Queued assigned to Job (0) is (Queued)
2026-02-02 15:38:56,615 - logging_setup - INFO - 

2026-02-02 15:38:56,616 - logging_setup - INFO - ##########################################################################################################################
2026-02-02 15:38:56,616 - logging_setup - INFO - #
2026-02-02 15:38:56,617 - logging_setup - INFO - Running Add Job Results from Load Jobs Function
2026-02-02 15:38:56,618 - logging_setup - INFO - #
2026-02-02 15:38:56,618 - logging_setup - INFO - ##########################################################################################################################
2026-02-02 15:38:56,619 - logging_setup - INFO - 

2026-02-02 15:38:56,636 - logging_setup - INFO - Add Job Result - Workbook loaded
2026-02-02 15:38:56,637 - logging_setup - INFO - Add Job Result - 'ast_condition' column found in the spreadsheet.
2026-02-02 15:38:56,638 - logging_setup - INFO - Add Job Result - Calculated Excel row index as 2 for job index 0
2026-02-02 15:38:56,639 - logging_setup - INFO - Add Job Result - Updated Job 0 with condition 'Queued'.
2026-02-02 15:38:56,673 - logging_setup - INFO - Add Job Result - Saving Workbook with updated condition
2026-02-02 15:38:56,674 - logging_setup - INFO - Load Jobs - Added job condition 'Queued' for job 0 to jobs list
2026-02-02 15:38:56,675 - logging_setup - INFO - Classifying input type for job 0
2026-02-02 15:38:56,675 - logging_setup - INFO - Classifying Input Type - Feature layer found: \\spatialfiles.bcgov\srm\gss\projects\gr_2026_147_wha_statuses\shapefiles\kootenay_boundary_rocky_mtn\main_rockymtn_core.shp
2026-02-02 15:38:56,676 - logging_setup - INFO - Classifying Input Type - Processing feature layer: \\spatialfiles.bcgov\srm\gss\projects\gr_2026_147_wha_statuses\shapefiles\kootenay_boundary_rocky_mtn\main_rockymtn_core.shp
2026-02-02 15:38:56,677 - logging_setup - INFO - Classifying Input Type - No FW File Number provided, using original shapefile path
2026-02-02 15:38:56,677 - logging_setup - INFO - Load Jobs - Job Condition is not Complete (Queued), adding job: 0 to jobs list
2026-02-02 15:38:56,678 - logging_setup - INFO - 

2026-02-02 15:38:56,678 - logging_setup - INFO - -------------------------------------------------------------------------------
2026-02-02 15:38:56,678 - logging_setup - INFO - -                        End of Job 0                                -
2026-02-02 15:38:56,679 - logging_setup - INFO - -------------------------------------------------------------------------------
2026-02-02 15:38:56,679 - logging_setup - INFO - 

2026-02-02 15:38:56,680 - logging_setup - INFO - 

2026-02-02 15:38:56,680 - logging_setup - INFO - -------------------------------------------------------------------------------
2026-02-02 15:38:56,681 - logging_setup - INFO - -                        Load Jobs: Start of Job 1                               -
2026-02-02 15:38:56,681 - logging_setup - INFO - -------------------------------------------------------------------------------
2026-02-02 15:38:56,682 - logging_setup - INFO - 

2026-02-02 15:38:56,682 - logging_setup - INFO - Load Jobs - Creating empty dictionary
2026-02-02 15:38:56,682 - logging_setup - INFO - Load Jobs - (Queued assigned to Job (1) is (Queued)
2026-02-02 15:38:56,683 - logging_setup - INFO - 

2026-02-02 15:38:56,683 - logging_setup - INFO - ##########################################################################################################################
2026-02-02 15:38:56,684 - logging_setup - INFO - #
2026-02-02 15:38:56,684 - logging_setup - INFO - Running Add Job Results from Load Jobs Function
2026-02-02 15:38:56,685 - logging_setup - INFO - #
2026-02-02 15:38:56,685 - logging_setup - INFO - ##########################################################################################################################
2026-02-02 15:38:56,686 - logging_setup - INFO - 

2026-02-02 15:38:56,706 - logging_setup - INFO - Add Job Result - Workbook loaded
2026-02-02 15:38:56,707 - logging_setup - INFO - Add Job Result - 'ast_condition' column found in the spreadsheet.
2026-02-02 15:38:56,708 - logging_setup - INFO - Add Job Result - Calculated Excel row index as 3 for job index 1
2026-02-02 15:38:56,708 - logging_setup - INFO - Add Job Result - Updated Job 1 with condition 'Queued'.
2026-02-02 15:38:56,742 - logging_setup - INFO - Add Job Result - Saving Workbook with updated condition
2026-02-02 15:38:56,742 - logging_setup - INFO - Load Jobs - Added job condition 'Queued' for job 1 to jobs list
2026-02-02 15:38:56,743 - logging_setup - INFO - Classifying input type for job 1
2026-02-02 15:38:56,744 - logging_setup - INFO - Classifying Input Type - Feature layer found: \\spatialfiles.bcgov\srm\gss\projects\gr_2026_147_wha_statuses\shapefiles\kootenay_boundary_selkirk\main_selkirk_core.shp
2026-02-02 15:38:56,744 - logging_setup - INFO - Classifying Input Type - Processing feature layer: \\spatialfiles.bcgov\srm\gss\projects\gr_2026_147_wha_statuses\shapefiles\kootenay_boundary_selkirk\main_selkirk_core.shp
2026-02-02 15:38:56,745 - logging_setup - INFO - Classifying Input Type - No FW File Number provided, using original shapefile path
2026-02-02 15:38:56,745 - logging_setup - INFO - Load Jobs - Job Condition is not Complete (Queued), adding job: 1 to jobs list
2026-02-02 15:38:56,746 - logging_setup - INFO - 

2026-02-02 15:38:56,746 - logging_setup - INFO - -------------------------------------------------------------------------------
2026-02-02 15:38:56,747 - logging_setup - INFO - -                        End of Job 1                                -
2026-02-02 15:38:56,749 - logging_setup - INFO - -------------------------------------------------------------------------------
2026-02-02 15:38:56,750 - logging_setup - INFO - 

2026-02-02 15:38:56,751 - logging_setup - INFO - 

2026-02-02 15:38:56,751 - logging_setup - INFO - -------------------------------------------------------------------------------
2026-02-02 15:38:56,752 - logging_setup - INFO - -                        Load Jobs: Start of Job 2                               -
2026-02-02 15:38:56,753 - logging_setup - INFO - -------------------------------------------------------------------------------
2026-02-02 15:38:56,753 - logging_setup - INFO - 

2026-02-02 15:38:56,754 - logging_setup - INFO - Load Jobs - Creating empty dictionary
2026-02-02 15:38:56,754 - logging_setup - INFO - Load Jobs - (Queued assigned to Job (2) is (Queued)
2026-02-02 15:38:56,755 - logging_setup - INFO - 

2026-02-02 15:38:56,755 - logging_setup - INFO - ##########################################################################################################################
2026-02-02 15:38:56,756 - logging_setup - INFO - #
2026-02-02 15:38:56,756 - logging_setup - INFO - Running Add Job Results from Load Jobs Function
2026-02-02 15:38:56,757 - logging_setup - INFO - #
2026-02-02 15:38:56,757 - logging_setup - INFO - ##########################################################################################################################
2026-02-02 15:38:56,758 - logging_setup - INFO - 

2026-02-02 15:38:56,778 - logging_setup - INFO - Add Job Result - Workbook loaded
2026-02-02 15:38:56,779 - logging_setup - INFO - Add Job Result - 'ast_condition' column found in the spreadsheet.
2026-02-02 15:38:56,779 - logging_setup - INFO - Add Job Result - Calculated Excel row index as 4 for job index 2
2026-02-02 15:38:56,780 - logging_setup - INFO - Add Job Result - Updated Job 2 with condition 'Queued'.
2026-02-02 15:38:56,845 - logging_setup - INFO - Add Job Result - Saving Workbook with updated condition
2026-02-02 15:38:56,846 - logging_setup - INFO - Load Jobs - Added job condition 'Queued' for job 2 to jobs list
2026-02-02 15:38:56,846 - logging_setup - INFO - Classifying input type for job 2
2026-02-02 15:38:56,847 - logging_setup - INFO - Classifying Input Type - Feature layer found: \\spatialfiles.bcgov\srm\gss\projects\gr_2026_147_wha_statuses\shapefiles\Omineca_main_prince_george_core\main_princegeorge_core.shp
2026-02-02 15:38:56,848 - logging_setup - INFO - Classifying Input Type - Processing feature layer: \\spatialfiles.bcgov\srm\gss\projects\gr_2026_147_wha_statuses\shapefiles\Omineca_main_prince_george_core\main_princegeorge_core.shp
2026-02-02 15:38:56,849 - logging_setup - INFO - Classifying Input Type - No FW File Number provided, using original shapefile path
2026-02-02 15:38:56,849 - logging_setup - INFO - Load Jobs - Job Condition is not Complete (Queued), adding job: 2 to jobs list
2026-02-02 15:38:56,850 - logging_setup - INFO - 

2026-02-02 15:38:56,850 - logging_setup - INFO - -------------------------------------------------------------------------------
2026-02-02 15:38:56,850 - logging_setup - INFO - -                        End of Job 2                                -
2026-02-02 15:38:56,851 - logging_setup - INFO - -------------------------------------------------------------------------------
2026-02-02 15:38:56,853 - logging_setup - INFO - 

2026-02-02 15:38:56,854 - logging_setup - INFO - 

2026-02-02 15:38:56,854 - logging_setup - INFO - -------------------------------------------------------------------------------
2026-02-02 15:38:56,854 - logging_setup - INFO - -                        Load Jobs: Start of Job 3                               -
2026-02-02 15:38:56,855 - logging_setup - INFO - -------------------------------------------------------------------------------
2026-02-02 15:38:56,855 - logging_setup - INFO - 

2026-02-02 15:38:56,856 - logging_setup - INFO - Load Jobs - Creating empty dictionary
2026-02-02 15:38:56,856 - logging_setup - INFO - Load Jobs - (Queued assigned to Job (3) is (Queued)
2026-02-02 15:38:56,856 - logging_setup - INFO - 

2026-02-02 15:38:56,857 - logging_setup - INFO - ##########################################################################################################################
2026-02-02 15:38:56,857 - logging_setup - INFO - #
2026-02-02 15:38:56,858 - logging_setup - INFO - Running Add Job Results from Load Jobs Function
2026-02-02 15:38:56,858 - logging_setup - INFO - #
2026-02-02 15:38:56,858 - logging_setup - INFO - ##########################################################################################################################
2026-02-02 15:38:56,859 - logging_setup - INFO - 

2026-02-02 15:38:56,882 - logging_setup - INFO - Add Job Result - Workbook loaded
2026-02-02 15:38:56,882 - logging_setup - INFO - Add Job Result - 'ast_condition' column found in the spreadsheet.
2026-02-02 15:38:56,883 - logging_setup - INFO - Add Job Result - Calculated Excel row index as 5 for job index 3
2026-02-02 15:38:56,883 - logging_setup - INFO - Add Job Result - Updated Job 3 with condition 'Queued'.
2026-02-02 15:38:56,913 - logging_setup - INFO - Add Job Result - Saving Workbook with updated condition
2026-02-02 15:38:56,914 - logging_setup - INFO - Load Jobs - Added job condition 'Queued' for job 3 to jobs list
2026-02-02 15:38:56,915 - logging_setup - INFO - Classifying input type for job 3
2026-02-02 15:38:56,915 - logging_setup - INFO - Classifying Input Type - Feature layer found: \\spatialfiles.bcgov\srm\gss\projects\gr_2026_147_wha_statuses\shapefiles\thompson_okanagan_okanagan\main_okanagan_core.shp
2026-02-02 15:38:56,916 - logging_setup - INFO - Classifying Input Type - Processing feature layer: \\spatialfiles.bcgov\srm\gss\projects\gr_2026_147_wha_statuses\shapefiles\thompson_okanagan_okanagan\main_okanagan_core.shp
2026-02-02 15:38:56,917 - logging_setup - INFO - Classifying Input Type - No FW File Number provided, using original shapefile path
2026-02-02 15:38:56,917 - logging_setup - INFO - Load Jobs - Job Condition is not Complete (Queued), adding job: 3 to jobs list
2026-02-02 15:38:56,918 - logging_setup - INFO - 

2026-02-02 15:38:56,919 - logging_setup - INFO - -------------------------------------------------------------------------------
2026-02-02 15:38:56,920 - logging_setup - INFO - -                        End of Job 3                                -
2026-02-02 15:38:56,920 - logging_setup - INFO - -------------------------------------------------------------------------------
2026-02-02 15:38:56,921 - logging_setup - INFO - 

2026-02-02 15:38:56,921 - logging_setup - INFO - 

2026-02-02 15:38:56,922 - logging_setup - INFO - -------------------------------------------------------------------------------
2026-02-02 15:38:56,922 - logging_setup - INFO - -                        Load Jobs: Start of Job 4                               -
2026-02-02 15:38:56,924 - logging_setup - INFO - -------------------------------------------------------------------------------
2026-02-02 15:38:56,925 - logging_setup - INFO - 

2026-02-02 15:38:56,925 - logging_setup - INFO - Load Jobs - Creating empty dictionary
2026-02-02 15:38:56,926 - logging_setup - INFO - Load Jobs - (Queued assigned to Job (4) is (Queued)
2026-02-02 15:38:56,927 - logging_setup - INFO - 

2026-02-02 15:38:56,928 - logging_setup - INFO - ##########################################################################################################################
2026-02-02 15:38:56,928 - logging_setup - INFO - #
2026-02-02 15:38:56,929 - logging_setup - INFO - Running Add Job Results from Load Jobs Function
2026-02-02 15:38:56,930 - logging_setup - INFO - #
2026-02-02 15:38:56,931 - logging_setup - INFO - ##########################################################################################################################
2026-02-02 15:38:56,932 - logging_setup - INFO - 

2026-02-02 15:38:56,951 - logging_setup - INFO - Add Job Result - Workbook loaded
2026-02-02 15:38:56,952 - logging_setup - INFO - Add Job Result - 'ast_condition' column found in the spreadsheet.
2026-02-02 15:38:56,953 - logging_setup - INFO - Add Job Result - Calculated Excel row index as 6 for job index 4
2026-02-02 15:38:56,953 - logging_setup - INFO - Add Job Result - Updated Job 4 with condition 'Queued'.
2026-02-02 15:38:56,989 - logging_setup - INFO - Add Job Result - Saving Workbook with updated condition
2026-02-02 15:38:56,990 - logging_setup - INFO - Load Jobs - Added job condition 'Queued' for job 4 to jobs list
2026-02-02 15:38:56,990 - logging_setup - INFO - Classifying input type for job 4
2026-02-02 15:38:56,991 - logging_setup - INFO - Classifying Input Type - Feature layer found: \\spatialfiles.bcgov\srm\gss\projects\gr_2026_147_wha_statuses\shapefiles\thompson_okanagan_thompson\main_thompson_core.shp
2026-02-02 15:38:56,992 - logging_setup - INFO - Classifying Input Type - Processing feature layer: \\spatialfiles.bcgov\srm\gss\projects\gr_2026_147_wha_statuses\shapefiles\thompson_okanagan_thompson\main_thompson_core.shp
2026-02-02 15:38:56,992 - logging_setup - INFO - Classifying Input Type - No FW File Number provided, using original shapefile path
2026-02-02 15:38:56,993 - logging_setup - INFO - Load Jobs - Job Condition is not Complete (Queued), adding job: 4 to jobs list
2026-02-02 15:38:56,993 - logging_setup - INFO - 

2026-02-02 15:38:56,994 - logging_setup - INFO - -------------------------------------------------------------------------------
2026-02-02 15:38:56,995 - logging_setup - INFO - -                        End of Job 4                                -
2026-02-02 15:38:56,996 - logging_setup - INFO - -------------------------------------------------------------------------------
2026-02-02 15:38:56,996 - logging_setup - INFO - 

2026-02-02 15:38:56,996 - logging_setup - INFO - Main: Batching jobs for gr_2026_147.xlsx
2026-02-02 15:38:56,997 - logging_setup - INFO - 

2026-02-02 15:38:56,997 - logging_setup - INFO - ##########################################################################################################################
2026-02-02 15:38:56,998 - logging_setup - INFO - #
2026-02-02 15:38:56,998 - logging_setup - INFO - Batch AST: Batching Jobs with Multiprocessing...
2026-02-02 15:38:56,999 - logging_setup - INFO - #
2026-02-02 15:38:56,999 - logging_setup - INFO - ##########################################################################################################################
2026-02-02 15:38:57,000 - logging_setup - INFO - 

2026-02-02 15:38:57,000 - logging_setup - INFO - Batch Ast: Job Timeout set to 21600 seconds (6 hours)
2026-02-02 15:38:57,001 - logging_setup - INFO - Batch Ast: Process health checks enabled (every 60s)
