2026-02-02 14:14:39,042 - logging_setup - INFO - Logging set up - Log file: \\GISWHSE.ENV.GOV.BC.CA\WHSE_NP\corp\script_whse\python\Utility_Misc\Ready\statusing_tools_arcpro\autoast\auto_ast_V2_Cuisinart_MultiP_PdfMaps\autoast_batch_logs_folder_20260202\ast_batch_log_20260202_141439.log
2026-02-02 14:14:40,249 - logging_setup - INFO - AST Toolbox imported successfully.
2026-02-02 14:14:40,264 - logging_setup - INFO - Secret file H:\secrets\bcgw.env found
2026-02-02 14:14:40,265 - logging_setup - INFO - Database user csostad and password found
2026-02-02 14:14:40,419 - root - INFO - Logger initialized
2026-02-02 14:14:41,308 - root - ERROR - Failed to import tools
Traceback (most recent call last):
  File "P:\corp\central_clones\python_geopandas\lib\site-packages\XTools Pro\esri\toolboxes\XTools Pro.pyt", line 95, in <module>
    from Tools.FeaturesToPointsTool import *
  File "E:\sw_nt\XTools\XTools AGP\Python\Tools\FeaturesToPointsTool.py", line 1, in <module>
    from Tools.BaseTool import BaseTool
  File "E:\sw_nt\XTools\XTools AGP\Python\Tools\BaseTool.py", line 7, in <module>
    from Scripts.Base.PythonCancelTracker import PythonCancelTracker
  File "E:\sw_nt\XTools\XTools AGP\Python\Scripts\Base\PythonCancelTracker.py", line 20, in <module>
    from XTools.XToolsAGP.Core import ICancelTracker
ModuleNotFoundError: No module named 'XTools'
2026-02-02 14:14:41,314 - root - ERROR - No module named 'XTools'
Traceback (most recent call last):
  File "P:\corp\central_clones\python_geopandas\lib\site-packages\XTools Pro\esri\toolboxes\XTools Pro.pyt", line 95, in <module>
    from Tools.FeaturesToPointsTool import *
  File "E:\sw_nt\XTools\XTools AGP\Python\Tools\FeaturesToPointsTool.py", line 1, in <module>
    from Tools.BaseTool import BaseTool
  File "E:\sw_nt\XTools\XTools AGP\Python\Tools\BaseTool.py", line 7, in <module>
    from Scripts.Base.PythonCancelTracker import PythonCancelTracker
  File "E:\sw_nt\XTools\XTools AGP\Python\Scripts\Base\PythonCancelTracker.py", line 20, in <module>
    from XTools.XToolsAGP.Core import ICancelTracker
ModuleNotFoundError: No module named 'XTools'
2026-02-02 14:15:08,925 - logging_setup - INFO - new db connection created
2026-02-02 14:15:19,268 - logging_setup - INFO - workspace set to bcgw connection
2026-02-02 14:15:19,269 - logging_setup - INFO - SDE Connection established at: \\GISWHSE.ENV.GOV.BC.CA\WHSE_NP\corp\script_whse\python\Utility_Misc\Ready\statusing_tools_arcpro\autoast\auto_ast_V2_Cuisinart_MultiP_PdfMaps\connection\bcgw.sde
2026-02-02 14:15:19,269 - logging_setup - INFO - Main: Creating queuefile path for gr_2026_147.xlsx
2026-02-02 14:15:19,271 - logging_setup - INFO - Main: Loading jobs from gr_2026_147.xlsx
2026-02-02 14:15:19,272 - logging_setup - INFO - ##########################################################################################################################
2026-02-02 14:15:19,272 - logging_setup - INFO - #
2026-02-02 14:15:19,272 - logging_setup - INFO - Loading Jobs...
2026-02-02 14:15:19,273 - logging_setup - INFO - #
2026-02-02 14:15:19,273 - logging_setup - INFO - ##########################################################################################################################
2026-02-02 14:15:19,297 - logging_setup - INFO - 

2026-02-02 14:15:19,298 - logging_setup - INFO - -------------------------------------------------------------------------------
2026-02-02 14:15:19,298 - logging_setup - INFO - -                        Load Jobs: Start of Job 0                               -
2026-02-02 14:15:19,298 - logging_setup - INFO - -------------------------------------------------------------------------------
2026-02-02 14:15:19,299 - logging_setup - INFO - 

2026-02-02 14:15:19,299 - logging_setup - INFO - Load Jobs - Creating empty dictionary
2026-02-02 14:15:19,300 - logging_setup - INFO - Load Jobs - (Queued assigned to Job (0) is (Queued)
2026-02-02 14:15:19,300 - logging_setup - INFO - 

2026-02-02 14:15:19,300 - logging_setup - INFO - ##########################################################################################################################
2026-02-02 14:15:19,301 - logging_setup - INFO - #
2026-02-02 14:15:19,301 - logging_setup - INFO - Running Add Job Results from Load Jobs Function
2026-02-02 14:15:19,302 - logging_setup - INFO - #
2026-02-02 14:15:19,302 - logging_setup - INFO - ##########################################################################################################################
2026-02-02 14:15:19,303 - logging_setup - INFO - 

2026-02-02 14:15:19,317 - logging_setup - INFO - Add Job Result - Workbook loaded
2026-02-02 14:15:19,317 - logging_setup - INFO - Add Job Result - 'ast_condition' column found in the spreadsheet.
2026-02-02 14:15:19,318 - logging_setup - INFO - Add Job Result - Calculated Excel row index as 2 for job index 0
2026-02-02 14:15:19,318 - logging_setup - INFO - Add Job Result - Updated Job 0 with condition 'Queued'.
2026-02-02 14:15:19,346 - logging_setup - INFO - Add Job Result - Saving Workbook with updated condition
2026-02-02 14:15:19,347 - logging_setup - INFO - Load Jobs - Added job condition 'Queued' for job 0 to jobs list
2026-02-02 14:15:19,347 - logging_setup - INFO - Classifying input type for job 0
2026-02-02 14:15:19,348 - logging_setup - INFO - Classifying Input Type - Feature layer found: \\spatialfiles.bcgov\srm\gss\projects\gr_2026_147_wha_statuses\shapefiles\kootenay_boundary_rocky_mtn\main_rockymtn_core.shp
2026-02-02 14:15:19,348 - logging_setup - INFO - Classifying Input Type - Processing feature layer: \\spatialfiles.bcgov\srm\gss\projects\gr_2026_147_wha_statuses\shapefiles\kootenay_boundary_rocky_mtn\main_rockymtn_core.shp
2026-02-02 14:15:19,349 - logging_setup - INFO - Classifying Input Type - No FW File Number provided, using original shapefile path
2026-02-02 14:15:19,349 - logging_setup - INFO - Load Jobs - Job Condition is not Complete (Queued), adding job: 0 to jobs list
2026-02-02 14:15:19,349 - logging_setup - INFO - 

2026-02-02 14:15:19,350 - logging_setup - INFO - -------------------------------------------------------------------------------
2026-02-02 14:15:19,350 - logging_setup - INFO - -                        End of Job 0                                -
2026-02-02 14:15:19,350 - logging_setup - INFO - -------------------------------------------------------------------------------
2026-02-02 14:15:19,351 - logging_setup - INFO - 

2026-02-02 14:15:19,351 - logging_setup - INFO - 

2026-02-02 14:15:19,351 - logging_setup - INFO - -------------------------------------------------------------------------------
2026-02-02 14:15:19,352 - logging_setup - INFO - -                        Load Jobs: Start of Job 1                               -
2026-02-02 14:15:19,352 - logging_setup - INFO - -------------------------------------------------------------------------------
2026-02-02 14:15:19,353 - logging_setup - INFO - 

2026-02-02 14:15:19,353 - logging_setup - INFO - Load Jobs - Creating empty dictionary
2026-02-02 14:15:19,354 - logging_setup - INFO - Load Jobs - (Queued assigned to Job (1) is (Queued)
2026-02-02 14:15:19,354 - logging_setup - INFO - 

2026-02-02 14:15:19,355 - logging_setup - INFO - ##########################################################################################################################
2026-02-02 14:15:19,355 - logging_setup - INFO - #
2026-02-02 14:15:19,355 - logging_setup - INFO - Running Add Job Results from Load Jobs Function
2026-02-02 14:15:19,356 - logging_setup - INFO - #
2026-02-02 14:15:19,356 - logging_setup - INFO - ##########################################################################################################################
2026-02-02 14:15:19,357 - logging_setup - INFO - 

2026-02-02 14:15:19,372 - logging_setup - INFO - Add Job Result - Workbook loaded
2026-02-02 14:15:19,372 - logging_setup - INFO - Add Job Result - 'ast_condition' column found in the spreadsheet.
2026-02-02 14:15:19,372 - logging_setup - INFO - Add Job Result - Calculated Excel row index as 3 for job index 1
2026-02-02 14:15:19,373 - logging_setup - INFO - Add Job Result - Updated Job 1 with condition 'Queued'.
2026-02-02 14:15:19,397 - logging_setup - INFO - Add Job Result - Saving Workbook with updated condition
2026-02-02 14:15:19,397 - logging_setup - INFO - Load Jobs - Added job condition 'Queued' for job 1 to jobs list
2026-02-02 14:15:19,398 - logging_setup - INFO - Classifying input type for job 1
2026-02-02 14:15:19,398 - logging_setup - INFO - Classifying Input Type - Feature layer found: \\spatialfiles.bcgov\srm\gss\projects\gr_2026_147_wha_statuses\shapefiles\kootenay_boundary_selkirk\main_selkirk_core.shp
2026-02-02 14:15:19,399 - logging_setup - INFO - Classifying Input Type - Processing feature layer: \\spatialfiles.bcgov\srm\gss\projects\gr_2026_147_wha_statuses\shapefiles\kootenay_boundary_selkirk\main_selkirk_core.shp
2026-02-02 14:15:19,399 - logging_setup - INFO - Classifying Input Type - No FW File Number provided, using original shapefile path
2026-02-02 14:15:19,400 - logging_setup - INFO - Load Jobs - Job Condition is not Complete (Queued), adding job: 1 to jobs list
2026-02-02 14:15:19,400 - logging_setup - INFO - 

2026-02-02 14:15:19,401 - logging_setup - INFO - -------------------------------------------------------------------------------
2026-02-02 14:15:19,401 - logging_setup - INFO - -                        End of Job 1                                -
2026-02-02 14:15:19,401 - logging_setup - INFO - -------------------------------------------------------------------------------
2026-02-02 14:15:19,402 - logging_setup - INFO - 

2026-02-02 14:15:19,402 - logging_setup - INFO - 

2026-02-02 14:15:19,402 - logging_setup - INFO - -------------------------------------------------------------------------------
2026-02-02 14:15:19,403 - logging_setup - INFO - -                        Load Jobs: Start of Job 2                               -
2026-02-02 14:15:19,403 - logging_setup - INFO - -------------------------------------------------------------------------------
2026-02-02 14:15:19,404 - logging_setup - INFO - 

2026-02-02 14:15:19,404 - logging_setup - INFO - Load Jobs - Creating empty dictionary
2026-02-02 14:15:19,405 - logging_setup - INFO - Load Jobs - (Queued assigned to Job (2) is (Queued)
2026-02-02 14:15:19,405 - logging_setup - INFO - 

2026-02-02 14:15:19,405 - logging_setup - INFO - ##########################################################################################################################
2026-02-02 14:15:19,406 - logging_setup - INFO - #
2026-02-02 14:15:19,406 - logging_setup - INFO - Running Add Job Results from Load Jobs Function
2026-02-02 14:15:19,407 - logging_setup - INFO - #
2026-02-02 14:15:19,407 - logging_setup - INFO - ##########################################################################################################################
2026-02-02 14:15:19,408 - logging_setup - INFO - 

2026-02-02 14:15:19,425 - logging_setup - INFO - Add Job Result - Workbook loaded
2026-02-02 14:15:19,425 - logging_setup - INFO - Add Job Result - 'ast_condition' column found in the spreadsheet.
2026-02-02 14:15:19,426 - logging_setup - INFO - Add Job Result - Calculated Excel row index as 4 for job index 2
2026-02-02 14:15:19,426 - logging_setup - INFO - Add Job Result - Updated Job 2 with condition 'Queued'.
2026-02-02 14:15:19,459 - logging_setup - INFO - Add Job Result - Saving Workbook with updated condition
2026-02-02 14:15:19,460 - logging_setup - INFO - Load Jobs - Added job condition 'Queued' for job 2 to jobs list
2026-02-02 14:15:19,460 - logging_setup - INFO - Classifying input type for job 2
2026-02-02 14:15:19,461 - logging_setup - INFO - Classifying Input Type - Feature layer found: \\spatialfiles.bcgov\srm\gss\projects\gr_2026_147_wha_statuses\shapefiles\Omineca_main_prince_george_core\main_princegeorge_core.shp
2026-02-02 14:15:19,461 - logging_setup - INFO - Classifying Input Type - Processing feature layer: \\spatialfiles.bcgov\srm\gss\projects\gr_2026_147_wha_statuses\shapefiles\Omineca_main_prince_george_core\main_princegeorge_core.shp
2026-02-02 14:15:19,462 - logging_setup - INFO - Classifying Input Type - No FW File Number provided, using original shapefile path
2026-02-02 14:15:19,462 - logging_setup - INFO - Load Jobs - Job Condition is not Complete (Queued), adding job: 2 to jobs list
2026-02-02 14:15:19,463 - logging_setup - INFO - 

2026-02-02 14:15:19,463 - logging_setup - INFO - -------------------------------------------------------------------------------
2026-02-02 14:15:19,464 - logging_setup - INFO - -                        End of Job 2                                -
2026-02-02 14:15:19,464 - logging_setup - INFO - -------------------------------------------------------------------------------
2026-02-02 14:15:19,464 - logging_setup - INFO - 

2026-02-02 14:15:19,465 - logging_setup - INFO - 

2026-02-02 14:15:19,465 - logging_setup - INFO - -------------------------------------------------------------------------------
2026-02-02 14:15:19,466 - logging_setup - INFO - -                        Load Jobs: Start of Job 3                               -
2026-02-02 14:15:19,466 - logging_setup - INFO - -------------------------------------------------------------------------------
2026-02-02 14:15:19,467 - logging_setup - INFO - 

2026-02-02 14:15:19,467 - logging_setup - INFO - Load Jobs - Creating empty dictionary
2026-02-02 14:15:19,467 - logging_setup - INFO - Load Jobs - (Queued assigned to Job (3) is (Queued)
2026-02-02 14:15:19,468 - logging_setup - INFO - 

2026-02-02 14:15:19,468 - logging_setup - INFO - ##########################################################################################################################
2026-02-02 14:15:19,469 - logging_setup - INFO - #
2026-02-02 14:15:19,469 - logging_setup - INFO - Running Add Job Results from Load Jobs Function
2026-02-02 14:15:19,469 - logging_setup - INFO - #
2026-02-02 14:15:19,469 - logging_setup - INFO - ##########################################################################################################################
2026-02-02 14:15:19,470 - logging_setup - INFO - 

2026-02-02 14:15:19,486 - logging_setup - INFO - Add Job Result - Workbook loaded
2026-02-02 14:15:19,487 - logging_setup - INFO - Add Job Result - 'ast_condition' column found in the spreadsheet.
2026-02-02 14:15:19,487 - logging_setup - INFO - Add Job Result - Calculated Excel row index as 5 for job index 3
2026-02-02 14:15:19,488 - logging_setup - INFO - Add Job Result - Updated Job 3 with condition 'Queued'.
2026-02-02 14:15:19,512 - logging_setup - INFO - Add Job Result - Saving Workbook with updated condition
2026-02-02 14:15:19,513 - logging_setup - INFO - Load Jobs - Added job condition 'Queued' for job 3 to jobs list
2026-02-02 14:15:19,513 - logging_setup - INFO - Classifying input type for job 3
2026-02-02 14:15:19,514 - logging_setup - INFO - Classifying Input Type - Feature layer found: \\spatialfiles.bcgov\srm\gss\projects\gr_2026_147_wha_statuses\shapefiles\thompson_okanagan_okanagan\main_okanagan_core.shp
2026-02-02 14:15:19,514 - logging_setup - INFO - Classifying Input Type - Processing feature layer: \\spatialfiles.bcgov\srm\gss\projects\gr_2026_147_wha_statuses\shapefiles\thompson_okanagan_okanagan\main_okanagan_core.shp
2026-02-02 14:15:19,515 - logging_setup - INFO - Classifying Input Type - No FW File Number provided, using original shapefile path
2026-02-02 14:15:19,515 - logging_setup - INFO - Load Jobs - Job Condition is not Complete (Queued), adding job: 3 to jobs list
2026-02-02 14:15:19,516 - logging_setup - INFO - 

2026-02-02 14:15:19,516 - logging_setup - INFO - -------------------------------------------------------------------------------
2026-02-02 14:15:19,516 - logging_setup - INFO - -                        End of Job 3                                -
2026-02-02 14:15:19,517 - logging_setup - INFO - -------------------------------------------------------------------------------
2026-02-02 14:15:19,517 - logging_setup - INFO - 

2026-02-02 14:15:19,518 - logging_setup - INFO - 

2026-02-02 14:15:19,518 - logging_setup - INFO - -------------------------------------------------------------------------------
2026-02-02 14:15:19,518 - logging_setup - INFO - -                        Load Jobs: Start of Job 4                               -
2026-02-02 14:15:19,519 - logging_setup - INFO - -------------------------------------------------------------------------------
2026-02-02 14:15:19,519 - logging_setup - INFO - 

2026-02-02 14:15:19,520 - logging_setup - INFO - Load Jobs - Creating empty dictionary
2026-02-02 14:15:19,520 - logging_setup - INFO - Load Jobs - (Queued assigned to Job (4) is (Queued)
2026-02-02 14:15:19,520 - logging_setup - INFO - 

2026-02-02 14:15:19,521 - logging_setup - INFO - ##########################################################################################################################
2026-02-02 14:15:19,521 - logging_setup - INFO - #
2026-02-02 14:15:19,521 - logging_setup - INFO - Running Add Job Results from Load Jobs Function
2026-02-02 14:15:19,522 - logging_setup - INFO - #
2026-02-02 14:15:19,522 - logging_setup - INFO - ##########################################################################################################################
2026-02-02 14:15:19,522 - logging_setup - INFO - 

2026-02-02 14:15:19,538 - logging_setup - INFO - Add Job Result - Workbook loaded
2026-02-02 14:15:19,538 - logging_setup - INFO - Add Job Result - 'ast_condition' column found in the spreadsheet.
2026-02-02 14:15:19,539 - logging_setup - INFO - Add Job Result - Calculated Excel row index as 6 for job index 4
2026-02-02 14:15:19,539 - logging_setup - INFO - Add Job Result - Updated Job 4 with condition 'Queued'.
2026-02-02 14:15:19,565 - logging_setup - INFO - Add Job Result - Saving Workbook with updated condition
2026-02-02 14:15:19,565 - logging_setup - INFO - Load Jobs - Added job condition 'Queued' for job 4 to jobs list
2026-02-02 14:15:19,566 - logging_setup - INFO - Classifying input type for job 4
2026-02-02 14:15:19,566 - logging_setup - INFO - Classifying Input Type - Feature layer found: \\spatialfiles.bcgov\srm\gss\projects\gr_2026_147_wha_statuses\shapefiles\thompson_okanagan_thompson\main_thompson_core.shp
2026-02-02 14:15:19,567 - logging_setup - INFO - Classifying Input Type - Processing feature layer: \\spatialfiles.bcgov\srm\gss\projects\gr_2026_147_wha_statuses\shapefiles\thompson_okanagan_thompson\main_thompson_core.shp
2026-02-02 14:15:19,567 - logging_setup - INFO - Classifying Input Type - No FW File Number provided, using original shapefile path
2026-02-02 14:15:19,567 - logging_setup - INFO - Load Jobs - Job Condition is not Complete (Queued), adding job: 4 to jobs list
2026-02-02 14:15:19,568 - logging_setup - INFO - 

2026-02-02 14:15:19,569 - logging_setup - INFO - -------------------------------------------------------------------------------
2026-02-02 14:15:19,569 - logging_setup - INFO - -                        End of Job 4                                -
2026-02-02 14:15:19,570 - logging_setup - INFO - -------------------------------------------------------------------------------
2026-02-02 14:15:19,570 - logging_setup - INFO - 

2026-02-02 14:15:19,571 - logging_setup - INFO - Main: Batching jobs for gr_2026_147.xlsx
2026-02-02 14:15:19,571 - logging_setup - INFO - 

2026-02-02 14:15:19,571 - logging_setup - INFO - ##########################################################################################################################
2026-02-02 14:15:19,572 - logging_setup - INFO - #
2026-02-02 14:15:19,573 - logging_setup - INFO - Batch AST: Batching Jobs with Multiprocessing...
2026-02-02 14:15:19,573 - logging_setup - INFO - #
2026-02-02 14:15:19,574 - logging_setup - INFO - ##########################################################################################################################
2026-02-02 14:15:19,574 - logging_setup - INFO - 

2026-02-02 14:15:19,574 - logging_setup - INFO - Batch Ast: Job Timeout set to 21600 seconds (6 hours)
2026-02-02 14:15:19,575 - logging_setup - INFO - Batch Ast: Process health checks enabled (every 60s)
2026-02-02 14:15:32,203 - logging_setup - INFO - Batch Ast: Starting job 0
2026-02-02 14:15:32,907 - logging_setup - INFO - Batch Ast: Queued Job 0.....Multiproccessing started......
2026-02-02 14:15:32,908 - logging_setup - INFO - Batch Ast: Starting job 1
2026-02-02 14:15:33,471 - logging_setup - INFO - Batch Ast: Queued Job 1.....Multiproccessing started......
2026-02-02 14:15:33,472 - logging_setup - INFO - Batch Ast: Starting job 2
2026-02-02 14:15:33,923 - logging_setup - INFO - Batch Ast: Queued Job 2.....Multiproccessing started......
2026-02-02 14:15:33,923 - logging_setup - INFO - Batch Ast: Starting job 3
2026-02-02 14:15:34,528 - logging_setup - INFO - Batch Ast: Queued Job 3.....Multiproccessing started......
2026-02-02 14:15:34,530 - logging_setup - INFO - Batch Ast: Starting job 4
2026-02-02 14:15:35,145 - logging_setup - INFO - Batch Ast: Queued Job 4.....Multiproccessing started......
2026-02-02 14:15:35,147 - logging_setup - INFO - Batch Ast: Monitoring 5 jobs with 6-hour timeout and health checks
