2026-02-02 14:20:30,039 - logging_setup - INFO - Logging set up - Log file: \\GISWHSE.ENV.GOV.BC.CA\WHSE_NP\corp\script_whse\python\Utility_Misc\Ready\statusing_tools_arcpro\autoast\auto_ast_V2_Cuisinart_MultiP_PdfMaps\autoast_batch_logs_folder_20260202\ast_batch_log_20260202_142030.log
2026-02-02 14:20:31,323 - logging_setup - INFO - AST Toolbox imported successfully.
2026-02-02 14:20:31,336 - logging_setup - INFO - Secret file H:\secrets\bcgw.env found
2026-02-02 14:20:31,337 - logging_setup - INFO - Database user csostad and password found
2026-02-02 14:20:31,522 - root - INFO - Logger initialized
2026-02-02 14:20:32,451 - root - ERROR - Failed to import tools
Traceback (most recent call last):
  File "P:\corp\central_clones\python_geopandas\lib\site-packages\XTools Pro\esri\toolboxes\XTools Pro.pyt", line 95, in <module>
    from Tools.FeaturesToPointsTool import *
  File "E:\sw_nt\XTools\XTools AGP\Python\Tools\FeaturesToPointsTool.py", line 1, in <module>
    from Tools.BaseTool import BaseTool
  File "E:\sw_nt\XTools\XTools AGP\Python\Tools\BaseTool.py", line 7, in <module>
    from Scripts.Base.PythonCancelTracker import PythonCancelTracker
  File "E:\sw_nt\XTools\XTools AGP\Python\Scripts\Base\PythonCancelTracker.py", line 20, in <module>
    from XTools.XToolsAGP.Core import ICancelTracker
ModuleNotFoundError: No module named 'XTools'
2026-02-02 14:20:32,459 - root - ERROR - No module named 'XTools'
Traceback (most recent call last):
  File "P:\corp\central_clones\python_geopandas\lib\site-packages\XTools Pro\esri\toolboxes\XTools Pro.pyt", line 95, in <module>
    from Tools.FeaturesToPointsTool import *
  File "E:\sw_nt\XTools\XTools AGP\Python\Tools\FeaturesToPointsTool.py", line 1, in <module>
    from Tools.BaseTool import BaseTool
  File "E:\sw_nt\XTools\XTools AGP\Python\Tools\BaseTool.py", line 7, in <module>
    from Scripts.Base.PythonCancelTracker import PythonCancelTracker
  File "E:\sw_nt\XTools\XTools AGP\Python\Scripts\Base\PythonCancelTracker.py", line 20, in <module>
    from XTools.XToolsAGP.Core import ICancelTracker
ModuleNotFoundError: No module named 'XTools'
2026-02-02 14:21:00,190 - logging_setup - INFO - new db connection created
2026-02-02 14:21:10,557 - logging_setup - INFO - workspace set to bcgw connection
2026-02-02 14:21:10,558 - logging_setup - INFO - SDE Connection established at: \\GISWHSE.ENV.GOV.BC.CA\WHSE_NP\corp\script_whse\python\Utility_Misc\Ready\statusing_tools_arcpro\autoast\auto_ast_V2_Cuisinart_MultiP_PdfMaps\connection\bcgw.sde
2026-02-02 14:21:10,559 - logging_setup - INFO - Main: Creating queuefile path for gr_2026_147.xlsx
2026-02-02 14:21:10,561 - logging_setup - INFO - Main: Loading jobs from gr_2026_147.xlsx
2026-02-02 14:21:10,562 - logging_setup - INFO - ##########################################################################################################################
2026-02-02 14:21:10,563 - logging_setup - INFO - #
2026-02-02 14:21:10,563 - logging_setup - INFO - Loading Jobs...
2026-02-02 14:21:10,564 - logging_setup - INFO - #
2026-02-02 14:21:10,564 - logging_setup - INFO - ##########################################################################################################################
2026-02-02 14:21:10,604 - logging_setup - INFO - 

2026-02-02 14:21:10,605 - logging_setup - INFO - -------------------------------------------------------------------------------
2026-02-02 14:21:10,606 - logging_setup - INFO - -                        Load Jobs: Start of Job 0                               -
2026-02-02 14:21:10,608 - logging_setup - INFO - -------------------------------------------------------------------------------
2026-02-02 14:21:10,608 - logging_setup - INFO - 

2026-02-02 14:21:10,608 - logging_setup - INFO - Load Jobs - Creating empty dictionary
2026-02-02 14:21:10,609 - logging_setup - INFO - Load Jobs - (Queued assigned to Job (0) is (Queued)
2026-02-02 14:21:10,610 - logging_setup - INFO - 

2026-02-02 14:21:10,610 - logging_setup - INFO - ##########################################################################################################################
2026-02-02 14:21:10,611 - logging_setup - INFO - #
2026-02-02 14:21:10,612 - logging_setup - INFO - Running Add Job Results from Load Jobs Function
2026-02-02 14:21:10,613 - logging_setup - INFO - #
2026-02-02 14:21:10,614 - logging_setup - INFO - ##########################################################################################################################
2026-02-02 14:21:10,614 - logging_setup - INFO - 

2026-02-02 14:21:10,635 - logging_setup - INFO - Add Job Result - Workbook loaded
2026-02-02 14:21:10,636 - logging_setup - INFO - Add Job Result - 'ast_condition' column found in the spreadsheet.
2026-02-02 14:21:10,637 - logging_setup - INFO - Add Job Result - Calculated Excel row index as 2 for job index 0
2026-02-02 14:21:10,639 - logging_setup - INFO - Add Job Result - Updated Job 0 with condition 'Queued'.
2026-02-02 14:21:10,682 - logging_setup - INFO - Add Job Result - Saving Workbook with updated condition
2026-02-02 14:21:10,683 - logging_setup - INFO - Load Jobs - Added job condition 'Queued' for job 0 to jobs list
2026-02-02 14:21:10,683 - logging_setup - INFO - Classifying input type for job 0
2026-02-02 14:21:10,684 - logging_setup - INFO - Classifying Input Type - Feature layer found: \\spatialfiles.bcgov\srm\gss\projects\gr_2026_147_wha_statuses\shapefiles\kootenay_boundary_rocky_mtn\main_rockymtn_core.shp
2026-02-02 14:21:10,685 - logging_setup - INFO - Classifying Input Type - Processing feature layer: \\spatialfiles.bcgov\srm\gss\projects\gr_2026_147_wha_statuses\shapefiles\kootenay_boundary_rocky_mtn\main_rockymtn_core.shp
2026-02-02 14:21:10,686 - logging_setup - INFO - Classifying Input Type - No FW File Number provided, using original shapefile path
2026-02-02 14:21:10,686 - logging_setup - INFO - Load Jobs - Job Condition is not Complete (Queued), adding job: 0 to jobs list
2026-02-02 14:21:10,687 - logging_setup - INFO - 

2026-02-02 14:21:10,687 - logging_setup - INFO - -------------------------------------------------------------------------------
2026-02-02 14:21:10,688 - logging_setup - INFO - -                        End of Job 0                                -
2026-02-02 14:21:10,688 - logging_setup - INFO - -------------------------------------------------------------------------------
2026-02-02 14:21:10,689 - logging_setup - INFO - 

2026-02-02 14:21:10,689 - logging_setup - INFO - 

2026-02-02 14:21:10,690 - logging_setup - INFO - -------------------------------------------------------------------------------
2026-02-02 14:21:10,691 - logging_setup - INFO - -                        Load Jobs: Start of Job 1                               -
2026-02-02 14:21:10,691 - logging_setup - INFO - -------------------------------------------------------------------------------
2026-02-02 14:21:10,692 - logging_setup - INFO - 

2026-02-02 14:21:10,694 - logging_setup - INFO - Load Jobs - Creating empty dictionary
2026-02-02 14:21:10,695 - logging_setup - INFO - Load Jobs - (Queued assigned to Job (1) is (Queued)
2026-02-02 14:21:10,696 - logging_setup - INFO - 

2026-02-02 14:21:10,696 - logging_setup - INFO - ##########################################################################################################################
2026-02-02 14:21:10,697 - logging_setup - INFO - #
2026-02-02 14:21:10,697 - logging_setup - INFO - Running Add Job Results from Load Jobs Function
2026-02-02 14:21:10,699 - logging_setup - INFO - #
2026-02-02 14:21:10,699 - logging_setup - INFO - ##########################################################################################################################
2026-02-02 14:21:10,700 - logging_setup - INFO - 

2026-02-02 14:21:10,724 - logging_setup - INFO - Add Job Result - Workbook loaded
2026-02-02 14:21:10,729 - logging_setup - INFO - Add Job Result - 'ast_condition' column found in the spreadsheet.
2026-02-02 14:21:10,730 - logging_setup - INFO - Add Job Result - Calculated Excel row index as 3 for job index 1
2026-02-02 14:21:10,731 - logging_setup - INFO - Add Job Result - Updated Job 1 with condition 'Queued'.
2026-02-02 14:21:10,773 - logging_setup - INFO - Add Job Result - Saving Workbook with updated condition
2026-02-02 14:21:10,774 - logging_setup - INFO - Load Jobs - Added job condition 'Queued' for job 1 to jobs list
2026-02-02 14:21:10,774 - logging_setup - INFO - Classifying input type for job 1
2026-02-02 14:21:10,775 - logging_setup - INFO - Classifying Input Type - Feature layer found: \\spatialfiles.bcgov\srm\gss\projects\gr_2026_147_wha_statuses\shapefiles\kootenay_boundary_selkirk\main_selkirk_core.shp
2026-02-02 14:21:10,776 - logging_setup - INFO - Classifying Input Type - Processing feature layer: \\spatialfiles.bcgov\srm\gss\projects\gr_2026_147_wha_statuses\shapefiles\kootenay_boundary_selkirk\main_selkirk_core.shp
2026-02-02 14:21:10,776 - logging_setup - INFO - Classifying Input Type - No FW File Number provided, using original shapefile path
2026-02-02 14:21:10,777 - logging_setup - INFO - Load Jobs - Job Condition is not Complete (Queued), adding job: 1 to jobs list
2026-02-02 14:21:10,777 - logging_setup - INFO - 

2026-02-02 14:21:10,778 - logging_setup - INFO - -------------------------------------------------------------------------------
2026-02-02 14:21:10,778 - logging_setup - INFO - -                        End of Job 1                                -
2026-02-02 14:21:10,779 - logging_setup - INFO - -------------------------------------------------------------------------------
2026-02-02 14:21:10,779 - logging_setup - INFO - 

2026-02-02 14:21:10,780 - logging_setup - INFO - 

2026-02-02 14:21:10,780 - logging_setup - INFO - -------------------------------------------------------------------------------
2026-02-02 14:21:10,780 - logging_setup - INFO - -                        Load Jobs: Start of Job 2                               -
2026-02-02 14:21:10,781 - logging_setup - INFO - -------------------------------------------------------------------------------
2026-02-02 14:21:10,781 - logging_setup - INFO - 

2026-02-02 14:21:10,783 - logging_setup - INFO - Load Jobs - Creating empty dictionary
2026-02-02 14:21:10,783 - logging_setup - INFO - Load Jobs - (Queued assigned to Job (2) is (Queued)
2026-02-02 14:21:10,784 - logging_setup - INFO - 

2026-02-02 14:21:10,784 - logging_setup - INFO - ##########################################################################################################################
2026-02-02 14:21:10,785 - logging_setup - INFO - #
2026-02-02 14:21:10,785 - logging_setup - INFO - Running Add Job Results from Load Jobs Function
2026-02-02 14:21:10,786 - logging_setup - INFO - #
2026-02-02 14:21:10,787 - logging_setup - INFO - ##########################################################################################################################
2026-02-02 14:21:10,787 - logging_setup - INFO - 

2026-02-02 14:21:10,812 - logging_setup - INFO - Add Job Result - Workbook loaded
2026-02-02 14:21:10,812 - logging_setup - INFO - Add Job Result - 'ast_condition' column found in the spreadsheet.
2026-02-02 14:21:10,814 - logging_setup - INFO - Add Job Result - Calculated Excel row index as 4 for job index 2
2026-02-02 14:21:10,814 - logging_setup - INFO - Add Job Result - Updated Job 2 with condition 'Queued'.
2026-02-02 14:21:10,861 - logging_setup - INFO - Add Job Result - Saving Workbook with updated condition
2026-02-02 14:21:10,862 - logging_setup - INFO - Load Jobs - Added job condition 'Queued' for job 2 to jobs list
2026-02-02 14:21:10,862 - logging_setup - INFO - Classifying input type for job 2
2026-02-02 14:21:10,863 - logging_setup - INFO - Classifying Input Type - Feature layer found: \\spatialfiles.bcgov\srm\gss\projects\gr_2026_147_wha_statuses\shapefiles\Omineca_main_prince_george_core\main_princegeorge_core.shp
2026-02-02 14:21:10,864 - logging_setup - INFO - Classifying Input Type - Processing feature layer: \\spatialfiles.bcgov\srm\gss\projects\gr_2026_147_wha_statuses\shapefiles\Omineca_main_prince_george_core\main_princegeorge_core.shp
2026-02-02 14:21:10,865 - logging_setup - INFO - Classifying Input Type - No FW File Number provided, using original shapefile path
2026-02-02 14:21:10,866 - logging_setup - INFO - Load Jobs - Job Condition is not Complete (Queued), adding job: 2 to jobs list
2026-02-02 14:21:10,867 - logging_setup - INFO - 

2026-02-02 14:21:10,867 - logging_setup - INFO - -------------------------------------------------------------------------------
2026-02-02 14:21:10,868 - logging_setup - INFO - -                        End of Job 2                                -
2026-02-02 14:21:10,868 - logging_setup - INFO - -------------------------------------------------------------------------------
2026-02-02 14:21:10,869 - logging_setup - INFO - 

2026-02-02 14:21:10,870 - logging_setup - INFO - 

2026-02-02 14:21:10,871 - logging_setup - INFO - -------------------------------------------------------------------------------
2026-02-02 14:21:10,872 - logging_setup - INFO - -                        Load Jobs: Start of Job 3                               -
2026-02-02 14:21:10,873 - logging_setup - INFO - -------------------------------------------------------------------------------
2026-02-02 14:21:10,874 - logging_setup - INFO - 

2026-02-02 14:21:10,874 - logging_setup - INFO - Load Jobs - Creating empty dictionary
2026-02-02 14:21:10,875 - logging_setup - INFO - Load Jobs - (Queued assigned to Job (3) is (Queued)
2026-02-02 14:21:10,875 - logging_setup - INFO - 

2026-02-02 14:21:10,876 - logging_setup - INFO - ##########################################################################################################################
2026-02-02 14:21:10,876 - logging_setup - INFO - #
2026-02-02 14:21:10,877 - logging_setup - INFO - Running Add Job Results from Load Jobs Function
2026-02-02 14:21:10,878 - logging_setup - INFO - #
2026-02-02 14:21:10,878 - logging_setup - INFO - ##########################################################################################################################
2026-02-02 14:21:10,878 - logging_setup - INFO - 

2026-02-02 14:21:10,908 - logging_setup - INFO - Add Job Result - Workbook loaded
2026-02-02 14:21:10,909 - logging_setup - INFO - Add Job Result - 'ast_condition' column found in the spreadsheet.
2026-02-02 14:21:10,910 - logging_setup - INFO - Add Job Result - Calculated Excel row index as 5 for job index 3
2026-02-02 14:21:10,910 - logging_setup - INFO - Add Job Result - Updated Job 3 with condition 'Queued'.
2026-02-02 14:21:10,944 - logging_setup - INFO - Add Job Result - Saving Workbook with updated condition
2026-02-02 14:21:10,945 - logging_setup - INFO - Load Jobs - Added job condition 'Queued' for job 3 to jobs list
2026-02-02 14:21:10,947 - logging_setup - INFO - Classifying input type for job 3
2026-02-02 14:21:10,950 - logging_setup - INFO - Classifying Input Type - Feature layer found: \\spatialfiles.bcgov\srm\gss\projects\gr_2026_147_wha_statuses\shapefiles\thompson_okanagan_okanagan\main_okanagan_core.shp
2026-02-02 14:21:10,952 - logging_setup - INFO - Classifying Input Type - Processing feature layer: \\spatialfiles.bcgov\srm\gss\projects\gr_2026_147_wha_statuses\shapefiles\thompson_okanagan_okanagan\main_okanagan_core.shp
2026-02-02 14:21:10,953 - logging_setup - INFO - Classifying Input Type - No FW File Number provided, using original shapefile path
2026-02-02 14:21:10,954 - logging_setup - INFO - Load Jobs - Job Condition is not Complete (Queued), adding job: 3 to jobs list
2026-02-02 14:21:10,955 - logging_setup - INFO - 

2026-02-02 14:21:10,956 - logging_setup - INFO - -------------------------------------------------------------------------------
2026-02-02 14:21:10,956 - logging_setup - INFO - -                        End of Job 3                                -
2026-02-02 14:21:10,957 - logging_setup - INFO - -------------------------------------------------------------------------------
2026-02-02 14:21:10,958 - logging_setup - INFO - 

2026-02-02 14:21:10,960 - logging_setup - INFO - 

2026-02-02 14:21:10,960 - logging_setup - INFO - -------------------------------------------------------------------------------
2026-02-02 14:21:10,961 - logging_setup - INFO - -                        Load Jobs: Start of Job 4                               -
2026-02-02 14:21:10,964 - logging_setup - INFO - -------------------------------------------------------------------------------
2026-02-02 14:21:10,965 - logging_setup - INFO - 

2026-02-02 14:21:10,966 - logging_setup - INFO - Load Jobs - Creating empty dictionary
2026-02-02 14:21:10,967 - logging_setup - INFO - Load Jobs - (Queued assigned to Job (4) is (Queued)
2026-02-02 14:21:10,968 - logging_setup - INFO - 

2026-02-02 14:21:10,968 - logging_setup - INFO - ##########################################################################################################################
2026-02-02 14:21:10,969 - logging_setup - INFO - #
2026-02-02 14:21:10,970 - logging_setup - INFO - Running Add Job Results from Load Jobs Function
2026-02-02 14:21:10,970 - logging_setup - INFO - #
2026-02-02 14:21:10,971 - logging_setup - INFO - ##########################################################################################################################
2026-02-02 14:21:10,972 - logging_setup - INFO - 

2026-02-02 14:21:10,995 - logging_setup - INFO - Add Job Result - Workbook loaded
2026-02-02 14:21:10,997 - logging_setup - INFO - Add Job Result - 'ast_condition' column found in the spreadsheet.
2026-02-02 14:21:10,998 - logging_setup - INFO - Add Job Result - Calculated Excel row index as 6 for job index 4
2026-02-02 14:21:10,998 - logging_setup - INFO - Add Job Result - Updated Job 4 with condition 'Queued'.
2026-02-02 14:21:11,058 - logging_setup - INFO - Add Job Result - Saving Workbook with updated condition
2026-02-02 14:21:11,059 - logging_setup - INFO - Load Jobs - Added job condition 'Queued' for job 4 to jobs list
2026-02-02 14:21:11,059 - logging_setup - INFO - Classifying input type for job 4
2026-02-02 14:21:11,060 - logging_setup - INFO - Classifying Input Type - Feature layer found: \\spatialfiles.bcgov\srm\gss\projects\gr_2026_147_wha_statuses\shapefiles\thompson_okanagan_thompson\main_thompson_core.shp
2026-02-02 14:21:11,061 - logging_setup - INFO - Classifying Input Type - Processing feature layer: \\spatialfiles.bcgov\srm\gss\projects\gr_2026_147_wha_statuses\shapefiles\thompson_okanagan_thompson\main_thompson_core.shp
2026-02-02 14:21:11,061 - logging_setup - INFO - Classifying Input Type - No FW File Number provided, using original shapefile path
2026-02-02 14:21:11,062 - logging_setup - INFO - Load Jobs - Job Condition is not Complete (Queued), adding job: 4 to jobs list
2026-02-02 14:21:11,062 - logging_setup - INFO - 

2026-02-02 14:21:11,063 - logging_setup - INFO - -------------------------------------------------------------------------------
2026-02-02 14:21:11,063 - logging_setup - INFO - -                        End of Job 4                                -
2026-02-02 14:21:11,064 - logging_setup - INFO - -------------------------------------------------------------------------------
2026-02-02 14:21:11,065 - logging_setup - INFO - 

2026-02-02 14:21:11,065 - logging_setup - INFO - Main: Batching jobs for gr_2026_147.xlsx
2026-02-02 14:21:11,066 - logging_setup - INFO - 

2026-02-02 14:21:11,066 - logging_setup - INFO - ##########################################################################################################################
2026-02-02 14:21:11,067 - logging_setup - INFO - #
2026-02-02 14:21:11,067 - logging_setup - INFO - Batch AST: Batching Jobs with Multiprocessing...
2026-02-02 14:21:11,067 - logging_setup - INFO - #
2026-02-02 14:21:11,068 - logging_setup - INFO - ##########################################################################################################################
2026-02-02 14:21:11,069 - logging_setup - INFO - 

2026-02-02 14:21:11,069 - logging_setup - INFO - Batch Ast: Job Timeout set to 21600 seconds (6 hours)
2026-02-02 14:21:11,070 - logging_setup - INFO - Batch Ast: Process health checks enabled (every 60s)
2026-02-02 14:21:24,877 - logging_setup - INFO - Batch Ast: Starting job 0
2026-02-02 14:21:25,655 - logging_setup - INFO - Batch Ast: Queued Job 0.....Multiproccessing started......
2026-02-02 14:21:25,656 - logging_setup - INFO - Batch Ast: Starting job 1
2026-02-02 14:21:26,218 - logging_setup - INFO - Batch Ast: Queued Job 1.....Multiproccessing started......
2026-02-02 14:21:26,219 - logging_setup - INFO - Batch Ast: Starting job 2
2026-02-02 14:21:26,818 - logging_setup - INFO - Batch Ast: Queued Job 2.....Multiproccessing started......
2026-02-02 14:21:26,819 - logging_setup - INFO - Batch Ast: Starting job 3
2026-02-02 14:21:27,436 - logging_setup - INFO - Batch Ast: Queued Job 3.....Multiproccessing started......
2026-02-02 14:21:27,437 - logging_setup - INFO - Batch Ast: Starting job 4
2026-02-02 14:21:28,039 - logging_setup - INFO - Batch Ast: Queued Job 4.....Multiproccessing started......
2026-02-02 14:21:28,040 - logging_setup - INFO - Batch Ast: Monitoring 5 jobs with 6-hour timeout and health checks
2026-02-02 14:24:44,093 - logging_setup - INFO - 

2026-02-02 14:24:44,094 - logging_setup - INFO - ##########################################################################################################################
2026-02-02 14:24:44,094 - logging_setup - INFO - #
2026-02-02 14:24:44,095 - logging_setup - INFO - Running Add Job Results from Load Jobs Function
2026-02-02 14:24:44,095 - logging_setup - INFO - #
2026-02-02 14:24:44,096 - logging_setup - INFO - ##########################################################################################################################
2026-02-02 14:24:44,096 - logging_setup - INFO - 

2026-02-02 14:24:44,156 - logging_setup - INFO - Add Job Result - Workbook loaded
2026-02-02 14:24:44,156 - logging_setup - INFO - Add Job Result - 'ast_condition' column found in the spreadsheet.
2026-02-02 14:24:44,157 - logging_setup - INFO - Add Job Result - Calculated Excel row index as 6 for job index 4
2026-02-02 14:24:44,157 - logging_setup - INFO - Add Job Result - Updated Job 4 with condition 'Failed'.
2026-02-02 14:24:44,179 - logging_setup - INFO - Add Job Result - Saving Workbook with updated condition
2026-02-02 14:24:44,180 - logging_setup - ERROR - Batch AST: Job 4 failed with unknown status. Crash counter is 1
2026-02-02 14:24:46,181 - logging_setup - INFO - 

2026-02-02 14:24:46,182 - logging_setup - INFO - ##########################################################################################################################
2026-02-02 14:24:46,182 - logging_setup - INFO - #
2026-02-02 14:24:46,182 - logging_setup - INFO - Running Add Job Results from Load Jobs Function
2026-02-02 14:24:46,183 - logging_setup - INFO - #
2026-02-02 14:24:46,183 - logging_setup - INFO - ##########################################################################################################################
2026-02-02 14:24:46,183 - logging_setup - INFO - 

2026-02-02 14:24:46,198 - logging_setup - INFO - Add Job Result - Workbook loaded
2026-02-02 14:24:46,198 - logging_setup - INFO - Add Job Result - 'ast_condition' column found in the spreadsheet.
2026-02-02 14:24:46,199 - logging_setup - INFO - Add Job Result - Calculated Excel row index as 5 for job index 3
2026-02-02 14:24:46,199 - logging_setup - INFO - Add Job Result - Updated Job 3 with condition 'Failed'.
2026-02-02 14:24:46,220 - logging_setup - INFO - Add Job Result - Saving Workbook with updated condition
2026-02-02 14:24:46,221 - logging_setup - ERROR - Batch AST: Job 3 failed with unknown status. Crash counter is 2
2026-02-02 14:24:48,221 - logging_setup - INFO - 

2026-02-02 14:24:48,221 - logging_setup - INFO - ##########################################################################################################################
2026-02-02 14:24:48,222 - logging_setup - INFO - #
2026-02-02 14:24:48,222 - logging_setup - INFO - Running Add Job Results from Load Jobs Function
2026-02-02 14:24:48,222 - logging_setup - INFO - #
2026-02-02 14:24:48,223 - logging_setup - INFO - ##########################################################################################################################
2026-02-02 14:24:48,223 - logging_setup - INFO - 

2026-02-02 14:24:48,238 - logging_setup - INFO - Add Job Result - Workbook loaded
2026-02-02 14:24:48,238 - logging_setup - INFO - Add Job Result - 'ast_condition' column found in the spreadsheet.
2026-02-02 14:24:48,239 - logging_setup - INFO - Add Job Result - Calculated Excel row index as 4 for job index 2
2026-02-02 14:24:48,239 - logging_setup - INFO - Add Job Result - Updated Job 2 with condition 'Failed'.
2026-02-02 14:24:48,260 - logging_setup - INFO - Add Job Result - Saving Workbook with updated condition
2026-02-02 14:24:48,261 - logging_setup - ERROR - Batch AST: Job 2 failed with unknown status. Crash counter is 3
2026-02-02 14:24:50,262 - logging_setup - INFO - 

2026-02-02 14:24:50,263 - logging_setup - INFO - ##########################################################################################################################
2026-02-02 14:24:50,263 - logging_setup - INFO - #
2026-02-02 14:24:50,263 - logging_setup - INFO - Running Add Job Results from Load Jobs Function
2026-02-02 14:24:50,264 - logging_setup - INFO - #
2026-02-02 14:24:50,264 - logging_setup - INFO - ##########################################################################################################################
2026-02-02 14:24:50,264 - logging_setup - INFO - 

2026-02-02 14:24:50,285 - logging_setup - INFO - Add Job Result - Workbook loaded
2026-02-02 14:24:50,286 - logging_setup - INFO - Add Job Result - 'ast_condition' column found in the spreadsheet.
2026-02-02 14:24:50,286 - logging_setup - INFO - Add Job Result - Calculated Excel row index as 3 for job index 1
2026-02-02 14:24:50,286 - logging_setup - INFO - Add Job Result - Updated Job 1 with condition 'Failed'.
2026-02-02 14:24:50,311 - logging_setup - INFO - Add Job Result - Saving Workbook with updated condition
2026-02-02 14:24:50,312 - logging_setup - ERROR - Batch AST: Job 1 failed with unknown status. Crash counter is 4
