2026-02-02 13:20:38,786 - logging_setup - INFO - Logging set up - Log file: \\spatialfiles.bcgov\work\srm\nel\Local\Geomatics\Workarea\csostad\GitHub_Repositories\ast_batch_tool\autoast\auto_ast_V2_Cuisinart_MultiP_PdfMaps\autoast_batch_logs_folder_20260202\ast_batch_log_20260202_132038.log
2026-02-02 13:20:50,083 - logging_setup - INFO - AST Toolbox imported successfully.
2026-02-02 13:20:50,312 - logging_setup - INFO - Secret file H:\secrets\bcgw.env found
2026-02-02 13:20:50,319 - logging_setup - INFO - Database user csostad and password found
2026-02-02 13:20:50,965 - root - INFO - Logger initialized
2026-02-02 13:20:53,500 - root - ERROR - Failed to import tools
Traceback (most recent call last):
  File "P:\corp\central_clones\python_geospatial\lib\site-packages\XTools Pro\esri\toolboxes\XTools Pro.pyt", line 95, in <module>
    from Tools.FeaturesToPointsTool import *
  File "E:\sw_nt\XTools\XTools AGP\Python\Tools\FeaturesToPointsTool.py", line 1, in <module>
    from Tools.BaseTool import BaseTool
  File "E:\sw_nt\XTools\XTools AGP\Python\Tools\BaseTool.py", line 7, in <module>
    from Scripts.Base.PythonCancelTracker import PythonCancelTracker
  File "E:\sw_nt\XTools\XTools AGP\Python\Scripts\Base\PythonCancelTracker.py", line 20, in <module>
    from XTools.XToolsAGP.Core import ICancelTracker
ModuleNotFoundError: No module named 'XTools'
2026-02-02 13:20:53,534 - root - ERROR - No module named 'XTools'
Traceback (most recent call last):
  File "P:\corp\central_clones\python_geospatial\lib\site-packages\XTools Pro\esri\toolboxes\XTools Pro.pyt", line 95, in <module>
    from Tools.FeaturesToPointsTool import *
  File "E:\sw_nt\XTools\XTools AGP\Python\Tools\FeaturesToPointsTool.py", line 1, in <module>
    from Tools.BaseTool import BaseTool
  File "E:\sw_nt\XTools\XTools AGP\Python\Tools\BaseTool.py", line 7, in <module>
    from Scripts.Base.PythonCancelTracker import PythonCancelTracker
  File "E:\sw_nt\XTools\XTools AGP\Python\Scripts\Base\PythonCancelTracker.py", line 20, in <module>
    from XTools.XToolsAGP.Core import ICancelTracker
ModuleNotFoundError: No module named 'XTools'
2026-02-02 13:21:23,341 - logging_setup - INFO - new db connection created
2026-02-02 13:21:39,465 - logging_setup - INFO - workspace set to bcgw connection
2026-02-02 13:21:39,473 - logging_setup - INFO - SDE Connection established at: \\spatialfiles.bcgov\work\srm\nel\Local\Geomatics\Workarea\csostad\GitHub_Repositories\ast_batch_tool\autoast\auto_ast_V2_Cuisinart_MultiP_PdfMaps\connection\bcgw.sde
2026-02-02 13:21:39,480 - logging_setup - INFO - Main: Creating queuefile path for gr_2026_147.xlsx
2026-02-02 13:21:39,489 - logging_setup - INFO - Main: Loading jobs from gr_2026_147.xlsx
2026-02-02 13:21:39,496 - logging_setup - INFO - ##########################################################################################################################
2026-02-02 13:21:39,503 - logging_setup - INFO - #
2026-02-02 13:21:39,511 - logging_setup - INFO - Loading Jobs...
2026-02-02 13:21:39,518 - logging_setup - INFO - #
2026-02-02 13:21:39,526 - logging_setup - INFO - ##########################################################################################################################
2026-02-02 13:21:39,732 - logging_setup - INFO - 

2026-02-02 13:21:39,739 - logging_setup - INFO - -------------------------------------------------------------------------------
2026-02-02 13:21:39,747 - logging_setup - INFO - -                        Load Jobs: Start of Job 0                               -
2026-02-02 13:21:39,754 - logging_setup - INFO - -------------------------------------------------------------------------------
2026-02-02 13:21:39,762 - logging_setup - INFO - 

2026-02-02 13:21:39,769 - logging_setup - INFO - Load Jobs - Creating empty dictionary
2026-02-02 13:21:39,777 - logging_setup - INFO - Load Jobs - (Queued assigned to Job (0) is (Queued)
2026-02-02 13:21:39,784 - logging_setup - INFO - 

2026-02-02 13:21:39,792 - logging_setup - INFO - ##########################################################################################################################
2026-02-02 13:21:39,799 - logging_setup - INFO - #
2026-02-02 13:21:39,807 - logging_setup - INFO - Running Add Job Results from Load Jobs Function
2026-02-02 13:21:39,814 - logging_setup - INFO - #
2026-02-02 13:21:39,822 - logging_setup - INFO - ##########################################################################################################################
2026-02-02 13:21:39,830 - logging_setup - INFO - 

2026-02-02 13:21:39,874 - logging_setup - INFO - Add Job Result - Workbook loaded
2026-02-02 13:21:39,882 - logging_setup - INFO - Add Job Result - 'ast_condition' column found in the spreadsheet.
2026-02-02 13:21:39,890 - logging_setup - INFO - Add Job Result - Calculated Excel row index as 2 for job index 0
2026-02-02 13:21:39,897 - logging_setup - INFO - Add Job Result - Updated Job 0 with condition 'Queued'.
2026-02-02 13:21:40,447 - logging_setup - INFO - Add Job Result - Saving Workbook with updated condition
2026-02-02 13:21:40,455 - logging_setup - INFO - Load Jobs - Added job condition 'Queued' for job 0 to jobs list
2026-02-02 13:21:40,462 - logging_setup - INFO - Classifying input type for job 0
2026-02-02 13:21:40,470 - logging_setup - INFO - Classifying Input Type - Feature layer found: \\spatialfiles.bcgov\srm\gss\projects\gr_2026_147_wha_statuses\shapefiles\kootenay_boundary_rocky_mtn\main_rockymtn_core.shp
2026-02-02 13:21:40,478 - logging_setup - INFO - Classifying Input Type - Processing feature layer: \\spatialfiles.bcgov\srm\gss\projects\gr_2026_147_wha_statuses\shapefiles\kootenay_boundary_rocky_mtn\main_rockymtn_core.shp
2026-02-02 13:21:40,486 - logging_setup - INFO - Classifying Input Type - No FW File Number provided, using original shapefile path
2026-02-02 13:21:40,494 - logging_setup - INFO - Load Jobs - Job Condition is not Complete (Queued), adding job: 0 to jobs list
2026-02-02 13:21:40,502 - logging_setup - INFO - 

2026-02-02 13:21:40,509 - logging_setup - INFO - -------------------------------------------------------------------------------
2026-02-02 13:21:40,517 - logging_setup - INFO - -                        End of Job 0                                -
2026-02-02 13:21:40,524 - logging_setup - INFO - -------------------------------------------------------------------------------
2026-02-02 13:21:40,532 - logging_setup - INFO - 

2026-02-02 13:21:40,539 - logging_setup - INFO - 

2026-02-02 13:21:40,547 - logging_setup - INFO - -------------------------------------------------------------------------------
2026-02-02 13:21:40,554 - logging_setup - INFO - -                        Load Jobs: Start of Job 1                               -
2026-02-02 13:21:40,562 - logging_setup - INFO - -------------------------------------------------------------------------------
2026-02-02 13:21:40,569 - logging_setup - INFO - 

2026-02-02 13:21:40,577 - logging_setup - INFO - Load Jobs - Creating empty dictionary
2026-02-02 13:21:40,584 - logging_setup - INFO - Load Jobs - (Queued assigned to Job (1) is (Queued)
2026-02-02 13:21:40,592 - logging_setup - INFO - 

2026-02-02 13:21:40,600 - logging_setup - INFO - ##########################################################################################################################
2026-02-02 13:21:40,608 - logging_setup - INFO - #
2026-02-02 13:21:40,616 - logging_setup - INFO - Running Add Job Results from Load Jobs Function
2026-02-02 13:21:40,623 - logging_setup - INFO - #
2026-02-02 13:21:40,631 - logging_setup - INFO - ##########################################################################################################################
2026-02-02 13:21:40,638 - logging_setup - INFO - 

2026-02-02 13:21:40,756 - logging_setup - INFO - Add Job Result - Workbook loaded
2026-02-02 13:21:40,763 - logging_setup - INFO - Add Job Result - 'ast_condition' column found in the spreadsheet.
2026-02-02 13:21:40,771 - logging_setup - INFO - Add Job Result - Calculated Excel row index as 3 for job index 1
2026-02-02 13:21:40,779 - logging_setup - INFO - Add Job Result - Updated Job 1 with condition 'Queued'.
2026-02-02 13:21:41,157 - logging_setup - INFO - Add Job Result - Saving Workbook with updated condition
2026-02-02 13:21:41,164 - logging_setup - INFO - Load Jobs - Added job condition 'Queued' for job 1 to jobs list
2026-02-02 13:21:41,172 - logging_setup - INFO - Classifying input type for job 1
2026-02-02 13:21:41,179 - logging_setup - INFO - Classifying Input Type - Feature layer found: \\spatialfiles.bcgov\srm\gss\projects\gr_2026_147_wha_statuses\shapefiles\kootenay_boundary_selkirk\main_selkirk_core.shp
2026-02-02 13:21:41,187 - logging_setup - INFO - Classifying Input Type - Processing feature layer: \\spatialfiles.bcgov\srm\gss\projects\gr_2026_147_wha_statuses\shapefiles\kootenay_boundary_selkirk\main_selkirk_core.shp
2026-02-02 13:21:41,195 - logging_setup - INFO - Classifying Input Type - No FW File Number provided, using original shapefile path
2026-02-02 13:21:41,202 - logging_setup - INFO - Load Jobs - Job Condition is not Complete (Queued), adding job: 1 to jobs list
2026-02-02 13:21:41,210 - logging_setup - INFO - 

2026-02-02 13:21:41,217 - logging_setup - INFO - -------------------------------------------------------------------------------
2026-02-02 13:21:41,225 - logging_setup - INFO - -                        End of Job 1                                -
2026-02-02 13:21:41,232 - logging_setup - INFO - -------------------------------------------------------------------------------
2026-02-02 13:21:41,240 - logging_setup - INFO - 

2026-02-02 13:21:41,248 - logging_setup - INFO - 

2026-02-02 13:21:41,255 - logging_setup - INFO - -------------------------------------------------------------------------------
2026-02-02 13:21:41,263 - logging_setup - INFO - -                        Load Jobs: Start of Job 2                               -
2026-02-02 13:21:41,270 - logging_setup - INFO - -------------------------------------------------------------------------------
2026-02-02 13:21:41,278 - logging_setup - INFO - 

2026-02-02 13:21:41,286 - logging_setup - INFO - Load Jobs - Creating empty dictionary
2026-02-02 13:21:41,293 - logging_setup - INFO - Load Jobs - (Queued assigned to Job (2) is (Queued)
2026-02-02 13:21:41,301 - logging_setup - INFO - 

2026-02-02 13:21:41,308 - logging_setup - INFO - ##########################################################################################################################
2026-02-02 13:21:41,316 - logging_setup - INFO - #
2026-02-02 13:21:41,323 - logging_setup - INFO - Running Add Job Results from Load Jobs Function
2026-02-02 13:21:41,331 - logging_setup - INFO - #
2026-02-02 13:21:41,338 - logging_setup - INFO - ##########################################################################################################################
2026-02-02 13:21:41,345 - logging_setup - INFO - 

2026-02-02 13:21:41,435 - logging_setup - INFO - Add Job Result - Workbook loaded
2026-02-02 13:21:41,442 - logging_setup - INFO - Add Job Result - 'ast_condition' column found in the spreadsheet.
2026-02-02 13:21:41,450 - logging_setup - INFO - Add Job Result - Calculated Excel row index as 4 for job index 2
2026-02-02 13:21:41,457 - logging_setup - INFO - Add Job Result - Updated Job 2 with condition 'Queued'.
2026-02-02 13:21:41,946 - logging_setup - INFO - Add Job Result - Saving Workbook with updated condition
2026-02-02 13:21:41,954 - logging_setup - INFO - Load Jobs - Added job condition 'Queued' for job 2 to jobs list
2026-02-02 13:21:41,961 - logging_setup - INFO - Classifying input type for job 2
2026-02-02 13:21:41,969 - logging_setup - INFO - Classifying Input Type - Feature layer found: \\spatialfiles.bcgov\srm\gss\projects\gr_2026_147_wha_statuses\shapefiles\Omineca_main_prince_george_core\main_princegeorge_core.shp
2026-02-02 13:21:41,976 - logging_setup - INFO - Classifying Input Type - Processing feature layer: \\spatialfiles.bcgov\srm\gss\projects\gr_2026_147_wha_statuses\shapefiles\Omineca_main_prince_george_core\main_princegeorge_core.shp
2026-02-02 13:21:41,984 - logging_setup - INFO - Classifying Input Type - No FW File Number provided, using original shapefile path
2026-02-02 13:21:41,991 - logging_setup - INFO - Load Jobs - Job Condition is not Complete (Queued), adding job: 2 to jobs list
2026-02-02 13:21:41,999 - logging_setup - INFO - 

2026-02-02 13:21:42,007 - logging_setup - INFO - -------------------------------------------------------------------------------
2026-02-02 13:21:42,014 - logging_setup - INFO - -                        End of Job 2                                -
2026-02-02 13:21:42,022 - logging_setup - INFO - -------------------------------------------------------------------------------
2026-02-02 13:21:42,029 - logging_setup - INFO - 

2026-02-02 13:21:42,037 - logging_setup - INFO - 

2026-02-02 13:21:42,044 - logging_setup - INFO - -------------------------------------------------------------------------------
2026-02-02 13:21:42,052 - logging_setup - INFO - -                        Load Jobs: Start of Job 3                               -
2026-02-02 13:21:42,059 - logging_setup - INFO - -------------------------------------------------------------------------------
2026-02-02 13:21:42,067 - logging_setup - INFO - 

2026-02-02 13:21:42,074 - logging_setup - INFO - Load Jobs - Creating empty dictionary
2026-02-02 13:21:42,082 - logging_setup - INFO - Load Jobs - (Queued assigned to Job (3) is (Queued)
2026-02-02 13:21:42,089 - logging_setup - INFO - 

2026-02-02 13:21:42,097 - logging_setup - INFO - ##########################################################################################################################
2026-02-02 13:21:42,104 - logging_setup - INFO - #
2026-02-02 13:21:42,112 - logging_setup - INFO - Running Add Job Results from Load Jobs Function
2026-02-02 13:21:42,119 - logging_setup - INFO - #
2026-02-02 13:21:42,127 - logging_setup - INFO - ##########################################################################################################################
2026-02-02 13:21:42,134 - logging_setup - INFO - 

2026-02-02 13:21:42,300 - logging_setup - INFO - Add Job Result - Workbook loaded
2026-02-02 13:21:42,307 - logging_setup - INFO - Add Job Result - 'ast_condition' column found in the spreadsheet.
2026-02-02 13:21:42,315 - logging_setup - INFO - Add Job Result - Calculated Excel row index as 5 for job index 3
2026-02-02 13:21:42,323 - logging_setup - INFO - Add Job Result - Updated Job 3 with condition 'Queued'.
2026-02-02 13:21:42,843 - logging_setup - INFO - Add Job Result - Saving Workbook with updated condition
2026-02-02 13:21:42,851 - logging_setup - INFO - Load Jobs - Added job condition 'Queued' for job 3 to jobs list
2026-02-02 13:21:42,859 - logging_setup - INFO - Classifying input type for job 3
2026-02-02 13:21:42,866 - logging_setup - INFO - Classifying Input Type - Feature layer found: \\spatialfiles.bcgov\srm\gss\projects\gr_2026_147_wha_statuses\shapefiles\thompson_okanagan_okanagan\main_okanagan_core.shp
2026-02-02 13:21:42,874 - logging_setup - INFO - Classifying Input Type - Processing feature layer: \\spatialfiles.bcgov\srm\gss\projects\gr_2026_147_wha_statuses\shapefiles\thompson_okanagan_okanagan\main_okanagan_core.shp
2026-02-02 13:21:42,881 - logging_setup - INFO - Classifying Input Type - No FW File Number provided, using original shapefile path
2026-02-02 13:21:42,889 - logging_setup - INFO - Load Jobs - Job Condition is not Complete (Queued), adding job: 3 to jobs list
2026-02-02 13:21:42,896 - logging_setup - INFO - 

2026-02-02 13:21:42,904 - logging_setup - INFO - -------------------------------------------------------------------------------
2026-02-02 13:21:42,911 - logging_setup - INFO - -                        End of Job 3                                -
2026-02-02 13:21:42,919 - logging_setup - INFO - -------------------------------------------------------------------------------
2026-02-02 13:21:42,926 - logging_setup - INFO - 

2026-02-02 13:21:42,934 - logging_setup - INFO - 

2026-02-02 13:21:42,942 - logging_setup - INFO - -------------------------------------------------------------------------------
2026-02-02 13:21:42,949 - logging_setup - INFO - -                        Load Jobs: Start of Job 4                               -
2026-02-02 13:21:42,958 - logging_setup - INFO - -------------------------------------------------------------------------------
2026-02-02 13:21:42,965 - logging_setup - INFO - 

2026-02-02 13:21:42,973 - logging_setup - INFO - Load Jobs - Creating empty dictionary
2026-02-02 13:21:42,980 - logging_setup - INFO - Load Jobs - (Queued assigned to Job (4) is (Queued)
2026-02-02 13:21:42,988 - logging_setup - INFO - 

2026-02-02 13:21:42,996 - logging_setup - INFO - ##########################################################################################################################
2026-02-02 13:21:43,003 - logging_setup - INFO - #
2026-02-02 13:21:43,011 - logging_setup - INFO - Running Add Job Results from Load Jobs Function
2026-02-02 13:21:43,018 - logging_setup - INFO - #
2026-02-02 13:21:43,026 - logging_setup - INFO - ##########################################################################################################################
2026-02-02 13:21:43,033 - logging_setup - INFO - 

2026-02-02 13:21:43,212 - logging_setup - INFO - Add Job Result - Workbook loaded
2026-02-02 13:21:43,220 - logging_setup - INFO - Add Job Result - 'ast_condition' column found in the spreadsheet.
2026-02-02 13:21:43,228 - logging_setup - INFO - Add Job Result - Calculated Excel row index as 6 for job index 4
2026-02-02 13:21:43,235 - logging_setup - INFO - Add Job Result - Updated Job 4 with condition 'Queued'.
2026-02-02 13:21:43,714 - logging_setup - INFO - Add Job Result - Saving Workbook with updated condition
2026-02-02 13:21:43,722 - logging_setup - INFO - Load Jobs - Added job condition 'Queued' for job 4 to jobs list
2026-02-02 13:21:43,730 - logging_setup - INFO - Classifying input type for job 4
2026-02-02 13:21:43,738 - logging_setup - INFO - Classifying Input Type - Feature layer found: \\spatialfiles.bcgov\srm\gss\projects\gr_2026_147_wha_statuses\shapefiles\thompson_okanagan_thompson\main_thompson_core.shp
2026-02-02 13:21:43,746 - logging_setup - INFO - Classifying Input Type - Processing feature layer: \\spatialfiles.bcgov\srm\gss\projects\gr_2026_147_wha_statuses\shapefiles\thompson_okanagan_thompson\main_thompson_core.shp
2026-02-02 13:21:43,754 - logging_setup - INFO - Classifying Input Type - No FW File Number provided, using original shapefile path
2026-02-02 13:21:43,761 - logging_setup - INFO - Load Jobs - Job Condition is not Complete (Queued), adding job: 4 to jobs list
2026-02-02 13:21:43,769 - logging_setup - INFO - 

2026-02-02 13:21:43,776 - logging_setup - INFO - -------------------------------------------------------------------------------
2026-02-02 13:21:43,784 - logging_setup - INFO - -                        End of Job 4                                -
2026-02-02 13:21:43,791 - logging_setup - INFO - -------------------------------------------------------------------------------
2026-02-02 13:21:43,799 - logging_setup - INFO - 

2026-02-02 13:21:43,806 - logging_setup - INFO - Main: Batching jobs for gr_2026_147.xlsx
2026-02-02 13:21:43,814 - logging_setup - INFO - 

2026-02-02 13:21:43,822 - logging_setup - INFO - ##########################################################################################################################
2026-02-02 13:21:43,829 - logging_setup - INFO - #
2026-02-02 13:21:43,836 - logging_setup - INFO - Batch AST: Batching Jobs with Multiprocessing...
2026-02-02 13:21:43,844 - logging_setup - INFO - #
2026-02-02 13:21:43,851 - logging_setup - INFO - ##########################################################################################################################
2026-02-02 13:21:43,859 - logging_setup - INFO - 

2026-02-02 13:21:43,866 - logging_setup - INFO - Batch Ast: Job Timeout set to 21600 seconds (6 hours)
2026-02-02 13:21:43,875 - logging_setup - INFO - Batch Ast: Process health checks enabled (every 60s)
2026-02-02 13:23:17,827 - logging_setup - INFO - Batch Ast: Starting job 0
2026-02-02 13:23:23,796 - logging_setup - INFO - Batch Ast: Queued Job 0.....Multiproccessing started......
2026-02-02 13:23:23,804 - logging_setup - INFO - Batch Ast: Starting job 1
2026-02-02 13:23:27,520 - logging_setup - INFO - Batch Ast: Queued Job 1.....Multiproccessing started......
2026-02-02 13:23:27,528 - logging_setup - INFO - Batch Ast: Starting job 2
2026-02-02 13:23:31,304 - logging_setup - INFO - Batch Ast: Queued Job 2.....Multiproccessing started......
2026-02-02 13:23:31,312 - logging_setup - INFO - Batch Ast: Starting job 3
2026-02-02 13:23:35,731 - logging_setup - INFO - Batch Ast: Queued Job 3.....Multiproccessing started......
2026-02-02 13:23:35,739 - logging_setup - INFO - Batch Ast: Starting job 4
2026-02-02 13:23:39,586 - logging_setup - INFO - Batch Ast: Queued Job 4.....Multiproccessing started......
2026-02-02 13:23:39,594 - logging_setup - INFO - Batch Ast: Monitoring 5 jobs with 6-hour timeout and health checks
