2026-02-02 14:48:31,227 - logging_setup - INFO - Logging set up - Log file: \\GISWHSE.ENV.GOV.BC.CA\WHSE_NP\corp\script_whse\python\Utility_Misc\Ready\statusing_tools_arcpro\autoast\auto_ast_V2_Cuisinart_MultiP_PdfMaps\autoast_batch_logs_folder_20260202\ast_batch_log_20260202_144831.log
2026-02-02 14:48:32,362 - logging_setup - INFO - AST Toolbox imported successfully.
2026-02-02 14:48:32,382 - logging_setup - INFO - Secret file H:\secrets\bcgw.env found
2026-02-02 14:48:32,383 - logging_setup - INFO - Database user csostad and password found
2026-02-02 14:48:32,573 - root - INFO - Logger initialized
2026-02-02 14:48:34,174 - root - ERROR - Failed to import tools
Traceback (most recent call last):
  File "P:\corp\central_clones\python_geopandas\lib\site-packages\XTools Pro\esri\toolboxes\XTools Pro.pyt", line 95, in <module>
    from Tools.FeaturesToPointsTool import *
  File "E:\sw_nt\XTools\XTools AGP\Python\Tools\FeaturesToPointsTool.py", line 1, in <module>
    from Tools.BaseTool import BaseTool
  File "E:\sw_nt\XTools\XTools AGP\Python\Tools\BaseTool.py", line 7, in <module>
    from Scripts.Base.PythonCancelTracker import PythonCancelTracker
  File "E:\sw_nt\XTools\XTools AGP\Python\Scripts\Base\PythonCancelTracker.py", line 20, in <module>
    from XTools.XToolsAGP.Core import ICancelTracker
ModuleNotFoundError: No module named 'XTools'
2026-02-02 14:48:34,181 - root - ERROR - No module named 'XTools'
Traceback (most recent call last):
  File "P:\corp\central_clones\python_geopandas\lib\site-packages\XTools Pro\esri\toolboxes\XTools Pro.pyt", line 95, in <module>
    from Tools.FeaturesToPointsTool import *
  File "E:\sw_nt\XTools\XTools AGP\Python\Tools\FeaturesToPointsTool.py", line 1, in <module>
    from Tools.BaseTool import BaseTool
  File "E:\sw_nt\XTools\XTools AGP\Python\Tools\BaseTool.py", line 7, in <module>
    from Scripts.Base.PythonCancelTracker import PythonCancelTracker
  File "E:\sw_nt\XTools\XTools AGP\Python\Scripts\Base\PythonCancelTracker.py", line 20, in <module>
    from XTools.XToolsAGP.Core import ICancelTracker
ModuleNotFoundError: No module named 'XTools'
2026-02-02 14:49:04,701 - logging_setup - INFO - new db connection created
2026-02-02 14:49:15,576 - logging_setup - INFO - workspace set to bcgw connection
2026-02-02 14:49:15,577 - logging_setup - INFO - SDE Connection established at: \\GISWHSE.ENV.GOV.BC.CA\WHSE_NP\corp\script_whse\python\Utility_Misc\Ready\statusing_tools_arcpro\autoast\auto_ast_V2_Cuisinart_MultiP_PdfMaps\connection\bcgw.sde
2026-02-02 14:49:15,578 - logging_setup - INFO - Main: Creating queuefile path for gr_2026_147_1_jobn.xlsx
2026-02-02 14:49:15,579 - logging_setup - INFO - Main: Queuefile for gr_2026_147_1_jobn.xlsx not found, creating new queuefile
2026-02-02 14:49:15,579 - logging_setup - INFO - ##########################################################################################################################
2026-02-02 14:49:15,580 - logging_setup - INFO - #
2026-02-02 14:49:15,581 - logging_setup - INFO - Creating New Queuefile...
2026-02-02 14:49:15,582 - logging_setup - INFO - #
2026-02-02 14:49:15,582 - logging_setup - INFO - ##########################################################################################################################
2026-02-02 14:49:15,617 - logging_setup - INFO - Main: Loading jobs from gr_2026_147_1_jobn.xlsx
2026-02-02 14:49:15,617 - logging_setup - INFO - ##########################################################################################################################
2026-02-02 14:49:15,618 - logging_setup - INFO - #
2026-02-02 14:49:15,619 - logging_setup - INFO - Loading Jobs...
2026-02-02 14:49:15,620 - logging_setup - INFO - #
2026-02-02 14:49:15,620 - logging_setup - INFO - ##########################################################################################################################
2026-02-02 14:49:15,652 - logging_setup - INFO - Main: Batching jobs for gr_2026_147_1_jobn.xlsx
2026-02-02 14:49:15,653 - logging_setup - INFO - 

2026-02-02 14:49:15,653 - logging_setup - INFO - ##########################################################################################################################
2026-02-02 14:49:15,654 - logging_setup - INFO - #
2026-02-02 14:49:15,655 - logging_setup - INFO - Batch AST: Batching Jobs with Multiprocessing...
2026-02-02 14:49:15,655 - logging_setup - INFO - #
2026-02-02 14:49:15,656 - logging_setup - INFO - ##########################################################################################################################
2026-02-02 14:49:15,656 - logging_setup - INFO - 

2026-02-02 14:49:15,657 - logging_setup - INFO - Batch Ast: Job Timeout set to 21600 seconds (6 hours)
2026-02-02 14:49:15,658 - logging_setup - INFO - Batch Ast: Process health checks enabled (every 60s)
2026-02-02 14:49:28,460 - logging_setup - INFO - Batch Ast: Monitoring 0 jobs with 6-hour timeout and health checks
2026-02-02 14:49:28,462 - logging_setup - INFO - Batch Ast: Summary - Success: 0, Worker Failed: 0, Timeout Failed: 0, Crashed: 0
2026-02-02 14:49:28,463 - logging_setup - INFO - 

2026-02-02 14:49:28,463 - logging_setup - INFO - Batch Ast Complete - Check separate worker log file for more details
2026-02-02 14:49:29,512 - logging_setup - INFO - Main: Reloading failed jobs for gr_2026_147_1_jobn.xlsx
2026-02-02 14:49:29,512 - logging_setup - INFO - 

2026-02-02 14:49:29,513 - logging_setup - INFO - ##########################################################################################################################
2026-02-02 14:49:29,513 - logging_setup - INFO - #
2026-02-02 14:49:29,514 - logging_setup - INFO - Re loading Failed Jobs V2.....
2026-02-02 14:49:29,515 - logging_setup - INFO - #
2026-02-02 14:49:29,516 - logging_setup - INFO - ##########################################################################################################################
2026-02-02 14:49:29,516 - logging_setup - INFO - 

2026-02-02 14:49:29,529 - logging_setup - INFO - Re load Failed Jobs: Workbook loaded is <openpyxl.workbook.workbook.Workbook object at 0x00000210A1EE31D0>
2026-02-02 14:49:29,529 - logging_setup - INFO - Re load Failed Jobs: Reading all data rows and building data list
2026-02-02 14:49:29,531 - logging_setup - INFO - Re load Failed Jobs: Iterating over each row of data
2026-02-02 14:49:29,532 - logging_setup - INFO - Main: Re-batching failed jobs for gr_2026_147_1_jobn.xlsx
2026-02-02 14:49:29,532 - logging_setup - INFO - 

2026-02-02 14:49:29,533 - logging_setup - INFO - ##########################################################################################################################
2026-02-02 14:49:29,533 - logging_setup - INFO - #
2026-02-02 14:49:29,534 - logging_setup - INFO - Batch AST: Batching Jobs with Multiprocessing...
2026-02-02 14:49:29,534 - logging_setup - INFO - #
2026-02-02 14:49:29,534 - logging_setup - INFO - ##########################################################################################################################
2026-02-02 14:49:29,536 - logging_setup - INFO - 

2026-02-02 14:49:29,536 - logging_setup - INFO - Batch Ast: Job Timeout set to 21600 seconds (6 hours)
2026-02-02 14:49:29,537 - logging_setup - INFO - Batch Ast: Process health checks enabled (every 60s)
2026-02-02 14:49:41,378 - logging_setup - INFO - Batch Ast: Monitoring 0 jobs with 6-hour timeout and health checks
2026-02-02 14:49:41,380 - logging_setup - INFO - Batch Ast: Summary - Success: 0, Worker Failed: 0, Timeout Failed: 0, Crashed: 0
2026-02-02 14:49:41,380 - logging_setup - INFO - 

2026-02-02 14:49:41,382 - logging_setup - INFO - Batch Ast Complete - Check separate worker log file for more details
2026-02-02 14:49:42,425 - logging_setup - INFO - Main: AST Factory for gr_2026_147_1_jobn.xlsx COMPLETE
