2025-06-30 09:45:10,643 - logging_setup - INFO - Logging set up
2025-06-30 09:45:11,285 - logging_setup - INFO - AST Toolbox imported successfully.
2025-06-30 09:45:11,296 - logging_setup - INFO - Secret file H:\secrets\bcgw.env found
2025-06-30 09:45:11,296 - logging_setup - INFO - Database user csostad and password found
2025-06-30 09:45:11,325 - root - INFO - Logger initialized
2025-06-30 09:45:12,920 - root - ERROR - Failed to import tools
Traceback (most recent call last):
  File "E:\sw_nt\ArcGIS\Pro\bin\Python\envs\arcgispro-py3\lib\site-packages\XTools Pro\esri\toolboxes\XTools Pro.pyt", line 95, in <module>
    from Tools.FeaturesToPointsTool import *
  File "E:\sw_nt\XTools\XTools AGP\Python\Tools\FeaturesToPointsTool.py", line 1, in <module>
    from Tools.BaseTool import BaseTool
  File "E:\sw_nt\XTools\XTools AGP\Python\Tools\BaseTool.py", line 7, in <module>
    from Scripts.Base.PythonCancelTracker import PythonCancelTracker
  File "E:\sw_nt\XTools\XTools AGP\Python\Scripts\Base\PythonCancelTracker.py", line 20, in <module>
    from XTools.XToolsAGP.Core import ICancelTracker
ModuleNotFoundError: No module named 'XTools'
2025-06-30 09:45:12,945 - root - ERROR - No module named 'XTools'
Traceback (most recent call last):
  File "E:\sw_nt\ArcGIS\Pro\bin\Python\envs\arcgispro-py3\lib\site-packages\XTools Pro\esri\toolboxes\XTools Pro.pyt", line 95, in <module>
    from Tools.FeaturesToPointsTool import *
  File "E:\sw_nt\XTools\XTools AGP\Python\Tools\FeaturesToPointsTool.py", line 1, in <module>
    from Tools.BaseTool import BaseTool
  File "E:\sw_nt\XTools\XTools AGP\Python\Tools\BaseTool.py", line 7, in <module>
    from Scripts.Base.PythonCancelTracker import PythonCancelTracker
  File "E:\sw_nt\XTools\XTools AGP\Python\Scripts\Base\PythonCancelTracker.py", line 20, in <module>
    from XTools.XToolsAGP.Core import ICancelTracker
ModuleNotFoundError: No module named 'XTools'
2025-06-30 09:45:29,131 - logging_setup - INFO - new db connection created
2025-06-30 09:45:29,160 - logging_setup - INFO - workspace set to bcgw connection
2025-06-30 09:45:29,161 - logging_setup - INFO - SDE Connection established at: \\spatialfiles.bcgov\work\srm\nel\Local\Geomatics\Workarea\csostad\GitHubAutoAST\gss_authorizations\autoast\auto_ast_V2_Cuisinart_MultiP_PdfMaps\connection\bcgw.sde
2025-06-30 09:45:47,857 - logging_setup - INFO - List of excel file paths is: ['//spatialfiles.bcgov/work/srm/nel/Local/Geomatics/Workarea/csostad/Statusing/Jade Statuses/Powel River\\outputs\\jobs_1.xlsx', '//spatialfiles.bcgov/work/srm/nel/Local/Geomatics/Workarea/csostad/Statusing/Jade Statuses/Powel River\\outputs\\jobs_2.xlsx']
2025-06-30 09:45:47,857 - logging_setup - INFO - Main: Creating queuefile path for //spatialfiles.bcgov/work/srm/nel/Local/Geomatics/Workarea/csostad/Statusing/Jade Statuses/Powel River\outputs\jobs_1.xlsx
2025-06-30 09:45:47,858 - logging_setup - INFO - Main: Loading jobs from //spatialfiles.bcgov/work/srm/nel/Local/Geomatics/Workarea/csostad/Statusing/Jade Statuses/Powel River\outputs\jobs_1.xlsx
2025-06-30 09:45:47,859 - logging_setup - INFO - ##########################################################################################################################
2025-06-30 09:45:47,859 - logging_setup - INFO - #
2025-06-30 09:45:47,859 - logging_setup - INFO - Loading Jobs...
2025-06-30 09:45:47,860 - logging_setup - INFO - #
2025-06-30 09:45:47,860 - logging_setup - INFO - ##########################################################################################################################
2025-06-30 09:45:47,880 - logging_setup - INFO - 

2025-06-30 09:45:47,881 - logging_setup - INFO - -------------------------------------------------------------------------------
2025-06-30 09:45:47,881 - logging_setup - INFO - -                        Load Jobs: Start of Job 0                               -
2025-06-30 09:45:47,881 - logging_setup - INFO - -------------------------------------------------------------------------------
2025-06-30 09:45:47,881 - logging_setup - INFO - 

2025-06-30 09:45:47,882 - logging_setup - INFO - Load Jobs - Creating empty dictionary
2025-06-30 09:45:47,882 - logging_setup - INFO - Load Jobs - (Queued assigned to Job (0) is (Queued)
2025-06-30 09:45:47,883 - logging_setup - INFO - 

2025-06-30 09:45:47,883 - logging_setup - INFO - ##########################################################################################################################
2025-06-30 09:45:47,883 - logging_setup - INFO - #
2025-06-30 09:45:47,883 - logging_setup - INFO - Running Add Job Results from Load Jobs Function
2025-06-30 09:45:47,884 - logging_setup - INFO - #
2025-06-30 09:45:47,884 - logging_setup - INFO - ##########################################################################################################################
2025-06-30 09:45:47,884 - logging_setup - INFO - 

2025-06-30 09:45:47,895 - logging_setup - INFO - Add Job Result - Workbook loaded
2025-06-30 09:45:47,896 - logging_setup - INFO - Add Job Result - 'ast_condition' column found in the spreadsheet.
2025-06-30 09:45:47,896 - logging_setup - INFO - Add Job Result - Calculated Excel row index as 2 for job index 0
2025-06-30 09:45:47,897 - logging_setup - INFO - Add Job Result - Updated Job 0 with condition 'Queued'.
2025-06-30 09:45:47,911 - logging_setup - INFO - Add Job Result - Saving Workbook with updated condition
2025-06-30 09:45:47,912 - logging_setup - INFO - Load Jobs - Added job condition 'Queued' for job 0 to jobs list
2025-06-30 09:45:47,912 - logging_setup - INFO - Classifying input type for job 0
2025-06-30 09:45:47,913 - logging_setup - INFO - Classifying Input Type - Feature layer found: //spatialfiles.bcgov/work/srm/nel/Local/Geomatics/Workarea/csostad/Statusing/Jade Statuses/Powel River\632\632.shp
2025-06-30 09:45:47,915 - logging_setup - INFO - Classifying Input Type - Processing feature layer: //spatialfiles.bcgov/work/srm/nel/Local/Geomatics/Workarea/csostad/Statusing/Jade Statuses/Powel River\632\632.shp
2025-06-30 09:45:47,916 - logging_setup - INFO - Classifying Input Type - No FW File Number provided, using original shapefile path
2025-06-30 09:45:47,916 - logging_setup - INFO - Load Jobs - Job Condition is not Complete (Queued), adding job: 0 to jobs list
2025-06-30 09:45:47,916 - logging_setup - INFO - 

2025-06-30 09:45:47,917 - logging_setup - INFO - -------------------------------------------------------------------------------
2025-06-30 09:45:47,917 - logging_setup - INFO - -                        End of Job 0                                -
2025-06-30 09:45:47,917 - logging_setup - INFO - -------------------------------------------------------------------------------
2025-06-30 09:45:47,918 - logging_setup - INFO - 

2025-06-30 09:45:47,918 - logging_setup - INFO - 

2025-06-30 09:45:47,919 - logging_setup - INFO - -------------------------------------------------------------------------------
2025-06-30 09:45:47,919 - logging_setup - INFO - -                        Load Jobs: Start of Job 1                               -
2025-06-30 09:45:47,919 - logging_setup - INFO - -------------------------------------------------------------------------------
2025-06-30 09:45:47,919 - logging_setup - INFO - 

2025-06-30 09:45:47,920 - logging_setup - INFO - Load Jobs - Creating empty dictionary
2025-06-30 09:45:47,920 - logging_setup - INFO - Load Jobs - (Queued assigned to Job (1) is (Queued)
2025-06-30 09:45:47,922 - logging_setup - INFO - 

2025-06-30 09:45:47,922 - logging_setup - INFO - ##########################################################################################################################
2025-06-30 09:45:47,922 - logging_setup - INFO - #
2025-06-30 09:45:47,923 - logging_setup - INFO - Running Add Job Results from Load Jobs Function
2025-06-30 09:45:47,923 - logging_setup - INFO - #
2025-06-30 09:45:47,923 - logging_setup - INFO - ##########################################################################################################################
2025-06-30 09:45:47,923 - logging_setup - INFO - 

2025-06-30 09:45:47,935 - logging_setup - INFO - Add Job Result - Workbook loaded
2025-06-30 09:45:47,936 - logging_setup - INFO - Add Job Result - 'ast_condition' column found in the spreadsheet.
2025-06-30 09:45:47,936 - logging_setup - INFO - Add Job Result - Calculated Excel row index as 3 for job index 1
2025-06-30 09:45:47,936 - logging_setup - INFO - Add Job Result - Updated Job 1 with condition 'Queued'.
2025-06-30 09:45:47,950 - logging_setup - INFO - Add Job Result - Saving Workbook with updated condition
2025-06-30 09:45:47,950 - logging_setup - INFO - Load Jobs - Added job condition 'Queued' for job 1 to jobs list
2025-06-30 09:45:47,951 - logging_setup - INFO - Classifying input type for job 1
2025-06-30 09:45:47,951 - logging_setup - INFO - Classifying Input Type - Feature layer found: //spatialfiles.bcgov/work/srm/nel/Local/Geomatics/Workarea/csostad/Statusing/Jade Statuses/Powel River\634\634.shp
2025-06-30 09:45:47,952 - logging_setup - INFO - Classifying Input Type - Processing feature layer: //spatialfiles.bcgov/work/srm/nel/Local/Geomatics/Workarea/csostad/Statusing/Jade Statuses/Powel River\634\634.shp
2025-06-30 09:45:47,952 - logging_setup - INFO - Classifying Input Type - No FW File Number provided, using original shapefile path
2025-06-30 09:45:47,952 - logging_setup - INFO - Load Jobs - Job Condition is not Complete (Queued), adding job: 1 to jobs list
2025-06-30 09:45:47,953 - logging_setup - INFO - 

2025-06-30 09:45:47,953 - logging_setup - INFO - -------------------------------------------------------------------------------
2025-06-30 09:45:47,953 - logging_setup - INFO - -                        End of Job 1                                -
2025-06-30 09:45:47,953 - logging_setup - INFO - -------------------------------------------------------------------------------
2025-06-30 09:45:47,954 - logging_setup - INFO - 

2025-06-30 09:45:47,954 - logging_setup - INFO - 

2025-06-30 09:45:47,954 - logging_setup - INFO - -------------------------------------------------------------------------------
2025-06-30 09:45:47,955 - logging_setup - INFO - -                        Load Jobs: Start of Job 2                               -
2025-06-30 09:45:47,955 - logging_setup - INFO - -------------------------------------------------------------------------------
2025-06-30 09:45:47,955 - logging_setup - INFO - 

2025-06-30 09:45:47,956 - logging_setup - INFO - Load Jobs - Creating empty dictionary
2025-06-30 09:45:47,956 - logging_setup - INFO - Load Jobs - (Queued assigned to Job (2) is (Queued)
2025-06-30 09:45:47,956 - logging_setup - INFO - 

2025-06-30 09:45:47,956 - logging_setup - INFO - ##########################################################################################################################
2025-06-30 09:45:47,957 - logging_setup - INFO - #
2025-06-30 09:45:47,957 - logging_setup - INFO - Running Add Job Results from Load Jobs Function
2025-06-30 09:45:47,957 - logging_setup - INFO - #
2025-06-30 09:45:47,958 - logging_setup - INFO - ##########################################################################################################################
2025-06-30 09:45:47,958 - logging_setup - INFO - 

2025-06-30 09:45:47,969 - logging_setup - INFO - Add Job Result - Workbook loaded
2025-06-30 09:45:47,969 - logging_setup - INFO - Add Job Result - 'ast_condition' column found in the spreadsheet.
2025-06-30 09:45:47,970 - logging_setup - INFO - Add Job Result - Calculated Excel row index as 4 for job index 2
2025-06-30 09:45:47,970 - logging_setup - INFO - Add Job Result - Updated Job 2 with condition 'Queued'.
2025-06-30 09:45:47,983 - logging_setup - INFO - Add Job Result - Saving Workbook with updated condition
2025-06-30 09:45:47,984 - logging_setup - INFO - Load Jobs - Added job condition 'Queued' for job 2 to jobs list
2025-06-30 09:45:47,984 - logging_setup - INFO - Classifying input type for job 2
2025-06-30 09:45:47,984 - logging_setup - INFO - Classifying Input Type - Feature layer found: //spatialfiles.bcgov/work/srm/nel/Local/Geomatics/Workarea/csostad/Statusing/Jade Statuses/Powel River\635\635.shp
2025-06-30 09:45:47,985 - logging_setup - INFO - Classifying Input Type - Processing feature layer: //spatialfiles.bcgov/work/srm/nel/Local/Geomatics/Workarea/csostad/Statusing/Jade Statuses/Powel River\635\635.shp
2025-06-30 09:45:47,985 - logging_setup - INFO - Classifying Input Type - No FW File Number provided, using original shapefile path
2025-06-30 09:45:47,985 - logging_setup - INFO - Load Jobs - Job Condition is not Complete (Queued), adding job: 2 to jobs list
2025-06-30 09:45:47,986 - logging_setup - INFO - 

2025-06-30 09:45:47,986 - logging_setup - INFO - -------------------------------------------------------------------------------
2025-06-30 09:45:47,986 - logging_setup - INFO - -                        End of Job 2                                -
2025-06-30 09:45:47,986 - logging_setup - INFO - -------------------------------------------------------------------------------
2025-06-30 09:45:47,987 - logging_setup - INFO - 

2025-06-30 09:45:47,987 - logging_setup - INFO - 

2025-06-30 09:45:47,987 - logging_setup - INFO - -------------------------------------------------------------------------------
2025-06-30 09:45:47,988 - logging_setup - INFO - -                        Load Jobs: Start of Job 3                               -
2025-06-30 09:45:47,988 - logging_setup - INFO - -------------------------------------------------------------------------------
2025-06-30 09:45:47,988 - logging_setup - INFO - 

2025-06-30 09:45:47,988 - logging_setup - INFO - Load Jobs - Creating empty dictionary
2025-06-30 09:45:47,989 - logging_setup - INFO - Load Jobs - (Queued assigned to Job (3) is (Queued)
2025-06-30 09:45:47,989 - logging_setup - INFO - 

2025-06-30 09:45:47,989 - logging_setup - INFO - ##########################################################################################################################
2025-06-30 09:45:47,990 - logging_setup - INFO - #
2025-06-30 09:45:47,990 - logging_setup - INFO - Running Add Job Results from Load Jobs Function
2025-06-30 09:45:47,990 - logging_setup - INFO - #
2025-06-30 09:45:47,991 - logging_setup - INFO - ##########################################################################################################################
2025-06-30 09:45:47,991 - logging_setup - INFO - 

2025-06-30 09:45:48,002 - logging_setup - INFO - Add Job Result - Workbook loaded
2025-06-30 09:45:48,002 - logging_setup - INFO - Add Job Result - 'ast_condition' column found in the spreadsheet.
2025-06-30 09:45:48,003 - logging_setup - INFO - Add Job Result - Calculated Excel row index as 5 for job index 3
2025-06-30 09:45:48,003 - logging_setup - INFO - Add Job Result - Updated Job 3 with condition 'Queued'.
2025-06-30 09:45:48,016 - logging_setup - INFO - Add Job Result - Saving Workbook with updated condition
2025-06-30 09:45:48,017 - logging_setup - INFO - Load Jobs - Added job condition 'Queued' for job 3 to jobs list
2025-06-30 09:45:48,017 - logging_setup - INFO - Classifying input type for job 3
2025-06-30 09:45:48,017 - logging_setup - INFO - Classifying Input Type - Feature layer found: //spatialfiles.bcgov/work/srm/nel/Local/Geomatics/Workarea/csostad/Statusing/Jade Statuses/Powel River\636\636.shp
2025-06-30 09:45:48,018 - logging_setup - INFO - Classifying Input Type - Processing feature layer: //spatialfiles.bcgov/work/srm/nel/Local/Geomatics/Workarea/csostad/Statusing/Jade Statuses/Powel River\636\636.shp
2025-06-30 09:45:48,018 - logging_setup - INFO - Classifying Input Type - No FW File Number provided, using original shapefile path
2025-06-30 09:45:48,018 - logging_setup - INFO - Load Jobs - Job Condition is not Complete (Queued), adding job: 3 to jobs list
2025-06-30 09:45:48,019 - logging_setup - INFO - 

2025-06-30 09:45:48,019 - logging_setup - INFO - -------------------------------------------------------------------------------
2025-06-30 09:45:48,019 - logging_setup - INFO - -                        End of Job 3                                -
2025-06-30 09:45:48,019 - logging_setup - INFO - -------------------------------------------------------------------------------
2025-06-30 09:45:48,020 - logging_setup - INFO - 

2025-06-30 09:45:48,020 - logging_setup - INFO - 

2025-06-30 09:45:48,020 - logging_setup - INFO - -------------------------------------------------------------------------------
2025-06-30 09:45:48,021 - logging_setup - INFO - -                        Load Jobs: Start of Job 4                               -
2025-06-30 09:45:48,021 - logging_setup - INFO - -------------------------------------------------------------------------------
2025-06-30 09:45:48,021 - logging_setup - INFO - 

2025-06-30 09:45:48,021 - logging_setup - INFO - Load Jobs - Creating empty dictionary
2025-06-30 09:45:48,022 - logging_setup - INFO - Load Jobs - (Queued assigned to Job (4) is (Queued)
2025-06-30 09:45:48,022 - logging_setup - INFO - 

2025-06-30 09:45:48,022 - logging_setup - INFO - ##########################################################################################################################
2025-06-30 09:45:48,023 - logging_setup - INFO - #
2025-06-30 09:45:48,023 - logging_setup - INFO - Running Add Job Results from Load Jobs Function
2025-06-30 09:45:48,023 - logging_setup - INFO - #
2025-06-30 09:45:48,024 - logging_setup - INFO - ##########################################################################################################################
2025-06-30 09:45:48,024 - logging_setup - INFO - 

2025-06-30 09:45:48,034 - logging_setup - INFO - Add Job Result - Workbook loaded
2025-06-30 09:45:48,034 - logging_setup - INFO - Add Job Result - 'ast_condition' column found in the spreadsheet.
2025-06-30 09:45:48,034 - logging_setup - INFO - Add Job Result - Calculated Excel row index as 6 for job index 4
2025-06-30 09:45:48,035 - logging_setup - INFO - Add Job Result - Updated Job 4 with condition 'Queued'.
2025-06-30 09:45:48,048 - logging_setup - INFO - Add Job Result - Saving Workbook with updated condition
2025-06-30 09:45:48,049 - logging_setup - INFO - Load Jobs - Added job condition 'Queued' for job 4 to jobs list
2025-06-30 09:45:48,049 - logging_setup - INFO - Classifying input type for job 4
2025-06-30 09:45:48,050 - logging_setup - INFO - Classifying Input Type - Feature layer found: //spatialfiles.bcgov/work/srm/nel/Local/Geomatics/Workarea/csostad/Statusing/Jade Statuses/Powel River\637\637.shp
2025-06-30 09:45:48,051 - logging_setup - INFO - Classifying Input Type - Processing feature layer: //spatialfiles.bcgov/work/srm/nel/Local/Geomatics/Workarea/csostad/Statusing/Jade Statuses/Powel River\637\637.shp
2025-06-30 09:45:48,052 - logging_setup - INFO - Classifying Input Type - No FW File Number provided, using original shapefile path
2025-06-30 09:45:48,052 - logging_setup - INFO - Load Jobs - Job Condition is not Complete (Queued), adding job: 4 to jobs list
2025-06-30 09:45:48,053 - logging_setup - INFO - 

2025-06-30 09:45:48,053 - logging_setup - INFO - -------------------------------------------------------------------------------
2025-06-30 09:45:48,053 - logging_setup - INFO - -                        End of Job 4                                -
2025-06-30 09:45:48,053 - logging_setup - INFO - -------------------------------------------------------------------------------
2025-06-30 09:45:48,054 - logging_setup - INFO - 

2025-06-30 09:45:48,054 - logging_setup - INFO - 

2025-06-30 09:45:48,054 - logging_setup - INFO - -------------------------------------------------------------------------------
2025-06-30 09:45:48,054 - logging_setup - INFO - -                        Load Jobs: Start of Job 5                               -
2025-06-30 09:45:48,055 - logging_setup - INFO - -------------------------------------------------------------------------------
2025-06-30 09:45:48,055 - logging_setup - INFO - 

2025-06-30 09:45:48,055 - logging_setup - INFO - Load Jobs - Creating empty dictionary
2025-06-30 09:45:48,056 - logging_setup - INFO - Load Jobs - (Queued assigned to Job (5) is (Queued)
2025-06-30 09:45:48,056 - logging_setup - INFO - 

2025-06-30 09:45:48,056 - logging_setup - INFO - ##########################################################################################################################
2025-06-30 09:45:48,057 - logging_setup - INFO - #
2025-06-30 09:45:48,057 - logging_setup - INFO - Running Add Job Results from Load Jobs Function
2025-06-30 09:45:48,057 - logging_setup - INFO - #
2025-06-30 09:45:48,057 - logging_setup - INFO - ##########################################################################################################################
2025-06-30 09:45:48,058 - logging_setup - INFO - 

2025-06-30 09:45:48,068 - logging_setup - INFO - Add Job Result - Workbook loaded
2025-06-30 09:45:48,068 - logging_setup - INFO - Add Job Result - 'ast_condition' column found in the spreadsheet.
2025-06-30 09:45:48,068 - logging_setup - INFO - Add Job Result - Calculated Excel row index as 7 for job index 5
2025-06-30 09:45:48,069 - logging_setup - INFO - Add Job Result - Updated Job 5 with condition 'Queued'.
2025-06-30 09:45:48,087 - logging_setup - INFO - Add Job Result - Saving Workbook with updated condition
2025-06-30 09:45:48,087 - logging_setup - INFO - Load Jobs - Added job condition 'Queued' for job 5 to jobs list
2025-06-30 09:45:48,088 - logging_setup - INFO - Classifying input type for job 5
2025-06-30 09:45:48,088 - logging_setup - INFO - Classifying Input Type - Feature layer found: //spatialfiles.bcgov/work/srm/nel/Local/Geomatics/Workarea/csostad/Statusing/Jade Statuses/Powel River\639\639.shp
2025-06-30 09:45:48,088 - logging_setup - INFO - Classifying Input Type - Processing feature layer: //spatialfiles.bcgov/work/srm/nel/Local/Geomatics/Workarea/csostad/Statusing/Jade Statuses/Powel River\639\639.shp
2025-06-30 09:45:48,089 - logging_setup - INFO - Classifying Input Type - No FW File Number provided, using original shapefile path
2025-06-30 09:45:48,089 - logging_setup - INFO - Load Jobs - Job Condition is not Complete (Queued), adding job: 5 to jobs list
2025-06-30 09:45:48,090 - logging_setup - INFO - 

2025-06-30 09:45:48,090 - logging_setup - INFO - -------------------------------------------------------------------------------
2025-06-30 09:45:48,090 - logging_setup - INFO - -                        End of Job 5                                -
2025-06-30 09:45:48,091 - logging_setup - INFO - -------------------------------------------------------------------------------
2025-06-30 09:45:48,091 - logging_setup - INFO - 

2025-06-30 09:45:48,091 - logging_setup - INFO - 

2025-06-30 09:45:48,091 - logging_setup - INFO - -------------------------------------------------------------------------------
2025-06-30 09:45:48,092 - logging_setup - INFO - -                        Load Jobs: Start of Job 6                               -
2025-06-30 09:45:48,092 - logging_setup - INFO - -------------------------------------------------------------------------------
2025-06-30 09:45:48,092 - logging_setup - INFO - 

2025-06-30 09:45:48,093 - logging_setup - INFO - Load Jobs - Creating empty dictionary
2025-06-30 09:45:48,093 - logging_setup - INFO - Load Jobs - (Queued assigned to Job (6) is (Queued)
2025-06-30 09:45:48,093 - logging_setup - INFO - 

2025-06-30 09:45:48,094 - logging_setup - INFO - ##########################################################################################################################
2025-06-30 09:45:48,094 - logging_setup - INFO - #
2025-06-30 09:45:48,094 - logging_setup - INFO - Running Add Job Results from Load Jobs Function
2025-06-30 09:45:48,095 - logging_setup - INFO - #
2025-06-30 09:45:48,095 - logging_setup - INFO - ##########################################################################################################################
2025-06-30 09:45:48,095 - logging_setup - INFO - 

2025-06-30 09:45:48,106 - logging_setup - INFO - Add Job Result - Workbook loaded
2025-06-30 09:45:48,106 - logging_setup - INFO - Add Job Result - 'ast_condition' column found in the spreadsheet.
2025-06-30 09:45:48,107 - logging_setup - INFO - Add Job Result - Calculated Excel row index as 8 for job index 6
2025-06-30 09:45:48,107 - logging_setup - INFO - Add Job Result - Updated Job 6 with condition 'Queued'.
2025-06-30 09:45:48,122 - logging_setup - INFO - Add Job Result - Saving Workbook with updated condition
2025-06-30 09:45:48,123 - logging_setup - INFO - Load Jobs - Added job condition 'Queued' for job 6 to jobs list
2025-06-30 09:45:48,123 - logging_setup - INFO - Classifying input type for job 6
2025-06-30 09:45:48,124 - logging_setup - INFO - Classifying Input Type - Feature layer found: //spatialfiles.bcgov/work/srm/nel/Local/Geomatics/Workarea/csostad/Statusing/Jade Statuses/Powel River\640\640.shp
2025-06-30 09:45:48,124 - logging_setup - INFO - Classifying Input Type - Processing feature layer: //spatialfiles.bcgov/work/srm/nel/Local/Geomatics/Workarea/csostad/Statusing/Jade Statuses/Powel River\640\640.shp
2025-06-30 09:45:48,125 - logging_setup - INFO - Classifying Input Type - No FW File Number provided, using original shapefile path
2025-06-30 09:45:48,125 - logging_setup - INFO - Load Jobs - Job Condition is not Complete (Queued), adding job: 6 to jobs list
2025-06-30 09:45:48,126 - logging_setup - INFO - 

2025-06-30 09:45:48,126 - logging_setup - INFO - -------------------------------------------------------------------------------
2025-06-30 09:45:48,126 - logging_setup - INFO - -                        End of Job 6                                -
2025-06-30 09:45:48,127 - logging_setup - INFO - -------------------------------------------------------------------------------
2025-06-30 09:45:48,127 - logging_setup - INFO - 

2025-06-30 09:45:48,127 - logging_setup - INFO - 

2025-06-30 09:45:48,128 - logging_setup - INFO - -------------------------------------------------------------------------------
2025-06-30 09:45:48,128 - logging_setup - INFO - -                        Load Jobs: Start of Job 7                               -
2025-06-30 09:45:48,128 - logging_setup - INFO - -------------------------------------------------------------------------------
2025-06-30 09:45:48,129 - logging_setup - INFO - 

2025-06-30 09:45:48,129 - logging_setup - INFO - Load Jobs - Creating empty dictionary
2025-06-30 09:45:48,129 - logging_setup - INFO - Load Jobs - (Queued assigned to Job (7) is (Queued)
2025-06-30 09:45:48,130 - logging_setup - INFO - 

2025-06-30 09:45:48,130 - logging_setup - INFO - ##########################################################################################################################
2025-06-30 09:45:48,130 - logging_setup - INFO - #
2025-06-30 09:45:48,130 - logging_setup - INFO - Running Add Job Results from Load Jobs Function
2025-06-30 09:45:48,131 - logging_setup - INFO - #
2025-06-30 09:45:48,131 - logging_setup - INFO - ##########################################################################################################################
2025-06-30 09:45:48,131 - logging_setup - INFO - 

2025-06-30 09:45:48,146 - logging_setup - INFO - Add Job Result - Workbook loaded
2025-06-30 09:45:48,146 - logging_setup - INFO - Add Job Result - 'ast_condition' column found in the spreadsheet.
2025-06-30 09:45:48,147 - logging_setup - INFO - Add Job Result - Calculated Excel row index as 9 for job index 7
2025-06-30 09:45:48,147 - logging_setup - INFO - Add Job Result - Updated Job 7 with condition 'Queued'.
2025-06-30 09:45:48,161 - logging_setup - INFO - Add Job Result - Saving Workbook with updated condition
2025-06-30 09:45:48,161 - logging_setup - INFO - Load Jobs - Added job condition 'Queued' for job 7 to jobs list
2025-06-30 09:45:48,162 - logging_setup - INFO - Classifying input type for job 7
2025-06-30 09:45:48,162 - logging_setup - INFO - Classifying Input Type - Feature layer found: //spatialfiles.bcgov/work/srm/nel/Local/Geomatics/Workarea/csostad/Statusing/Jade Statuses/Powel River\641\641.shp
2025-06-30 09:45:48,162 - logging_setup - INFO - Classifying Input Type - Processing feature layer: //spatialfiles.bcgov/work/srm/nel/Local/Geomatics/Workarea/csostad/Statusing/Jade Statuses/Powel River\641\641.shp
2025-06-30 09:45:48,163 - logging_setup - INFO - Classifying Input Type - No FW File Number provided, using original shapefile path
2025-06-30 09:45:48,163 - logging_setup - INFO - Load Jobs - Job Condition is not Complete (Queued), adding job: 7 to jobs list
2025-06-30 09:45:48,164 - logging_setup - INFO - 

2025-06-30 09:45:48,164 - logging_setup - INFO - -------------------------------------------------------------------------------
2025-06-30 09:45:48,164 - logging_setup - INFO - -                        End of Job 7                                -
2025-06-30 09:45:48,164 - logging_setup - INFO - -------------------------------------------------------------------------------
2025-06-30 09:45:48,165 - logging_setup - INFO - 

2025-06-30 09:45:48,165 - logging_setup - INFO - Main: Batching jobs for //spatialfiles.bcgov/work/srm/nel/Local/Geomatics/Workarea/csostad/Statusing/Jade Statuses/Powel River\outputs\jobs_1.xlsx
2025-06-30 09:45:48,165 - logging_setup - INFO - 

2025-06-30 09:45:48,166 - logging_setup - INFO - ##########################################################################################################################
2025-06-30 09:45:48,166 - logging_setup - INFO - #
2025-06-30 09:45:48,166 - logging_setup - INFO - Batch AST: Batching Jobs with Multiprocessing...
2025-06-30 09:45:48,166 - logging_setup - INFO - #
2025-06-30 09:45:48,167 - logging_setup - INFO - ##########################################################################################################################
2025-06-30 09:45:48,167 - logging_setup - INFO - 

2025-06-30 09:45:48,167 - logging_setup - INFO - Batch Ast: Job Timeout set to 21600 seconds
2025-06-30 09:45:58,704 - logging_setup - INFO - Batch Ast: Starting job 0
2025-06-30 09:45:58,988 - logging_setup - INFO - Batch Ast: Queued Job 0.....Multiproccessing started......
2025-06-30 09:45:58,989 - logging_setup - INFO - Batch Ast: Starting job 1
2025-06-30 09:45:59,242 - logging_setup - INFO - Batch Ast: Queued Job 1.....Multiproccessing started......
2025-06-30 09:45:59,242 - logging_setup - INFO - Batch Ast: Starting job 2
2025-06-30 09:45:59,495 - logging_setup - INFO - Batch Ast: Queued Job 2.....Multiproccessing started......
2025-06-30 09:45:59,496 - logging_setup - INFO - Batch Ast: Starting job 3
2025-06-30 09:45:59,758 - logging_setup - INFO - Batch Ast: Queued Job 3.....Multiproccessing started......
2025-06-30 09:45:59,759 - logging_setup - INFO - Batch Ast: Starting job 4
2025-06-30 09:46:00,017 - logging_setup - INFO - Batch Ast: Queued Job 4.....Multiproccessing started......
2025-06-30 09:46:00,017 - logging_setup - INFO - Batch Ast: Starting job 5
2025-06-30 09:46:00,284 - logging_setup - INFO - Batch Ast: Queued Job 5.....Multiproccessing started......
2025-06-30 09:46:00,284 - logging_setup - INFO - Batch Ast: Starting job 6
2025-06-30 09:46:00,583 - logging_setup - INFO - Batch Ast: Queued Job 6.....Multiproccessing started......
2025-06-30 09:46:00,584 - logging_setup - INFO - Batch Ast: Starting job 7
2025-06-30 09:46:00,846 - logging_setup - INFO - Batch Ast: Queued Job 7.....Multiproccessing started......
