2026-02-03 18:45:17,093 - Process Job Mp: worker_5 - INFO - Process Job Mp: AST Toolbox imported successfully in worker.
2026-02-03 18:45:17,094 - Process Job Mp: worker_5 - DEBUG - Process Job Mp: Job Parameters: ['Skeena', '\\\\spatialfiles.bcgov\\srm\\gss\\sandbox\\csostad\\Skeena 2026-2028 Shapefiles\\shapefile\\6409180\\6409180.shp', '', '', '', '\\\\spatialfiles.bcgov\\srm\\gss\\sandbox\\csostad\\Skeena 2026-2028 Shapefiles\\shapefile\\outputs\\6409180', False, False, False, False, False, True]
2026-02-03 18:45:17,095 - Process Job Mp: worker_5 - INFO - Process Job Mp: Running MakeAutomatedStatusSpreadsheet_ast...
2026-02-03 18:45:17,960 - root - INFO - Logger initialized
2026-02-03 18:45:18,825 - root - ERROR - Failed to import tools
Traceback (most recent call last):
  File "P:\corp\central_clones\python_geopandas\lib\site-packages\XTools Pro\esri\toolboxes\XTools Pro.pyt", line 95, in <module>
    from Tools.FeaturesToPointsTool import *
  File "E:\sw_nt\XTools\XTools AGP\Python\Tools\FeaturesToPointsTool.py", line 1, in <module>
    from Tools.BaseTool import BaseTool
  File "E:\sw_nt\XTools\XTools AGP\Python\Tools\BaseTool.py", line 7, in <module>
    from Scripts.Base.PythonCancelTracker import PythonCancelTracker
  File "E:\sw_nt\XTools\XTools AGP\Python\Scripts\Base\PythonCancelTracker.py", line 20, in <module>
    from XTools.XToolsAGP.Core import ICancelTracker
ModuleNotFoundError: No module named 'XTools.XToolsAGP.Core'
2026-02-03 18:45:18,831 - root - ERROR - No module named 'XTools.XToolsAGP.Core'
Traceback (most recent call last):
  File "P:\corp\central_clones\python_geopandas\lib\site-packages\XTools Pro\esri\toolboxes\XTools Pro.pyt", line 95, in <module>
    from Tools.FeaturesToPointsTool import *
  File "E:\sw_nt\XTools\XTools AGP\Python\Tools\FeaturesToPointsTool.py", line 1, in <module>
    from Tools.BaseTool import BaseTool
  File "E:\sw_nt\XTools\XTools AGP\Python\Tools\BaseTool.py", line 7, in <module>
    from Scripts.Base.PythonCancelTracker import PythonCancelTracker
  File "E:\sw_nt\XTools\XTools AGP\Python\Scripts\Base\PythonCancelTracker.py", line 20, in <module>
    from XTools.XToolsAGP.Core import ICancelTracker
ModuleNotFoundError: No module named 'XTools.XToolsAGP.Core'
2026-02-03 19:17:55,938 - Process Job Mp: worker_5 - INFO - Process Job Mp: MakeAutomatedStatusSpreadsheet_ast completed successfully.
2026-02-03 19:17:55,939 - logging_setup - INFO - 

2026-02-03 19:17:55,940 - logging_setup - INFO - ##########################################################################################################################
2026-02-03 19:17:55,940 - logging_setup - INFO - #
2026-02-03 19:17:55,940 - logging_setup - INFO - Running Add Job Results from Load Jobs Function
2026-02-03 19:17:55,941 - logging_setup - INFO - #
2026-02-03 19:17:55,941 - logging_setup - INFO - ##########################################################################################################################
2026-02-03 19:17:55,941 - logging_setup - INFO - 

2026-02-03 19:17:55,952 - logging_setup - INFO - Add Job Result - Workbook loaded
2026-02-03 19:17:55,953 - logging_setup - INFO - Add Job Result - 'ast_condition' column found in the spreadsheet.
2026-02-03 19:17:55,953 - logging_setup - INFO - Add Job Result - Calculated Excel row index as 7 for job index 5
2026-02-03 19:17:55,953 - logging_setup - INFO - Add Job Result - Updated Job 5 with condition 'COMPLETE'.
2026-02-03 19:17:55,969 - logging_setup - INFO - Add Job Result - Saving Workbook with updated condition
2026-02-03 19:17:55,969 - Process Job Mp: worker_5 - INFO - Process Job Mp: Capturing arcpy messages...
2026-02-03 19:17:55,971 - Process Job Mp: worker_5 - INFO - arcpy messages: Start Time: February 3, 2026 6:45:17 PM
======================================================================
Batch Ast V2 -  Checking for ArcGIS Pro Advanced license
======================================================================
Batch Ast V2 - Now Running P:\corp\script_whse\python\Utility_Misc\Ready\statusing_tools_arcpro\autoast\auto_ast_V2_Cuisinart_MultiP_PdfMaps\automated_status_sheet_call_routine_arcpro.py
======================================================================

Reading Arguments
======================================================================
Batch Ast V2 -    Checking existence of GDB
Full_Path: \\spatialfiles.bcgov\srm\gss\sandbox\csostad\Skeena 2026-2028 Shapefiles\shapefile\outputs\6409180\aoi_boundary.gdb
creating \\spatialfiles.bcgov\srm\gss\sandbox\csostad\Skeena 2026-2028 Shapefiles\shapefile\outputs\6409180\aoi_boundary.gdb
======================================================================
Batch Ast V2 - Checking BCGW Credentials - may take a minute to process...
======================================================================
Batch Ast V2 - Running Validation
The analysis will be run on all 4 feature(s), since no features were selected.
======================================================================
PASSED ARGUMENTS:
region                              skeena                                                                                                                                                                                                                                                         
output_dir_same_as_input            false                                                                                                                                                                                                                                                          
output_directory                    \\spatialfiles.bcgov\srm\gss\sandbox\csostad\Skeena 2026-2028 Shapefiles\shapefile\outputs\6409180                                                                                                                                                             
crown_file_number                                                                                                                                                                                                                                                                                  
disposition_number                                                                                                                                                                                                                                                                                 
parcel_number                                                                                                                                                                                                                                                                                      
dont_overwrite_outputs              false                                                                                                                                                                                                                                                          
skip_conflicts_and_constraints      false                                                                                                                                                                                                                                                          
debug_version                       false                                                                                                                                                                                                                                                          
suppress_map_creation               false                                                                                                                                                                                                                                                          
======================================================================
Setting hard-coded variables
======================================================================
Checking AOI
   getting AOI boundary from feature layer -- copying to GDB
======================================================================
Checking for possible errors in AOI shape
   is this shape multipart ?     no
   are there multiple polygons ?     yes
   are there lots of vertices ?     no
   are there possible problems with you input FC ?     yes
======================================================================
Preparing to pass variables
Passing variables
======================================================================
*** Running Universal Overlap Tool ***
======================================================================
Deleting fields from AOI to avoid conflicts...
======================================================================
Assigning English names to list positions
======================================================================
Splitting the arguments into individual variables
The input criteria are:
    analyize_this_featureclass = \\spatialfiles.bcgov\srm\gss\sandbox\csostad\Skeena 2026-2028 Shapefiles\shapefile\outputs\6409180\aoi_boundary.gdb\aoi
    create_subreports_on_this_field = 
    what_type_of_overlap_to_run = 
    xls_file_for_analysis_input = \\giswhse.env.gov.bc.ca\whse_np\corp\script_whse\python\Utility_Misc\Ready\statusing_tools_arcpro\statusing_input_spreadsheets\one_status_common_datasets.xlsx
    report_header1 = 
    report_header2 = 
    report_header3 = 
    report_header4 = 
    subreports_on_seperate_sheets = 
    directory_to_store_output = \\spatialfiles.bcgov\srm\gss\sandbox\csostad\Skeena 2026-2028 Shapefiles\shapefile\outputs\6409180
    summary_fields_on_seperate_lines = 
    dont_overwrite_data_and_maps = false
    xls_file_for_analysis_input2 = \\giswhse.env.gov.bc.ca\whse_np\corp\script_whse\python\Utility_Misc\Ready\statusing_tools_arcpro\statusing_input_spreadsheets\one_status_skeena_specific.xlsx
    disclaimer = INTERNAL PROVINCIAL GOVERNMENT USE ONLY
    suppress_map_creation = false
    region = skeena
    crown_file_number = 
    disposition_number = 
    parcel_number = 
    run_as_fcbc = true
    add_maps_to_current = false
======================================================================
Writing log file 
Set Environment Time is 0
======================================================================
Creating working directories, geodatabases, variables
======================================================================
Batch Ast V2 - Copying the AOI into the working .GDB
    Creating the raw AOI 
    Creating the final AOI 
Create GDB Time is 15
======================================================================
Reading the input XLS files
    Reading input spreadsheet #1 - 
\\giswhse.env.gov.bc.ca\whse_np\corp\script_whse\python\Utility_Misc\Ready\statusing_tools_arcpro\statusing_input_spreadsheets\one_status_common_datasets.xlsx
    Reading input spreadsheet #2 - 
\\giswhse.env.gov.bc.ca\whse_np\corp\script_whse\python\Utility_Misc\Ready\statusing_tools_arcpro\statusing_input_spreadsheets\one_status_skeena_specific.xlsx
    Merging Spreadsheets
    Creating Master Control List
Read Inputs Time is 0
======================================================================
Clipping the input datasets to the AOI
Workspace set to: \\GISWHSE.ENV.GOV.BC.CA\WHSE_NP\corp\script_whse\python\Utility_Misc\Ready\statusing_tools_arcpro\autoast\auto_ast_V2_Cuisinart_MultiP_PdfMaps\connection\bcgw.sde
    Creating the buffered AOI's
    Buffering the AOI at 38 meters
    Buffering the AOI at 5 meters
    Buffering the AOI at 50 meters
    Buffering the AOI at 35 meters
    Buffering the AOI at 2000 meters
    Buffering the AOI at 500 meters
    Buffering the AOI at 5000 meters
    Buffering the AOI at 1000 meters
    SDE = \\GISWHSE.ENV.GOV.BC.CA\WHSE_NP\corp\script_whse\python\Utility_Misc\Ready\statusing_tools_arcpro\autoast\auto_ast_V2_Cuisinart_MultiP_PdfMaps\connection\bcgw.sde
    Intersecting the input featuresets
    intersecting 1 of 234     bcgw.sde\WHSE_BASEMAPPING.FWA_STREAM_NETWORKS_SP
    intersecting 2 of 234     bcgw.sde\WHSE_BASEMAPPING.TRIM_WATER_LINES
    intersecting 3 of 234     bcgw.sde\WHSE_BASEMAPPING.DRA_DGTL_ROAD_ATLAS_MPAR_SP
    intersecting 4 of 234     bcgw.sde\WHSE_FOREST_TENURE.FTEN_ROAD_SECTION_LINES_SVW
    intersecting 5 of 234     bcgw.sde\WHSE_FOREST_TENURE.FTEN_ROAD_SECTION_LINES_SVW
    intersecting 6 of 234     bcgw.sde\WHSE_TANTALIS.TA_SURVEYED_ROW_PARCELS_SVW
    intersecting 7 of 234     bcgw.sde\WHSE_TANTALIS.TA_CROWN_RIGHTS_OF_WAY_SVW
    intersecting 8 of 234     bcgw.sde\WHSE_BASEMAPPING.GBA_RAILWAY_TRACKS_SP
    intersecting 9 of 234     bcgw.sde\WHSE_BASEMAPPING.GBA_RAILWAY_CROSSINGS_SP
    intersecting 10 of 234     bcgw.sde\WHSE_BASEMAPPING.FWA_STREAM_NETWORKS_SP
    intersecting 11 of 234     bcgw.sde\WHSE_BASEMAPPING.TRIM_WATER_LINES
    intersecting 12 of 234     bcgw.sde\WHSE_BASEMAPPING.DRA_DGTL_ROAD_ATLAS_MPAR_SP
    intersecting 13 of 234     bcgw.sde\WHSE_BASEMAPPING.DRA_DGTL_ROAD_ATLAS_MPAR_SP
    intersecting 14 of 234     bcgw.sde\WHSE_FOREST_TENURE.FTEN_ROAD_SECTION_LINES_SVW
    intersecting 15 of 234     bcgw.sde\WHSE_TANTALIS.TA_SURVEYED_ROW_PARCELS_SVW
    intersecting 16 of 234     bcgw.sde\WHSE_TANTALIS.TA_CROWN_RIGHTS_OF_WAY_SVW
    intersecting 17 of 234     bcgw.sde\WHSE_TANTALIS.TEMP_TRANSPORT
    intersecting 18 of 234     bcgw.sde\WHSE_BASEMAPPING.GBA_RAILWAY_TRACKS_SP
    intersecting 19 of 234     bcgw.sde\WHSE_BASEMAPPING.GBA_RAILWAY_CROSSINGS_SP
    intersecting 20 of 234     bcgw.sde\WHSE_ADMIN_BOUNDARIES.CLAB_INDIAN_RESERVES
    intersecting 21 of 234     bcgw.sde\WHSE_ADMIN_BOUNDARIES.ADM_INDIAN_RESERVES_BANDS_SP
    intersecting 22 of 234     bcgw.sde\WHSE_ADMIN_BOUNDARIES.CLAB_NATIONAL_PARKS
    intersecting 23 of 234     bcgw.sde\WHSE_TANTALIS.TA_PARK_ECORES_PA_SVW
    intersecting 24 of 234     bcgw.sde\WHSE_TANTALIS.TA_CONSERVANCY_AREAS_SVW
    intersecting 25 of 234     bcgw.sde\WHSE_LEGAL_ADMIN_BOUNDARIES.WCL_CONSERVATION_LANDS_SP
    intersecting 26 of 234     bcgw.sde\WHSE_LEGAL_ADMIN_BOUNDARIES.WCL_CONSERVATION_AREAS_NGO_SP
    intersecting 27 of 234     bcgw.sde\WHSE_ADMIN_BOUNDARIES.PIP_CONSULTATION_AREAS_SP
    intersecting 28 of 234     bcgw.sde\REG_LEGAL_AND_ADMIN_BOUNDARIES.QSOI_BC_REGIONS
    intersecting 29 of 234     bcgw.sde\WHSE_HUMAN_CULTURAL_ECONOMIC.FNIRS_AGREEMENT_BOUNDARY_SVW
    intersecting 30 of 234     bcgw.sde\WHSE_HUMAN_CULTURAL_ECONOMIC.TUS_TRAD_USE_STUDY_POLY_MVW
    intersecting 31 of 234     bcgw.sde\WHSE_HUMAN_CULTURAL_ECONOMIC.TUS_TRD_USE_STD_SITE_POINT_MVW
    intersecting 32 of 234     bcgw.sde\WHSE_HUMAN_CULTURAL_ECONOMIC.TUS_TRD_USE_STD_SITE_LINE_MVW
    intersecting 33 of 234     bcgw.sde\WHSE_HUMAN_CULTURAL_ECONOMIC.TUS_TRD_USE_STD_SITE_POLY_MVW
    intersecting 34 of 234     bcgw.sde\WHSE_ADMIN_BOUNDARIES.FADM_TSA
    intersecting 35 of 234     bcgw.sde\WHSE_TANTALIS.TA_SURVEY_PARCELS_SVW
    intersecting 36 of 234     bcgw.sde\WHSE_TANTALIS.TA_SURVEY_PARCELS_SVW
    intersecting 37 of 234     bcgw.sde\WHSE_CADASTRE.PMBC_PARCEL_FABRIC_POLY_FA_SVW
    intersecting 38 of 234     bcgw.sde\WHSE_MINERAL_TENURE.MTA_CROWN_GRANT_MIN_CLAIM_SVW
    intersecting 39 of 234     bcgw.sde\WHSE_TANTALIS.TA_CROWN_TENURES_SVW
    intersecting 40 of 234     bcgw.sde\WHSE_TANTALIS.TA_CROWN_TENURES_SVW
    intersecting 41 of 234     bcgw.sde\WHSE_TANTALIS.TA_CROWN_TENURES_SVW
    intersecting 42 of 234     bcgw.sde\WHSE_TANTALIS.TA_CROWN_TENURES_SVW
    intersecting 43 of 234     bcgw.sde\WHSE_TANTALIS.TA_CROWN_LEASES_SVW
    intersecting 44 of 234     bcgw.sde\WHSE_TANTALIS.TA_ACQUISITIONS_SVW
    intersecting 45 of 234     bcgw.sde\WHSE_TANTALIS.TA_REVERSIONS_SVW
    intersecting 46 of 234     bcgw.sde\WHSE_MINERAL_TENURE.MTA_FEDERAL_TRANSFER_LANDS_SVW
    intersecting 47 of 234     bcgw.sde\WHSE_LEGAL_ADMIN_BOUNDARIES.ILRR_LAND_ACT_TRNSFR_CNTRL_SVW
    intersecting 48 of 234     bcgw.sde\WHSE_WILDLIFE_MANAGEMENT.WAA_GUIDE_OUTFITTER_AREA_SVW
    intersecting 49 of 234     bcgw.sde\WHSE_WILDLIFE_MANAGEMENT.WAA_TRAPLINE_AREAS_SP
    intersecting 50 of 234     bcgw.sde\WHSE_FOREST_TENURE.FTEN_ROAD_SECTION_LINES_SVW
    intersecting 51 of 234     bcgw.sde\WHSE_FOREST_TENURE.FTEN_ROAD_SECTION_LINES_SVW
    intersecting 52 of 234     bcgw.sde\WHSE_FOREST_TENURE.FTEN_SPEC_ACCESS_RD_LINES_SVW
    intersecting 53 of 234     bcgw.sde\WHSE_FOREST_TENURE.FTEN_SPEC_ACCESS_RD_POLY_SVW
    intersecting 54 of 234     bcgw.sde\WHSE_FOREST_TENURE.FTEN_RANGE_POLY_SVW
    intersecting 55 of 234     bcgw.sde\WHSE_FOREST_TENURE.FTEN_HARVEST_AUTH_POLY_SVW 
    intersecting 56 of 234     bcgw.sde\WHSE_FOREST_TENURE.FTEN_CUT_BLOCK_POLY_SVW
    intersecting 57 of 234     bcgw.sde\WHSE_FOREST_TENURE.FTEN_COMM_SITE_POLY_SVW
    intersecting 58 of 234     bcgw.sde\WHSE_FOREST_TENURE.FTEN_REAL_PROPERTY_POLY_SVW
    intersecting 59 of 234     bcgw.sde\WHSE_FOREST_TENURE.FTEN_SPEC_USE_PERMIT_POLY_SVW
    intersecting 60 of 234     bcgw.sde\WHSE_FOREST_TENURE.FTEN_TIMBER_LICENCE_POLY_SVW
    intersecting 61 of 234     bcgw.sde\WHSE_FOREST_TENURE.FTEN_TL_REMAINING_POLY_SVW
    intersecting 62 of 234     bcgw.sde\WHSE_FOREST_TENURE.FTEN_TL_ELIMINATION_POLY_SVW
    intersecting 63 of 234     bcgw.sde\WHSE_FOREST_TENURE.FTEN_MANAGED_LICENCE_POLY_SVW
    intersecting 64 of 234     bcgw.sde\WHSE_FOREST_TENURE.FTEN_FREE_USE_PERMIT_POLY_SVW
    intersecting 65 of 234     bcgw.sde\WHSE_FOREST_TENURE.FTEN_MAP_NOTATN_LINES_SVW
    intersecting 66 of 234     bcgw.sde\WHSE_FOREST_TENURE.FTEN_MAP_NOTATN_POLY_SVW
    intersecting 67 of 234     bcgw.sde\WHSE_FOREST_TENURE.FTEN_MAP_NOTATN_POINTS_SVW
    intersecting 68 of 234     bcgw.sde\WHSE_ADMIN_BOUNDARIES.FADM_TFL
    intersecting 69 of 234     bcgw.sde\WHSE_ADMIN_BOUNDARIES.FADM_TFL_ADDITION
    intersecting 70 of 234     bcgw.sde\WHSE_ADMIN_BOUNDARIES.FADM_TFL_DELETION
    intersecting 71 of 234     bcgw.sde\WHSE_ADMIN_BOUNDARIES.FADM_TFL_SCHED_A
    intersecting 72 of 234     bcgw.sde\WHSE_FOREST_VEGETATION.RESPROJ_RSRCH_INSTLTNS_GOV_SVW
    intersecting 73 of 234     bcgw.sde\WHSE_FOREST_VEGETATION.ISMC_PSP_ACTIVE_SITES_SP
    intersecting 74 of 234     bcgw.sde\WHSE_FOREST_TENURE.FTEN_RECREATION_POLY_SVW
    intersecting 75 of 234     bcgw.sde\WHSE_FOREST_TENURE.FTEN_RECREATION_LINES_SVW
    intersecting 76 of 234     bcgw.sde\WHSE_HUMAN_CULTURAL_ECONOMIC.RST_SECTION_58_ORDERS_POINT
    intersecting 77 of 234     bcgw.sde\WHSE_HUMAN_CULTURAL_ECONOMIC.RST_SECTION_58_ORDERS_LINE
    intersecting 78 of 234     bcgw.sde\WHSE_HUMAN_CULTURAL_ECONOMIC.RST_SECTION_58_ORDERS_POLY
    intersecting 79 of 234     bcgw.sde\WHSE_FOREST_VEGETATION.RSLT_OPENING_SVW
    intersecting 80 of 234     bcgw.sde\WHSE_FOREST_VEGETATION.RSLT_FOREST_COVER_RESERVE_SVW
    intersecting 81 of 234     bcgw.sde\WHSE_BASEMAPPING.GBA_METEOROLOGICAL_LOCS_SP
    intersecting 82 of 234     bcgw.sde\WHSE_ENVIRONMENTAL_MONITORING.ENVCAN_HYDROMETRIC_STN_SP
    intersecting 83 of 234     bcgw.sde\WHSE_WATER_MANAGEMENT.WLS_WATER_NOTATION_STREAMS_SP
    intersecting 84 of 234     bcgw.sde\WHSE_WATER_MANAGEMENT.WLS_WATER_NOTATION_AQUIFERS_SP
    intersecting 85 of 234     bcgw.sde\WHSE_WATER_MANAGEMENT.WLS_WATER_RIGHTS_LICENCES_SP
    intersecting 86 of 234     bcgw.sde\WHSE_WATER_MANAGEMENT.WLS_WATER_RIGHTS_APPLICTNS_SP
    intersecting 87 of 234     bcgw.sde\WHSE_WATER_MANAGEMENT.WLS_WATER_LICENCED_WRK_LINE_SP
    intersecting 88 of 234     bcgw.sde\WHSE_WATER_MANAGEMENT.WLS_WATER_LICENCED_WRK_LOC_SP
    intersecting 89 of 234     bcgw.sde\WHSE_WATER_MANAGEMENT.WLS_LICENCE_WITH_PARCELS_ISP
    intersecting 90 of 234     bcgw.sde\WHSE_WATER_MANAGEMENT.WLS_WATER_APPROVALS_GOV_SVW
    intersecting 91 of 234     bcgw.sde\WHSE_WATER_MANAGEMENT.WLS_RESERVOIR_PMT_LICENSEE_SP
    intersecting 92 of 234     bcgw.sde\WHSE_WATER_MANAGEMENT.WRIS_DAMS_PUBLIC_SVW
    intersecting 93 of 234     bcgw.sde\WHSE_MINERAL_TENURE.MTA_ACQUIRED_TENURE_SVW
    intersecting 94 of 234     bcgw.sde\WHSE_MINERAL_TENURE.MTA_ACQUIRED_TENURE_SVW
    intersecting 95 of 234     bcgw.sde\WHSE_MINERAL_TENURE.MTA_ACQUIRED_TENURE_SVW
    intersecting 96 of 234     bcgw.sde\WHSE_MINERAL_TENURE.HSP_MJR_MINES_PERMTTD_AREAS_SP
    intersecting 97 of 234     bcgw.sde\WHSE_MINERAL_TENURE.HSP_NOTICE_OF_WORK_FA_POLY_SP
    intersecting 98 of 234     bcgw.sde\WHSE_MINERAL_TENURE.MTA_ACQUIRED_TENURE_SVW
    intersecting 99 of 234     bcgw.sde\WHSE_MINERAL_TENURE.PTSA_PETROLEUM_TITLE_POLY
    intersecting 100 of 234     bcgw.sde\WHSE_LAND_AND_NATURAL_RESOURCE.FOSS_IMPORTANT_FOSSIL_AREAS_SP
    intersecting 101 of 234     bcgw.sde\WHSE_WASTE.SITE_ENV_RMDTN_SITES_GOV_SVW
    intersecting 102 of 234     bcgw.sde\WHSE_WASTE.BC_ENV_MONITOR_LOCNS
    intersecting 103 of 234     bcgw.sde\WHSE_ARCHAEOLOGY.RAAD_TFM_SITES_SVW
    intersecting 104 of 234     bcgw.sde\WHSE_ARCHAEOLOGY.RAAD_TFM_SITES_SVW
    intersecting 105 of 234     bcgw.sde\WHSE_HUMAN_CULTURAL_ECONOMIC.HIST_HISTORIC_ENVIRONMNT_FA_SP
    intersecting 106 of 234     bcgw.sde\WHSE_HUMAN_CULTURAL_ECONOMIC.HIST_HISTORIC_ENVIRONMNT_FA_SP
    intersecting 107 of 234     \\spatialfiles.bcgov\work\!Shared_Access\IPCA\IPCA_AST.gdb\AST_interim_IPCA
    intersecting 108 of 234     bcgw.sde\WHSE_LEGAL_ADMIN_BOUNDARIES.OATS_ALR_POLYS
    intersecting 109 of 234     bcgw.sde\WHSE_TANTALIS.TEMP_TRANSPORT
    intersecting 110 of 234     bcgw.sde\REG_LEGAL_AND_ADMIN_BOUNDARIES.REC_TENURE_ALPINE_SKI_AREAS_SP
    intersecting 111 of 234     bcgw.sde\WHSE_WILDLIFE_INVENTORY.AMA_SNOWMOBILE_MGMT_AREAS_SP
    intersecting 112 of 234     bcgw.sde\WHSE_MINERAL_TENURE.MTA_SITE_SP
    intersecting 113 of 234     bcgw.sde\WHSE_MINERAL_TENURE.MTA_SITE_SP
    intersecting 114 of 234     bcgw.sde\WHSE_TERRESTRIAL_ECOLOGY.BIOT_OCCR_NON_SENS_AREA_SVW
    intersecting 115 of 234     bcgw.sde\WHSE_TERRESTRIAL_ECOLOGY.BIOT_OCCR_MASKED_SENS_AREA_SP
    intersecting 116 of 234     bcgw.sde\WHSE_WATER_MANAGEMENT.WLS_COMMUNITY_WS_PUB_SVW
    intersecting 117 of 234     bcgw.sde\WHSE_BASEMAPPING.CWB_FLOODPLAINS_BC_AREA_SVW
    intersecting 118 of 234     bcgw.sde\WHSE_WATER_MANAGEMENT.GW_WATER_WELLS_WRBC_SVW
    intersecting 119 of 234     bcgw.sde\WHSE_WATER_MANAGEMENT.GW_AQUIFERS_CLASSIFICATION_SVW
    intersecting 120 of 234     bcgw.sde\WHSE_WATER_MANAGEMENT.WLS_WATER_RESERVATION_SV
    intersecting 121 of 234     bcgw.sde\WHSE_WATER_MANAGEMENT.WLS_WATER_NOTATION_SV
    intersecting 122 of 234     bcgw.sde\WHSE_WATER_MANAGEMENT.WLS_NON_TRIM_HYDRGRPH_LINE_SVW
    intersecting 123 of 234     bcgw.sde\WHSE_WATER_MANAGEMENT.FPW_APPURTENANT_STRUCTURE_SVW
    intersecting 124 of 234     bcgw.sde\WHSE_WATER_MANAGEMENT.SSL_SNOW_MSS_LOCS_SP
    intersecting 125 of 234     bcgw.sde\WHSE_WATER_MANAGEMENT.SSL_SNOW_ASWS_STNS_SP
    intersecting 126 of 234     bcgw.sde\WHSE_WILDLIFE_MANAGEMENT.WCP_WILDLIFE_HABITAT_AREA_POLY
    intersecting 127 of 234     bcgw.sde\WHSE_WILDLIFE_MANAGEMENT.WCP_WHA_PROPOSED_SP
    intersecting 128 of 234     bcgw.sde\WHSE_WILDLIFE_MANAGEMENT.WCP_UNGULATE_WINTER_RANGE_SP
    intersecting 129 of 234     bcgw.sde\WHSE_WILDLIFE_MANAGEMENT.WCP_UNGULATE_WINTER_RANGE_SP
    intersecting 130 of 234     bcgw.sde\WHSE_WILDLIFE_MANAGEMENT.WCP_UNG_WNTR_RNG_PROPOSED_SP
    intersecting 131 of 234     bcgw.sde\WHSE_WILDLIFE_MANAGEMENT.WCP_WILDLIFE_HABITAT_AREA_POLY
    intersecting 132 of 234     bcgw.sde\WHSE_WILDLIFE_MANAGEMENT.WCP_UNGULATE_WINTER_RANGE_SP
    intersecting 133 of 234     bcgw.sde\WHSE_WILDLIFE_MANAGEMENT.WCP_FISH_SENS_WS_PROPOSED_SP
    intersecting 134 of 234     bcgw.sde\WHSE_WILDLIFE_MANAGEMENT.WCP_FISH_SENSITIVE_WS_POLY
    intersecting 135 of 234     bcgw.sde\WHSE_WILDLIFE_MANAGEMENT.WCP_CRITICAL_HABITAT_SP
    intersecting 136 of 234     bcgw.sde\WHSE_WILDLIFE_MANAGEMENT.CRIMS_EELGRASSES
    intersecting 137 of 234     bcgw.sde\WHSE_WILDLIFE_MANAGEMENT.CRIMS_KELP_BEDS
    intersecting 138 of 234     bcgw.sde\WHSE_TANTALIS.TA_WILDLIFE_MGMT_AREAS_SVW
    intersecting 139 of 234     bcgw.sde\WHSE_WILDLIFE_MANAGEMENT.WAA_WILDLIFE_MGMT_UNITS_SVW
    intersecting 140 of 234     bcgw.sde\WHSE_ADMIN_BOUNDARIES.FADM_PROV_FOREST
    intersecting 141 of 234     bcgw.sde\WHSE_ADMIN_BOUNDARIES.FADM_PROV_FOREST_ADDITION
    intersecting 142 of 234     bcgw.sde\WHSE_ADMIN_BOUNDARIES.FADM_PROV_FOREST_DELETION
    intersecting 143 of 234     bcgw.sde\WHSE_ADMIN_BOUNDARIES.FADM_PROV_FOREST_EXCLUSION
    intersecting 144 of 234     bcgw.sde\WHSE_TERRESTRIAL_ECOLOGY.STE_TER_PROJECT_BOUNDARIES_SVW
    intersecting 145 of 234     bcgw.sde\WHSE_LAND_USE_PLANNING.RMP_LANDSCAPE_UNIT_SVW
    intersecting 146 of 234     bcgw.sde\WHSE_LAND_USE_PLANNING.RMP_STRGC_LAND_RSRCE_PLAN_SVW
    intersecting 147 of 234     bcgw.sde\WHSE_LAND_USE_PLANNING.RMP_OGMA_LEGAL_CURRENT_SVW
    intersecting 148 of 234     bcgw.sde\WHSE_LAND_USE_PLANNING.RMP_OGMA_NON_LEGAL_CURRENT_SVW
    intersecting 149 of 234     bcgw.sde\WHSE_FOREST_VEGETATION.OGSR_PRIORITY_DEF_AREA_CUR_SP
    intersecting 150 of 234     bcgw.sde\WHSE_LAND_USE_PLANNING.RMP_PLAN_LEGAL_POLY_SVW
    intersecting 151 of 234     bcgw.sde\WHSE_LAND_USE_PLANNING.RMP_PLAN_LEGAL_POINT_SVW
    intersecting 152 of 234     bcgw.sde\WHSE_LAND_USE_PLANNING.RMP_PLAN_LEGAL_LINE_SVW
    intersecting 153 of 234     bcgw.sde\WHSE_LAND_USE_PLANNING.RMP_PLAN_NON_LEGAL_POLY_SVW
    intersecting 154 of 234     bcgw.sde\WHSE_LAND_USE_PLANNING.RMP_PLAN_NON_LEGAL_POINT_SVW
    intersecting 155 of 234     bcgw.sde\WHSE_LAND_USE_PLANNING.RMP_PLAN_NON_LEGAL_LINE_SVW
    intersecting 156 of 234     bcgw.sde\WHSE_ARCHAEOLOGY.RAAD_AOA_PROVINCIAL
    intersecting 157 of 234     bcgw.sde\WHSE_ARCHAEOLOGY.RAAD_INFORMED_CONTRIBUTORS_SV
    intersecting 158 of 234     bcgw.sde\WHSE_FISH.FISS_FISH_OBSRVTN_PNT_SP
    intersecting 159 of 234     bcgw.sde\WHSE_FISH.FISS_FISH_OBSRVTN_PNT_SP
    intersecting 160 of 234     bcgw.sde\WHSE_FISH.FISS_HIST_FISH_DST_PNT_PUB_SVW
    intersecting 161 of 234     bcgw.sde\WHSE_FISH.FISS_HIST_FISH_DST_PNT_PUB_SVW
    intersecting 162 of 234     bcgw.sde\WHSE_FOREST_VEGETATION.BEC_BIOGEOCLIMATIC_20K_SPG
    intersecting 163 of 234     bcgw.sde\WHSE_TANTALIS.TA_CROWN_TENURES_SVW
    intersecting 164 of 234     bcgw.sde\WHSE_MINERAL_TENURE.OG_ROAD_AREA_PERMIT_SP
    intersecting 165 of 234     bcgw.sde\WHSE_MINERAL_TENURE.OG_ROAD_AREA_APPL_SP
    intersecting 166 of 234     bcgw.sde\WHSE_MINERAL_TENURE.OG_WELL_FACILITY_PERMIT_SP
    intersecting 167 of 234     bcgw.sde\WHSE_MINERAL_TENURE.OG_WELL_FACILITY_APPL_SP
    intersecting 168 of 234     bcgw.sde\WHSE_MINERAL_TENURE.OG_PIPELINE_AREA_PERMIT_SP
    intersecting 169 of 234     bcgw.sde\WHSE_MINERAL_TENURE.OG_PIPELINE_AREA_APPL_SP
    intersecting 170 of 234     bcgw.sde\WHSE_MINERAL_TENURE.OG_PIPELINE_AREA_PERMIT_SP
    intersecting 171 of 234     bcgw.sde\WHSE_MINERAL_TENURE.OG_PIPELINE_AREA_APPL_SP
    intersecting 172 of 234     bcgw.sde\WHSE_MINERAL_TENURE.OG_CONSTR_CORRIDOR_APPL_SP
    intersecting 173 of 234     bcgw.sde\WHSE_MINERAL_TENURE.OG_GEOPHYSICAL_PERMIT_SP
    intersecting 174 of 234     bcgw.sde\WHSE_MINERAL_TENURE.OG_GEOPHYSICAL_APPL_SP
    intersecting 175 of 234     bcgw.sde\WHSE_MINERAL_TENURE.OG_FACILITY_LOCATNS_PERMIT_SP
    intersecting 176 of 234     bcgw.sde\WHSE_MINERAL_TENURE.OG_ASSOC_ANCILLARY_PERMIT_SP
    intersecting 177 of 234     bcgw.sde\WHSE_MINERAL_TENURE.OG_ASSOC_ANCILLARY_APPL_SP
    intersecting 178 of 234     bcgw.sde\WHSE_MINERAL_TENURE.OG_SUMP_LOCATIONS_SP
    intersecting 179 of 234     bcgw.sde\WHSE_MINERAL_TENURE.OG_WASTE_DISP_SITES_PRE2016_SP
    intersecting 180 of 234     bcgw.sde\WHSE_MINERAL_TENURE.OG_WATER_SOURCE_PERMIT_SP
    intersecting 181 of 234     bcgw.sde\WHSE_MINERAL_TENURE.OG_WATER_SOURCE_APPL_SP
    intersecting 182 of 234     bcgw.sde\WHSE_MINERAL_TENURE.OG_PETRLM_DEV_RDS_PRE06_GOV_SP
    intersecting 183 of 234     bcgw.sde\WHSE_MINERAL_TENURE.OG_FACILITY_LOCATNS_PRE2016_SP
    intersecting 184 of 234     bcgw.sde\WHSE_HUMAN_CULTURAL_ECONOMIC.FNT_AREAS_OF_INTEREST_SP
    intersecting 185 of 234     bcgw.sde\WHSE_ADMIN_BOUNDARIES.TADM_MOT_DISTRICT_BNDRY_POLY
    intersecting 186 of 234     bcgw.sde\WHSE_ADMIN_BOUNDARIES.EADM_WLAP_REGION_BND_AREA_SVW
    intersecting 187 of 234     bcgw.sde\WHSE_ADMIN_BOUNDARIES.BCHA_HEALTH_AUTHORITY_BNDRY_SP
    intersecting 188 of 234     bcgw.sde\WHSE_TANTALIS.TA_LAND_DISTRICTS_SVW
    intersecting 189 of 234     bcgw.sde\WHSE_LEGAL_ADMIN_BOUNDARIES.ABMS_REGIONAL_DISTRICTS_SP
    intersecting 190 of 234     bcgw.sde\WHSE_TANTALIS.TA_MGMT_AREAS_SPATIAL_SVW
    intersecting 191 of 234     bcgw.sde\WHSE_ADMIN_BOUNDARIES.ADM_NR_DISTRICTS_SP
    intersecting 192 of 234     bcgw.sde\WHSE_ADMIN_BOUNDARIES.ADM_NR_REGIONS_SP
    intersecting 193 of 234     bcgw.sde\WHSE_ADMIN_BOUNDARIES.ADM_NR_AREAS_SP 
    intersecting 194 of 234     bcgw.sde\WHSE_ADMIN_BOUNDARIES.LWADM_WATMGMT_DIST_AREA_SVW
    intersecting 195 of 234     bcgw.sde\WHSE_ADMIN_BOUNDARIES.LWADM_WATMGMT_PREC_AREA_SVW
    intersecting 196 of 234     bcgw.sde\WHSE_LEGAL_ADMIN_BOUNDARIES.ABMS_MUNICIPALITIES_SP
    intersecting 197 of 234     bcgw.sde\WHSE_HUMAN_CULTURAL_ECONOMIC.FNT_NANWAKOLAS_MATRIX_SP
    intersecting 198 of 234     bcgw.sde\WHSE_LEGAL_ADMIN_BOUNDARIES.FNT_TREATY_LAND_SP
    intersecting 199 of 234     bcgw.sde\WHSE_LEGAL_ADMIN_BOUNDARIES.FNT_TREATY_RELATED_LAND_SP
    intersecting 200 of 234     bcgw.sde\WHSE_LEGAL_ADMIN_BOUNDARIES.FNT_TREATY_AREA_SP
    intersecting 201 of 234     bcgw.sde\WHSE_TANTALIS.TA_LAND_CLAIM_STLMNT_AREAS_SVW
    intersecting 202 of 234     \\Spatialfiles.bcgov\work\srm\smt\Workarea\FCBC\status_spatial_data_non_ILRR\Kaska_sea_high_value_data\kdc_spatialReferenceLayer_finalResultant_highValue_dslv_20111213.shp

    intersecting 203 of 234     \\Spatialfiles.bcgov\work\srm\smt\Workarea\FCBC\status_spatial_data_non_ILRR\OW_Yatsalkas_House\shapefile_Unistoten_both_areas\G06_G07t.shp

    intersecting 204 of 234     \\Spatialfiles.bcgov\work\srm\smt\Workarea\FCBC\status_spatial_data_non_ILRR\OW_House\Wetsuweten_house_sharepoint_July_2013.shp

    intersecting 205 of 234     \\Spatialfiles.bcgov\work\srm\smt\Workarea\FCBC\status_spatial_data_non_ILRR\Nisgaa_hydro_power_reserve\nisgaa_hydro_power_reservation.shp

    intersecting 206 of 234     \\Spatialfiles.bcgov\work\srm\smt\Workarea\FCBC\status_spatial_data_non_ILRR\Gitanyow_Wilp\Gitanyow_Wilp_2013.shp

    intersecting 207 of 234     \\Spatialfiles.bcgov\work\srm\smt\Workarea\FCBC\status_spatial_data_non_ILRR\Gitxsan_Wilp\Gitxsan_Wilps_2013.shp

    intersecting 208 of 234     \\Spatialfiles.bcgov\work\srm\smt\Workarea\FCBC\status_spatial_data_non_ILRR\Skeena_SCHRIMP\SK_FN_SCHRIMP_2_Poly_150313.shp

    intersecting 209 of 234     \\Spatialfiles.bcgov\work\srm\smt\Workarea\FCBC\status_spatial_data_non_ILRR\Skeena_SCHRIMP\SK_FN_SCHRIMP_2_Line_150313.shp

    intersecting 210 of 234     \\Spatialfiles.bcgov\work\srm\smt\Workarea\FCBC\status_spatial_data_non_ILRR\Skeena_SCHRIMP\SK_FN_SCHRIMP_2_Point_150313.shp

    intersecting 211 of 234     \\Spatialfiles.bcgov\work\srm\smt\Workarea\FCBC\status_spatial_data_non_ILRR\Skeena_FN_Agreements\SK_FN_FCRSA.shp

    intersecting 212 of 234     \\Spatialfiles.bcgov\work\srm\smt\Workarea\FCBC\status_spatial_data_non_ILRR\Skeena_FN_Agreements\SK_FN_SEA.shp

    intersecting 213 of 234     \\Spatialfiles.bcgov\work\srm\smt\Workarea\FCBC\status_spatial_data_non_ILRR\Prince_Rupert_Port_Authority\PR_port_authority_admin_area_5077.shp
    intersecting 214 of 234     \\Spatialfiles.bcgov\work\srm\smt\Workarea\FCBC\status_spatial_data_non_ILRR\Skeena_Ecosystems\CL_BulkleyValley_Sept1_2019.shp

    intersecting 215 of 234     \\Spatialfiles.bcgov\work\srm\smt\Workarea\FCBC\status_spatial_data_non_ILRR\Skeena_GrizzlyBear_Habitat\Grizzly_Bear_Habitat_Areas.shp

    intersecting 216 of 234     \\Spatialfiles.bcgov\work\srm\smt\Workarea\FCBC\status_spatial_data_non_ILRR\Skeena_MountainGoat_Habitat\MtnGoat_Winter_Habitat_Areas.shp

    intersecting 217 of 234     \\Spatialfiles.bcgov\work\srm\smt\Workarea\FCBC\status_spatial_data_non_ILRR\Skeena_MountainGoat_Habitat\MtnGoat_RSPF_Habitat_Model.shp

    intersecting 218 of 234     \\Spatialfiles.bcgov\work\srm\smt\Workarea\FCBC\status_spatial_data_non_ILRR\Skeena_Moose_Habitat\Moose_Habitat_Areas.shp

    intersecting 219 of 234     \\Spatialfiles.bcgov\work\srm\smt\Workarea\FCBC\status_spatial_data_non_ILRR\Skeena_Elk_Habitat\Elk_Habitat_Area.shp

    intersecting 220 of 234     \\Spatialfiles.bcgov\work\srm\smt\Workarea\FCBC\status_spatial_data_non_ILRR\Skeena_Ecosystems\Ecological_Community.shp

    intersecting 221 of 234     \\Spatialfiles.bcgov\work\srm\smt\Workarea\FCBC\status_spatial_data_non_ILRR\Skeena_Telkwa_Caribou\TelkwaCaribou_RecoveryArea.shp

    intersecting 222 of 234     \\Spatialfiles.bcgov\work\srm\smt\Workarea\FCBC\status_spatial_data_non_ILRR\Skeena_Telkwa_Caribou\TelkwaCaribou_NoHarvest.shp

    intersecting 223 of 234     \\Spatialfiles.bcgov\work\srm\smt\Workarea\FCBC\status_spatial_data_non_ILRR\Skeena_Telkwa_Caribou\TelkwaCaribou_KeyForest.shp

    intersecting 224 of 234     \\Spatialfiles.bcgov\work\srm\smt\Workarea\FCBC\status_spatial_data_non_ILRR\Skeena_MuleDeer_Habitat\MuleDeer_Habitat_Areas.shp

    intersecting 225 of 234     \\Spatialfiles.bcgov\work\srm\smt\Workarea\FCBC\status_spatial_data_non_ILRR\Skeena_NorthernGoshawk\NOGO_FocalMgmtArea2017.shp
    intersecting 226 of 234     \\Spatialfiles.bcgov\work\srm\smt\Workarea\FCBC\status_spatial_data_non_ILRR\Skeena_NorthernGoshawk\NOGO_FocalMgmtArea2017_May2018Update.shp
    intersecting 227 of 234     \\Spatialfiles.bcgov\work\srm\smt\Workarea\FCBC\status_spatial_data_non_ILRR\Skeena_NorthernGoshawk\NOGO_ForageTerritory_2019.shp
    intersecting 228 of 234     \\Spatialfiles.bcgov\work\srm\smt\Workarea\FCBC\status_spatial_data_non_ILRR\Aquaculture_shellfish_tenures\shellfish_sk_300buf.shp
    intersecting 229 of 234     \\Spatialfiles.bcgov\work\srm\smt\Workarea\FCBC\status_spatial_data_non_ILRR\MaPP\NorthCoastSubRegion_June2015.shp
    intersecting 230 of 234     \\Spatialfiles.bcgov\work\srm\smt\Workarea\FCBC\status_spatial_data_non_ILRR\Klappan\SacredHeadwaters_May2018.shp
    intersecting 231 of 234     \\Spatialfiles.bcgov\work\srm\smt\Workarea\FCBC\status_spatial_data_non_ILRR\Klappan\ZoneB_May2018.shp
    intersecting 232 of 234     \\Spatialfiles.bcgov\work\srm\smt\Workarea\FCBC\status_spatial_data_non_ILRR\Klappan\ZoneC_May2018.shp
    intersecting 233 of 234     bcgw.sde\WHSE_TANTALIS.TA_PARK_ECORES_PA_SVW
    intersecting 234 of 234     bcgw.sde\WHSE_TANTALIS.TA_CONSERVANCY_AREAS_SVW
Clip Data Time is 1234
Generating PDF maps
======================================================================
Creating the overview maps
======================================================================
Making overview maps
MAPX file created for: Overview_Map
Overview Map was NOT added to the project
======================================================================
======================================================================
Creating the maps
======================================================================
Making map 1 of 234  Crossed_by_River_or_Creek_FWA.pdf
Making map 2 of 234  Crossed_by_River_or_Creek_TRIM.pdf
Making map 3 of 234  Crossed_by_Road_or_Highway_DRA.pdf
Making map 4 of 234  Crossed_by_FSR_or_Permit_Roads.pdf
Making map 5 of 234  Crossed_by_FSR_or_Permit_Roads_within_right_of_way_allowance.pdf
Making map 6 of 234  Crossed_by_Surveyed_Right_of_way.pdf
Making map 7 of 234  Crossed_by_Right_of_way.pdf
Making map 8 of 234  Crossed_by_Railway_Tracks.pdf
Making map 9 of 234  Crossed_by_Railway_Crossings.pdf
Making map 10 of 234  Adjoined_by_River_or_Creek_FWA.pdf
Making map 11 of 234  Adjoined_by_River_or_Creek_TRIM.pdf
Making map 12 of 234  Adjoined_by_Highway_DRA.pdf
Making map 13 of 234  Adjoined_by_Road_DRA.pdf
Making map 14 of 234  Adjoined_by_FSR_or_Permit_Roads.pdf
Making map 15 of 234  Adjoined_by_Surveyed_Right_of_way.pdf
Making map 16 of 234  Adjoined_by_Right_of_way.pdf
Making map 17 of 234  Adjoined_by_Transportation_Corridors.pdf
Making map 18 of 234  Adjoined_by_Railway_Tracks.pdf
Making map 19 of 234  Adjoined_by_Railway_Crossings.pdf
Making map 20 of 234  Indian_Reserves.pdf
Making map 21 of 234  IR_within_2_km.pdf
Making map 22 of 234  National_Park.pdf
Making map 23 of 234  Park_and_Protected_Areas.pdf
Making map 24 of 234  Conservancy_Areas.pdf
Making map 25 of 234  Conservation_Lands_including_Wildlife_Managment_Areas.pdf
Making map 26 of 234  NGO_Conservation_Areas.pdf
Making map 27 of 234  Consultative_Areas.pdf
Making map 28 of 234  First_Nation_Statement_of_Intent_Boundaries_.pdf
Making map 29 of 234  MFR_First_Nation_Agreement_Boundaries.pdf
Making map 30 of 234  First_Nation_Traditional_Use_Study_Area.pdf
Making map 31 of 234  Traditional_Use_Points.pdf
Making map 32 of 234  Traditional_Use_Lines.pdf
Making map 33 of 234  Traditional_Use_Polygons.pdf
Making map 34 of 234  Timber_Supply_Area_and_Blocks.pdf
Making map 35 of 234  Primary_Survey_Parcels_Tantalis.pdf
Making map 36 of 234  Land_Act_Subdivisions_Tantalis.pdf
Making map 37 of 234  ParcelMap_BC.pdf
Making map 38 of 234  Crown_Granted_Mineral_Claims.pdf
Making map 39 of 234  Crown_Tenure_Tantalis_Application.pdf
Making map 40 of 234  Crown_Tenure_Tantalis_Tenure.pdf
Making map 41 of 234  Crown_Tenure_Inventory.pdf
Making map 42 of 234  Crown_Tenure_PreTantalis.pdf
Making map 43 of 234  Grazing_Leases_Tantalis_.pdf
Making map 44 of 234  Crown_Acquisitions.pdf
Making map 45 of 234  Crown_Reversions.pdf
Making map 46 of 234  Land_Act_Transfer_of_Administration_Control_MTO.pdf
Making map 47 of 234  Transfers_of_Admin_and_Control.pdf
Making map 48 of 234  Guide_Outfitter.pdf
Making map 49 of 234  Trapline.pdf
Making map 50 of 234  FTEN_Roads.pdf
Making map 51 of 234  FTEN_Roads_within_right_of_way_allowance.pdf
Making map 52 of 234  FTEN_Special_Access_Roads_Line.pdf
Making map 53 of 234  FTEN_Special_Access_Roads_Poly.pdf
Making map 54 of 234  FTEN_Range_Tenure_.pdf
Making map 55 of 234  FTEN_Harvest_Authority.pdf
Making map 56 of 234  FTEN_Cut_Blocks_Current_and_Application.pdf
Making map 57 of 234  FTEN_Communication_Sites.pdf
Making map 58 of 234  FTEN_Real_Property_Projects.pdf
Making map 59 of 234  FTEN_Special_Use_Permits.pdf
Making map 60 of 234  FTEN_Timber_Licence_Polygons.pdf
Making map 61 of 234  FTEN_Timber_Licence_Remaining_Polygons.pdf
Making map 62 of 234  FTEN_Timber_Licence_Elimination_Polygons.pdf
Making map 63 of 234  FTEN_Managed_Licenses.pdf
Making map 64 of 234  FTEN_Free_Use_Permits.pdf
Making map 65 of 234  FTEN_Map_Notation_Lines.pdf
Making map 66 of 234  FTEN_Map_Notation_Polys.pdf
Making map 67 of 234  FTEN_Map_Notation_Points.pdf
Making map 68 of 234  TFL.pdf
Making map 69 of 234  TFL_Additions.pdf
Making map 70 of 234  TFL_Deletions.pdf
Making map 71 of 234  TFL_Schedule_A.pdf
Making map 72 of 234  Research_Plots.pdf
Making map 73 of 234  Growth_and_Yield_Plots.pdf
Making map 74 of 234  FTEN_Recreation_Tenure_Polys.pdf
Making map 75 of 234  FTEN_Recreation_Tenure_Lines.pdf
Making map 76 of 234  Section_58_Recreation_Order_Points.pdf
Making map 77 of 234  Section_58_Recreation_Order_Lines.pdf
Making map 78 of 234  Section_58_Recreation_Order_Polygons.pdf
Making map 79 of 234  RESULTS_Openings.pdf
Making map 80 of 234  RESULTS_Reserves.pdf
Making map 81 of 234  Climate_Stations.pdf
Making map 82 of 234  Hydrometric_Stations.pdf
Making map 83 of 234  Streams_with_Water_Allocation_Notations.pdf
Making map 84 of 234  Aquifers_with_Water_Allocation_Notations.pdf
Making map 85 of 234  Water_Rights_Licences.pdf
Making map 86 of 234  Water_Rights_Applications.pdf
Making map 87 of 234  Water_Licenced_Work_Linear_Features_within_50m.pdf
Making map 88 of 234  Water_Licenced_Work_Point_Features_within_50m.pdf
Making map 89 of 234  Land_Parcels_with_Water_Licences.pdf
Making map 90 of 234  Water_Approvals.pdf
Making map 91 of 234  Reservoir_Permits_over_Crown_Land.pdf
Making map 92 of 234  BC_Dams.pdf
Making map 93 of 234  Coal_Application.pdf
Making map 94 of 234  Coal_Lease.pdf
Making map 95 of 234  Coal_Licence.pdf
Making map 96 of 234  Permitted_Mine_Area_for_Major_Mines.pdf
Making map 97 of 234  NOW_polygons.pdf
Making map 98 of 234  Mineral_and_Placer_Tenures.pdf
Making map 99 of 234  Petroleum_Tenures.pdf
Making map 100 of 234  Important_Fossil_Areas.pdf
Making map 101 of 234  Environmental_Remediation_Sites.pdf
Making map 102 of 234  Environmental_Monitoring_Stations.pdf
Making map 103 of 234  Archaeology_Sites.pdf
Making map 104 of 234  Archaeology_Sites_within_50_metres.pdf
Making map 105 of 234  Heritage_Sites_.pdf
Making map 106 of 234  Heritage_Sites_within_50_metres.pdf
Making map 107 of 234  Indigenous_Protected_and_Conserved_Areas_IPCA.pdf
Making map 108 of 234  Agriculture_Land_Reserve.pdf
Making map 109 of 234  Transportation_Corridors.pdf
Making map 110 of 234  Alpine_Ski_Areas.pdf
Making map 111 of 234  Snowmobile_Management_Areas.pdf
Making map 112 of 234  Reserve_Mineral_Sites.pdf
Making map 113 of 234  Placer_Reserve_Sites.pdf
Making map 114 of 234  Species_and_Ecosystems_at_Risk_Public_Occurrences.pdf
Making map 115 of 234  Species_and_Ecosystems_at_Risk_Masked_Secured_Occurrences.pdf
Making map 116 of 234  Community_Watersheds.pdf
Making map 117 of 234  Flood_Plains_in_BC.pdf
Making map 118 of 234  Water_Wells.pdf
Making map 119 of 234  Ground_Water_Aquifers.pdf
Making map 120 of 234  Water_Reservations_Points.pdf
Making map 121 of 234  Water_Allocation_Notation_Points.pdf
Making map 122 of 234  Non_Trim_Hydrography.pdf
Making map 123 of 234  Flood_Protection_Works_Appurtenant_Structures.pdf
Making map 124 of 234  Active_Snow_Course_Locations.pdf
Making map 125 of 234  Active_Snow_Pillow_Locations.pdf
Making map 126 of 234  Wildlife_Habitat_Area_Legal.pdf
Making map 127 of 234  Wildlife_Habitat_Proposed.pdf
Making map 128 of 234  Ungulate_Winter_Range_Legal.pdf
Making map 129 of 234  Ungulate_Winter_Range_Legal_with_5_km_buffer.pdf
Making map 130 of 234  Ungulate_Winter_Range_Proposed.pdf
Making map 131 of 234  Caribou_Habitat_Areas_WHA_GAR_order.pdf
Making map 132 of 234  Caribou_Habitat_Areas_UWR_GAR_order.pdf
Making map 133 of 234  Proposed_Fisheries_Sensitive_Watersheds.pdf
Making map 134 of 234  Approved_Fisheries_Sensitive_Watersheds.pdf
Making map 135 of 234  Critical_Habitat_for_Federally_listed_Species_at_Risk.pdf
Making map 136 of 234  Eelgrass_Areas.pdf
Making map 137 of 234  Kelp_Beds.pdf
Making map 138 of 234  Wildlife_Management_Areas.pdf
Making map 139 of 234  Wildlife_Management_Units.pdf
Making map 140 of 234  Provincial_Forest.pdf
Making map 141 of 234  Provincial_Forest_Additions.pdf
Making map 142 of 234  Provincial_Forest_Deletions.pdf
Making map 143 of 234  Provincial_Forest_Exclusions.pdf
Making map 144 of 234  Terrain_Mapping_Project_Boundaries.pdf
Making map 145 of 234  Landscape_Units.pdf
Making map 146 of 234  Strategic_Land_Resource_Plans.pdf
Making map 147 of 234  Legal_OGMA.pdf
Making map 148 of 234  Non_Legal_OGMA.pdf
Making map 149 of 234  Old_Growth_Recommended_Harvest_Deferral_Areas.pdf
Making map 150 of 234  Legal_Strategic_Land_and_Resource_Planning_Objectives_polygons.pdf
Making map 151 of 234  Legal_Strategic_Land_and_Resource_Planning_Objectives_point.pdf
Making map 152 of 234  Legal_Strategic_Land_and_Resource_Planning_Objectives_line.pdf
Making map 153 of 234  Non_Legal_Strategic_Land_and_Resource_Planning_Features_polygon.pdf
Making map 154 of 234  Non_Legal_Strategic_Land_and_Resource_Planning_Features_point.pdf
Making map 155 of 234  Non_Legal_Strategic_Land_and_Resource_Planning_Features_line.pdf
Making map 156 of 234  Archaeological_Potential.pdf
Making map 157 of 234  Arch_Potential_Informed_Contributors_Layer.pdf
Making map 158 of 234  Known_Fish_Observations.pdf
Making map 159 of 234  Known_Fish_Observations_within_5km.pdf
Making map 160 of 234  Historic_Known_Fish_Distribution_Points_with_Spawning_and_Rearing.pdf
Making map 161 of 234  Historic_Known_Fish_Dist_Points_with_Spawning_and_Rearing_5km_buffer.pdf
Making map 162 of 234  Biogeoclimatic_Zone.pdf
Making map 163 of 234  Energy_Production_Tenures_Tantalis.pdf
Making map 164 of 234  BCER_Road_Permit_Areas.pdf
Making map 165 of 234  BCER_Road_Application_Areas.pdf
Making map 166 of 234  BCER_Well_Facility_Permits.pdf
Making map 167 of 234  BCER_Well_Facility_Applications.pdf
Making map 168 of 234  BCER_Pipeline_Area_Permits.pdf
Making map 169 of 234  BCER_Pipeline_Area_Applications.pdf
Making map 170 of 234  BCER_Pipeline_Area_Permits_within_50m.pdf
Making map 171 of 234  BCER_Pipeline_Area_Applications_within_50m.pdf
Making map 172 of 234  BCER_Construction_Corridor.pdf
Making map 173 of 234  BCER_Seismic_Permits.pdf
Making map 174 of 234  BCER_Seismic_Applications.pdf
Making map 175 of 234  BCER_Facility_Location_Permits.pdf
Making map 176 of 234  BCER_Ancillary_Permits.pdf
Making map 177 of 234  BCER_Ancillary_Applications.pdf
Making map 178 of 234  BCER_Sump_Locations.pdf
Making map 179 of 234  BCER_Waste_Disposal_Sites.pdf
Making map 180 of 234  BCER_Water_Source_Permits.pdf
Making map 181 of 234  BCER_Water_Source_Applications.pdf
Making map 182 of 234  LEGACY_BCER_Petroleum_Development_Roads_Pre_2006_within_50m.pdf
Making map 183 of 234  LEGACY_BCER_Facility_Locations_Pre_2016.pdf
Making map 184 of 234  AOI_of_First_Nations_Reconciliation_Initiatives.pdf
Making map 185 of 234  MOT_District_Boundaries.pdf
Making map 186 of 234  MOE_District_Boundaries.pdf
Making map 187 of 234  Health_Authority_Boundaries.pdf
Making map 188 of 234  Land_Districts.pdf
Making map 189 of 234  Regional_Districts.pdf
Making map 190 of 234  Muskwa_Kechika_Management_Area.pdf
Making map 191 of 234  Natural_Resource_District.pdf
Making map 192 of 234  Natural_Resource_Regions.pdf
Making map 193 of 234  Natural_Resource_ADM_Areas.pdf
Making map 194 of 234  Water_Management_Districts.pdf
Making map 195 of 234  Water_Management_Precincts.pdf
Making map 196 of 234  Municipalities.pdf
Making map 197 of 234  Nanwakolas_Area_Significance.pdf
Making map 198 of 234  First_Nation_Treaty_Lands.pdf
Making map 199 of 234  First_Nation_Treaty_Related_Lands.pdf
Making map 200 of 234  First_Nation_Treaty_Areas.pdf
Making map 201 of 234  Land_Claim_Settlement_Areas.pdf
Making map 202 of 234  Kaska_SEA_High_Value_Data.pdf
Making map 203 of 234  OW_Yatsalkas_House.pdf
Making map 204 of 234  OW_House.pdf
Making map 205 of 234  Nisgaa_Power_Reserve.pdf
Making map 206 of 234  Gitanyow_Wilp.pdf
Making map 207 of 234  Gitxsan_Wilp.pdf
Making map 208 of 234  SCHRIMP_Area.pdf
Making map 209 of 234  SCHRIMP_Linear.pdf
Making map 210 of 234  SCHRIMP_Point.pdf
Making map 211 of 234  FCRSA_Agreement.pdf
Making map 212 of 234  SEA_Agreement.pdf
Making map 213 of 234  Prince_Rupert_Port_Authority.pdf
Making map 214 of 234  Conservation_Lands_Bulkley_Valley.pdf
Making map 215 of 234  Grizzly_Bear_Habitat_Areas.pdf
Making map 216 of 234  Mountain_Goat_Habitat_Areas.pdf
Making map 217 of 234  Mountain_Goat_RSPF_Model.pdf
Making map 218 of 234  Moose_Habitat_Areas.pdf
Making map 219 of 234  Elk_Habitat_Area.pdf
Making map 220 of 234  Ecological_Community.pdf
Making map 221 of 234  Telkwa_Caribou_Recovery_Area.pdf
Making map 222 of 234  Telkwa_Caribou_No_Harvest.pdf
Making map 223 of 234  Telkwa_Caribou_Key_Forest.pdf
Making map 224 of 234  Mule_Deer_Habitat_Areas.pdf
Making map 225 of 234  Northern_Goshawk_Nest_2017.pdf
Making map 226 of 234  Northern_Goshawk_Nest_2018.pdf
Making map 227 of 234  Northern_Goshawk_Forage_Nest_Area_2019.pdf
Making map 228 of 234  Shell_Fish_Tenures.pdf
Making map 229 of 234  Marine_Spatial_Zoning.pdf
Making map 230 of 234  Klappan_Sacred_Headwaters.pdf
Making map 231 of 234  Klappan_Zone_B.pdf
Making map 232 of 234  Klappan_Zone_C.pdf
Making map 233 of 234  Parks_1km_Buffer.pdf
Making map 234 of 234  Conservancies_within_1km.pdf
MAPX file created for: Status_Map
Status Map was NOT added to the project
Make Maps Time is 363
======================================================================
Creating the final output spreadsheet
    writing spreadsheet row 1 of 234      Crossed by River or Creek FWA
    writing spreadsheet row 2 of 234      Crossed by River or Creek TRIM
    writing spreadsheet row 3 of 234      Crossed by Road or Highway DRA
    writing spreadsheet row 4 of 234      Crossed by FSR or Permit Roads
    writing spreadsheet row 5 of 234      Crossed by FSR or Permit Roads within right of way allowance
    writing spreadsheet row 6 of 234      Crossed by Surveyed Right of way
    writing spreadsheet row 7 of 234      Crossed by Right of way
    writing spreadsheet row 8 of 234      Crossed by Railway Tracks
    writing spreadsheet row 9 of 234      Crossed by Railway Crossings
    writing spreadsheet row 10 of 234      Adjoined by River or Creek FWA
    writing spreadsheet row 11 of 234      Adjoined by River or Creek TRIM
    writing spreadsheet row 12 of 234      Adjoined by Highway DRA
    writing spreadsheet row 13 of 234      Adjoined by Road DRA
    writing spreadsheet row 14 of 234      Adjoined by FSR or Permit Roads
    writing spreadsheet row 15 of 234      Adjoined by Surveyed Right of way
    writing spreadsheet row 16 of 234      Adjoined by Right of way
    writing spreadsheet row 17 of 234      Adjoined by Transportation Corridors
    writing spreadsheet row 18 of 234      Adjoined by Railway Tracks
    writing spreadsheet row 19 of 234      Adjoined by Railway Crossings
    writing spreadsheet row 20 of 234      Indian Reserves
    writing spreadsheet row 21 of 234      IR within 2 km
    writing spreadsheet row 22 of 234      National Park
    writing spreadsheet row 23 of 234      Park and Protected Areas
    writing spreadsheet row 24 of 234      Conservancy Areas
    writing spreadsheet row 25 of 234      Conservation Lands including Wildlife Managment Areas
    writing spreadsheet row 26 of 234      NGO Conservation Areas
    writing spreadsheet row 27 of 234      Consultative Areas
    writing spreadsheet row 28 of 234      First Nation Statement of Intent Boundaries 
    writing spreadsheet row 29 of 234      MFR First Nation Agreement Boundaries
    writing spreadsheet row 30 of 234      First Nation Traditional Use Study Area
    writing spreadsheet row 31 of 234      Traditional Use Points
    writing spreadsheet row 32 of 234      Traditional Use Lines
    writing spreadsheet row 33 of 234      Traditional Use Polygons
    writing spreadsheet row 34 of 234      Timber Supply Area and Blocks
    writing spreadsheet row 35 of 234      Primary Survey Parcels Tantalis
    writing spreadsheet row 36 of 234      Land Act Subdivisions Tantalis
    writing spreadsheet row 37 of 234      ParcelMap BC
    writing spreadsheet row 38 of 234      Crown Granted Mineral Claims
    writing spreadsheet row 39 of 234      Crown Tenure Tantalis Application
    writing spreadsheet row 40 of 234      Crown Tenure Tantalis Tenure
    writing spreadsheet row 41 of 234      Crown Tenure Inventory
    writing spreadsheet row 42 of 234      Crown Tenure PreTantalis
    writing spreadsheet row 43 of 234      Grazing Leases Tantalis 
    writing spreadsheet row 44 of 234      Crown Acquisitions
    writing spreadsheet row 45 of 234      Crown Reversions
    writing spreadsheet row 46 of 234      Land Act Transfer of Administration Control MTO
    writing spreadsheet row 47 of 234      Transfers of Admin and Control
    writing spreadsheet row 48 of 234      Guide Outfitter
    writing spreadsheet row 49 of 234      Trapline
    writing spreadsheet row 50 of 234      FTEN Roads
    writing spreadsheet row 51 of 234      FTEN Roads within right of way allowance
    writing spreadsheet row 52 of 234      FTEN Special Access Roads Line
    writing spreadsheet row 53 of 234      FTEN Special Access Roads Poly
    writing spreadsheet row 54 of 234      FTEN Range Tenure 
    writing spreadsheet row 55 of 234      FTEN Harvest Authority
    writing spreadsheet row 56 of 234      FTEN Cut Blocks Current and Application
    writing spreadsheet row 57 of 234      FTEN Communication Sites
    writing spreadsheet row 58 of 234      FTEN Real Property Projects
    writing spreadsheet row 59 of 234      FTEN Special Use Permits
    writing spreadsheet row 60 of 234      FTEN Timber Licence Polygons
    writing spreadsheet row 61 of 234      FTEN Timber Licence Remaining Polygons
    writing spreadsheet row 62 of 234      FTEN Timber Licence Elimination Polygons
    writing spreadsheet row 63 of 234      FTEN Managed Licenses
    writing spreadsheet row 64 of 234      FTEN Free Use Permits
    writing spreadsheet row 65 of 234      FTEN Map Notation Lines
    writing spreadsheet row 66 of 234      FTEN Map Notation Polys
    writing spreadsheet row 67 of 234      FTEN Map Notation Points
    writing spreadsheet row 68 of 234      TFL
    writing spreadsheet row 69 of 234      TFL Additions
    writing spreadsheet row 70 of 234      TFL Deletions
    writing spreadsheet row 71 of 234      TFL Schedule A
    writing spreadsheet row 72 of 234      Research Plots
    writing spreadsheet row 73 of 234      Growth and Yield Plots
    writing spreadsheet row 74 of 234      FTEN Recreation Tenure Polys
    writing spreadsheet row 75 of 234      FTEN Recreation Tenure Lines
    writing spreadsheet row 76 of 234      Section 58 Recreation Order Points
    writing spreadsheet row 77 of 234      Section 58 Recreation Order Lines
    writing spreadsheet row 78 of 234      Section 58 Recreation Order Polygons
    writing spreadsheet row 79 of 234      RESULTS Openings
    writing spreadsheet row 80 of 234      RESULTS Reserves
    writing spreadsheet row 81 of 234      Climate Stations
    writing spreadsheet row 82 of 234      Hydrometric Stations
    writing spreadsheet row 83 of 234      Streams with Water Allocation Notations
    writing spreadsheet row 84 of 234      Aquifers with Water Allocation Notations
    writing spreadsheet row 85 of 234      Water Rights Licences
    writing spreadsheet row 86 of 234      Water Rights Applications
    writing spreadsheet row 87 of 234      Water Licenced Work Linear Features within 50m
    writing spreadsheet row 88 of 234      Water Licenced Work Point Features within 50m
    writing spreadsheet row 89 of 234      Land Parcels with Water Licences
    writing spreadsheet row 90 of 234      Water Approvals
    writing spreadsheet row 91 of 234      Reservoir Permits over Crown Land
    writing spreadsheet row 92 of 234      BC Dams
    writing spreadsheet row 93 of 234      Coal Application
    writing spreadsheet row 94 of 234      Coal Lease
    writing spreadsheet row 95 of 234      Coal Licence
    writing spreadsheet row 96 of 234      Permitted Mine Area for Major Mines
    writing spreadsheet row 97 of 234      NOW polygons
    writing spreadsheet row 98 of 234      Mineral and Placer Tenures
    writing spreadsheet row 99 of 234      Petroleum Tenures
    writing spreadsheet row 100 of 234      Important Fossil Areas
    writing spreadsheet row 101 of 234      Environmental Remediation Sites
    writing spreadsheet row 102 of 234      Environmental Monitoring Stations
    writing spreadsheet row 103 of 234      Archaeology Sites
    writing spreadsheet row 104 of 234      Archaeology Sites within 50 metres
    writing spreadsheet row 105 of 234      Heritage Sites 
    writing spreadsheet row 106 of 234      Heritage Sites within 50 metres
    writing spreadsheet row 107 of 234      Indigenous Protected and Conserved Areas IPCA
    writing spreadsheet row 108 of 234      Agriculture Land Reserve
    writing spreadsheet row 109 of 234      Transportation Corridors
    writing spreadsheet row 110 of 234      Alpine Ski Areas
    writing spreadsheet row 111 of 234      Snowmobile Management Areas
    writing spreadsheet row 112 of 234      Reserve Mineral Sites
    writing spreadsheet row 113 of 234      Placer Reserve Sites
    writing spreadsheet row 114 of 234      Species and Ecosystems at Risk Public Occurrences
    writing spreadsheet row 115 of 234      Species and Ecosystems at Risk Masked Secured Occurrences
    writing spreadsheet row 116 of 234      Community Watersheds
    writing spreadsheet row 117 of 234      Flood Plains in BC
    writing spreadsheet row 118 of 234      Water Wells
    writing spreadsheet row 119 of 234      Ground Water Aquifers
    writing spreadsheet row 120 of 234      Water Reservations Points
    writing spreadsheet row 121 of 234      Water Allocation Notation Points
    writing spreadsheet row 122 of 234      Non Trim Hydrography
    writing spreadsheet row 123 of 234      Flood Protection Works Appurtenant Structures
    writing spreadsheet row 124 of 234      Active Snow Course Locations
    writing spreadsheet row 125 of 234      Active Snow Pillow Locations
    writing spreadsheet row 126 of 234      Wildlife Habitat Area Legal
    writing spreadsheet row 127 of 234      Wildlife Habitat Proposed
    writing spreadsheet row 128 of 234      Ungulate Winter Range Legal
    writing spreadsheet row 129 of 234      Ungulate Winter Range Legal with 5 km buffer
    writing spreadsheet row 130 of 234      Ungulate Winter Range Proposed
    writing spreadsheet row 131 of 234      Caribou Habitat Areas WHA GAR order
    writing spreadsheet row 132 of 234      Caribou Habitat Areas UWR GAR order
    writing spreadsheet row 133 of 234      Proposed Fisheries Sensitive Watersheds
    writing spreadsheet row 134 of 234      Approved Fisheries Sensitive Watersheds
    writing spreadsheet row 135 of 234      Critical Habitat for Federally listed Species at Risk
    writing spreadsheet row 136 of 234      Eelgrass Areas
    writing spreadsheet row 137 of 234      Kelp Beds
    writing spreadsheet row 138 of 234      Wildlife Management Areas
    writing spreadsheet row 139 of 234      Wildlife Management Units
    writing spreadsheet row 140 of 234      Provincial Forest
    writing spreadsheet row 141 of 234      Provincial Forest Additions
    writing spreadsheet row 142 of 234      Provincial Forest Deletions
    writing spreadsheet row 143 of 234      Provincial Forest Exclusions
    writing spreadsheet row 144 of 234      Terrain Mapping Project Boundaries
    writing spreadsheet row 145 of 234      Landscape Units
    writing spreadsheet row 146 of 234      Strategic Land Resource Plans
    writing spreadsheet row 147 of 234      Legal OGMA
    writing spreadsheet row 148 of 234      Non Legal OGMA
    writing spreadsheet row 149 of 234      Old Growth Recommended Harvest Deferral Areas
    writing spreadsheet row 150 of 234      Legal Strategic Land and Resource Planning Objectives polygons
    writing spreadsheet row 151 of 234      Legal Strategic Land and Resource Planning Objectives point
    writing spreadsheet row 152 of 234      Legal Strategic Land and Resource Planning Objectives line
    writing spreadsheet row 153 of 234      Non Legal Strategic Land and Resource Planning Features polygon
    writing spreadsheet row 154 of 234      Non Legal Strategic Land and Resource Planning Features point
    writing spreadsheet row 155 of 234      Non Legal Strategic Land and Resource Planning Features line
    writing spreadsheet row 156 of 234      Archaeological Potential
    writing spreadsheet row 157 of 234      Arch Potential Informed Contributors Layer
    writing spreadsheet row 158 of 234      Known Fish Observations
    writing spreadsheet row 159 of 234      Known Fish Observations within 5km
    writing spreadsheet row 160 of 234      Historic Known Fish Distribution Points with Spawning and Rearing
    writing spreadsheet row 161 of 234      Historic Known Fish Dist Points with Spawning and Rearing 5km buffer
    writing spreadsheet row 162 of 234      Biogeoclimatic Zone
    writing spreadsheet row 163 of 234      Energy Production Tenures Tantalis
    writing spreadsheet row 164 of 234      BCER Road Permit Areas
    writing spreadsheet row 165 of 234      BCER Road Application Areas
    writing spreadsheet row 166 of 234      BCER Well Facility Permits
    writing spreadsheet row 167 of 234      BCER Well Facility Applications
    writing spreadsheet row 168 of 234      BCER Pipeline Area Permits
    writing spreadsheet row 169 of 234      BCER Pipeline Area Applications
    writing spreadsheet row 170 of 234      BCER Pipeline Area Permits within 50m
    writing spreadsheet row 171 of 234      BCER Pipeline Area Applications within 50m
    writing spreadsheet row 172 of 234      BCER Construction Corridor
    writing spreadsheet row 173 of 234      BCER Seismic Permits
    writing spreadsheet row 174 of 234      BCER Seismic Applications
    writing spreadsheet row 175 of 234      BCER Facility Location Permits
    writing spreadsheet row 176 of 234      BCER Ancillary Permits
    writing spreadsheet row 177 of 234      BCER Ancillary Applications
    writing spreadsheet row 178 of 234      BCER Sump Locations
    writing spreadsheet row 179 of 234      BCER Waste Disposal Sites
    writing spreadsheet row 180 of 234      BCER Water Source Permits
    writing spreadsheet row 181 of 234      BCER Water Source Applications
    writing spreadsheet row 182 of 234      LEGACY BCER Petroleum Development Roads Pre 2006 within 50m
    writing spreadsheet row 183 of 234      LEGACY BCER Facility Locations Pre 2016
    writing spreadsheet row 184 of 234      AOI of First Nations Reconciliation Initiatives
    writing spreadsheet row 185 of 234      MOT District Boundaries
    writing spreadsheet row 186 of 234      MOE District Boundaries
    writing spreadsheet row 187 of 234      Health Authority Boundaries
    writing spreadsheet row 188 of 234      Land Districts
    writing spreadsheet row 189 of 234      Regional Districts
    writing spreadsheet row 190 of 234      Muskwa Kechika Management Area
    writing spreadsheet row 191 of 234      Natural Resource District
    writing spreadsheet row 192 of 234      Natural Resource Regions
    writing spreadsheet row 193 of 234      Natural Resource ADM Areas
    writing spreadsheet row 194 of 234      Water Management Districts
    writing spreadsheet row 195 of 234      Water Management Precincts
    writing spreadsheet row 196 of 234      Municipalities
    writing spreadsheet row 197 of 234      Nanwakolas Area Significance
    writing spreadsheet row 198 of 234      First Nation Treaty Lands
    writing spreadsheet row 199 of 234      First Nation Treaty Related Lands
    writing spreadsheet row 200 of 234      First Nation Treaty Areas
    writing spreadsheet row 201 of 234      Land Claim Settlement Areas
    writing spreadsheet row 202 of 234      Kaska SEA High Value Data
    writing spreadsheet row 203 of 234      OW Yatsalkas House
    writing spreadsheet row 204 of 234      OW House
    writing spreadsheet row 205 of 234      Nisgaa Power Reserve
    writing spreadsheet row 206 of 234      Gitanyow Wilp
    writing spreadsheet row 207 of 234      Gitxsan Wilp
    writing spreadsheet row 208 of 234      SCHRIMP Area
    writing spreadsheet row 209 of 234      SCHRIMP Linear
    writing spreadsheet row 210 of 234      SCHRIMP Point
    writing spreadsheet row 211 of 234      FCRSA Agreement
    writing spreadsheet row 212 of 234      SEA Agreement
    writing spreadsheet row 213 of 234      Prince Rupert Port Authority
    writing spreadsheet row 214 of 234      Conservation Lands Bulkley Valley
    writing spreadsheet row 215 of 234      Grizzly Bear Habitat Areas
    writing spreadsheet row 216 of 234      Mountain Goat Habitat Areas
    writing spreadsheet row 217 of 234      Mountain Goat RSPF Model
    writing spreadsheet row 218 of 234      Moose Habitat Areas
    writing spreadsheet row 219 of 234      Elk Habitat Area
    writing spreadsheet row 220 of 234      Ecological Community
    writing spreadsheet row 221 of 234      Telkwa Caribou Recovery Area
    writing spreadsheet row 222 of 234      Telkwa Caribou No Harvest
    writing spreadsheet row 223 of 234      Telkwa Caribou Key Forest
    writing spreadsheet row 224 of 234      Mule Deer Habitat Areas
    writing spreadsheet row 225 of 234      Northern Goshawk Nest 2017
    writing spreadsheet row 226 of 234      Northern Goshawk Nest 2018
    writing spreadsheet row 227 of 234      Northern Goshawk Forage Nest Area 2019
    writing spreadsheet row 228 of 234      Shell Fish Tenures
    writing spreadsheet row 229 of 234      Marine Spatial Zoning
    writing spreadsheet row 230 of 234      Klappan Sacred Headwaters
    writing spreadsheet row 231 of 234      Klappan Zone B
    writing spreadsheet row 232 of 234      Klappan Zone C
    writing spreadsheet row 233 of 234      Parks 1km Buffer
    writing spreadsheet row 234 of 234      Conservancies within 1km
Make Spreadsheet Time is 176
======================================================================
======================================================================
======================================================================
Batch Ast V2 - Universal Overlap Tool finished running
Set Environment Time is 0
Create GDB Time is 15
Read Inputs Time is 0
Clip Data Time is 1234
Make Maps Time is 363
Make Spreadsheet Time is 176
Total Run Time is 1790
======================================================================
*** Running Automated Status Tool ***
======================================================================
======================================================================
Batch Ast V2 - running the one status part 2 tool
======================================================================
Passed Inputs:
0: \\spatialfiles.bcgov\srm\gss\sandbox\csostad\Skeena 2026-2028 Shapefiles\shapefile\outputs\6409180
1: false
2: skeena
3: 
4: 
5: 
6: \\spatialfiles.bcgov\srm\gss\sandbox\csostad\Skeena 2026-2028 Shapefiles\shapefile\outputs\6409180\aoi_boundary.gdb\aoi
======================================================================
======================================================================
The input criteria are:
data_path = \\spatialfiles.bcgov\srm\gss\sandbox\csostad\Skeena 2026-2028 Shapefiles\shapefile\outputs\6409180
analyize_this_featureclass = \\spatialfiles.bcgov\srm\gss\sandbox\csostad\Skeena 2026-2028 Shapefiles\shapefile\outputs\6409180\aoi_boundary.gdb\aoi
working_directory = \\spatialfiles.bcgov\srm\gss\sandbox\csostad\Skeena 2026-2028 Shapefiles\shapefile\outputs\6409180
dont_overwrite_outputs = false
region = skeena
crown_lands_file = 
disposition_transaction = 
parcel_number = 
======================================================================
Batch Ast V2 - Creating working directories, geodatabases, variables
======================================================================
Batch Ast V2 - Copying the AOI into the working .GDB
.   Creating the raw AOI 
.   Creating the final AOI 
======================================================================
Buffering parcel boundary 
.  5m
.  25km
======================================================================
Gathering data needed to run tool
.  Parcel centroid
.  TA_DISPOSITION_TRANSACTIONS 
.  Getting input_of_raw_data\bc_arch_potential
.  Getting input_of_raw_data\bc_arch_sites
.     Calculating nearest input_of_raw_data\bc_arch_sites
.     performing join
.     Calculating necessary fields
.      Adding nears fields to parcel dataset
.  Getting input_of_raw_data\bc_indian_res
.     Calculating nearest input_of_raw_data\bc_indian_res
.     performing join
.     Calculating necessary fields
.      Adding nears fields to parcel dataset
.  Getting parcel mapsheet polys
.  Identitying for parcel_mapsheet_polys
.  Getting parcel for district
.  Identitying for parcel_for_district
.  Getting parcel municipality
.  Identitying for parcel_municipality
.  Getting parcel prov forest
.  Identitying for parcel_prov_forest
.  Getting parcel prov forest addition
.  Identitying for parcel_prov_forest_addition
.  Getting parcel prov forest deletion
.  Identitying for parcel_prov_forest_deletion
.  Getting parcel prov forest exclusion
.  Identitying for parcel_prov_forest_exclusion
.  Getting parcel assessment area
.  Identitying for parcel_assessment_area
.  Getting parcel land title district
.  Identitying for parcel_land_title_district
.  Getting parcel electoral district
.  Identitying for parcel_electoral_district
.  Getting parcel regional district
.  Identitying for parcel_regional_district
.  Getting parcel pins
.  Clipping for parcel_pins
.  Getting parcel pins adjacent
.  Clipping for parcel_pins_adjacent
.  Getting parcel pins right of way
.  Clipping for parcel_pins_right_of_way
.  Getting parcel alr
.  Clipping for parcel_alr
======================================================================
Creating the excel variables
   self.xl_nearest_ir:
      b'9.3', 9.3
      b'9.4', 9.4
      b'JEAN BAPTISTE 28 - Witset First Nation', JEAN BAPTISTE 28 - Witset First Nation
Using existing SDE connection for inactive dispositions query
======================================================================
Creating the final output spreadsheet
.  Creating FILES section of the spreadsheet
.  Creating Applicant's section of the spreadsheet
.  Creating the LANDS section of the spreadsheet
.  Creating the ADJUDICATION section of the spreadsheet
.  Creating the MINES section of the spreadsheet
.  Creating the FORESTS section of the spreadsheet
.  Creating the WATER section of the spreadsheet
.  Creating the COMMENTS section of the spreadsheet
.  Creating the STATUS OF CONFLICT tab

Spreadsheet Created:
   \\spatialfiles.bcgov\srm\gss\sandbox\csostad\Skeena 2026-2028 Shapefiles\shapefile\outputs\6409180\one_status_tabs_1_and_2.xlsx
Starting the merge of two XLS files
.  loading the workbooks
.
.
Automated_status_sheet.xlsx is ready for you to use
\\spatialfiles.bcgov\srm\gss\sandbox\csostad\Skeena 2026-2028 Shapefiles\shapefile\outputs\6409180\automated_status_sheet.xlsx
.
.
Succeeded at February 3, 2026 7:17:55 PM (Elapsed Time: 32 minutes 38 seconds)
