2026-02-04 08:48:23,640 - Process Job Mp: worker_3 - INFO - Process Job Mp: AST Toolbox imported successfully in worker.
2026-02-04 08:48:23,642 - Process Job Mp: worker_3 - DEBUG - Process Job Mp: Job Parameters: ['Skeena', '\\\\spatialfiles.bcgov\\srm\\gss\\sandbox\\csostad\\Skeena 2026-2028 Shapefiles\\shapefile\\6408441\\6408441.shp', '', '', '', '\\\\spatialfiles.bcgov\\srm\\gss\\sandbox\\csostad\\Skeena 2026-2028 Shapefiles\\shapefile\\outputs\\6408441', False, False, False, False, False, True]
2026-02-04 08:48:23,642 - Process Job Mp: worker_3 - INFO - Process Job Mp: Running MakeAutomatedStatusSpreadsheet_ast...
2026-02-04 08:48:24,758 - root - INFO - Logger initialized
2026-02-04 08:48:25,614 - root - ERROR - Failed to import tools
Traceback (most recent call last):
  File "P:\corp\central_clones\python_geopandas\lib\site-packages\XTools Pro\esri\toolboxes\XTools Pro.pyt", line 95, in <module>
    from Tools.FeaturesToPointsTool import *
  File "E:\sw_nt\XTools\XTools AGP\Python\Tools\FeaturesToPointsTool.py", line 1, in <module>
    from Tools.BaseTool import BaseTool
  File "E:\sw_nt\XTools\XTools AGP\Python\Tools\BaseTool.py", line 7, in <module>
    from Scripts.Base.PythonCancelTracker import PythonCancelTracker
  File "E:\sw_nt\XTools\XTools AGP\Python\Scripts\Base\PythonCancelTracker.py", line 20, in <module>
    from XTools.XToolsAGP.Core import ICancelTracker
ModuleNotFoundError: No module named 'XTools.XToolsAGP.Core'
2026-02-04 08:48:25,619 - root - ERROR - No module named 'XTools.XToolsAGP.Core'
Traceback (most recent call last):
  File "P:\corp\central_clones\python_geopandas\lib\site-packages\XTools Pro\esri\toolboxes\XTools Pro.pyt", line 95, in <module>
    from Tools.FeaturesToPointsTool import *
  File "E:\sw_nt\XTools\XTools AGP\Python\Tools\FeaturesToPointsTool.py", line 1, in <module>
    from Tools.BaseTool import BaseTool
  File "E:\sw_nt\XTools\XTools AGP\Python\Tools\BaseTool.py", line 7, in <module>
    from Scripts.Base.PythonCancelTracker import PythonCancelTracker
  File "E:\sw_nt\XTools\XTools AGP\Python\Scripts\Base\PythonCancelTracker.py", line 20, in <module>
    from XTools.XToolsAGP.Core import ICancelTracker
ModuleNotFoundError: No module named 'XTools.XToolsAGP.Core'
