2025-07-11 09:56:41,844 - Process Job Mp: worker_0 - INFO - Process Job Mp: AST Toolbox imported successfully in worker.
2025-07-11 09:56:41,846 - Process Job Mp: worker_0 - DEBUG - Process Job Mp: Job Parameters: ['Thompson_Okanagan', '//spatialfiles.bcgov/work/srm/nel/Local/Geomatics/Workarea/csostad/Statusing/V3_alpha_test_1\\0132399_JOCKO CREEK LAND & TIMBER LTD\\0132399.shp', '', '', '', '//spatialfiles.bcgov/work/srm/nel/Local/Geomatics/Workarea/csostad/Statusing/V3_alpha_test_1\\outputs\\0132399_JOCKO CREEK LAND & TIMBER LTD', False, False, False, False, False, True]
2025-07-11 09:56:41,846 - Process Job Mp: worker_0 - INFO - Process Job Mp: Running MakeAutomatedStatusSpreadsheet_ast...
2025-07-11 09:56:42,958 - fiona.session - DEBUG - Could not import boto3, continuing with reduced functionality.
2025-07-11 09:56:42,963 - fiona.env - DEBUG - PROJ data found in package: path='P:\\corp\\central_clones\\python_geopandas\\Lib\\site-packages\\fiona\\proj_data'.
2025-07-11 09:56:43,017 - fiona._env - DEBUG - GDAL_DATA found in environment.
2025-07-11 09:56:43,018 - fiona._env - DEBUG - PROJ data found in package: path='P:\\corp\\central_clones\\python_geopandas\\Lib\\site-packages\\fiona\\proj_data'.
2025-07-11 09:56:44,344 - root - INFO - Logger initialized
2025-07-11 09:56:45,285 - root - ERROR - Failed to import tools
Traceback (most recent call last):
  File "P:\corp\central_clones\python_geospatial\lib\site-packages\XTools Pro\esri\toolboxes\XTools Pro.pyt", line 95, in <module>
    from Tools.FeaturesToPointsTool import *
  File "E:\sw_nt\XTools\XTools AGP\Python\Tools\FeaturesToPointsTool.py", line 1, in <module>
    from Tools.BaseTool import BaseTool
  File "E:\sw_nt\XTools\XTools AGP\Python\Tools\BaseTool.py", line 7, in <module>
    from Scripts.Base.PythonCancelTracker import PythonCancelTracker
  File "E:\sw_nt\XTools\XTools AGP\Python\Scripts\Base\PythonCancelTracker.py", line 20, in <module>
    from XTools.XToolsAGP.Core import ICancelTracker
ModuleNotFoundError: No module named 'XTools'
2025-07-11 09:56:45,290 - root - ERROR - No module named 'XTools'
Traceback (most recent call last):
  File "P:\corp\central_clones\python_geospatial\lib\site-packages\XTools Pro\esri\toolboxes\XTools Pro.pyt", line 95, in <module>
    from Tools.FeaturesToPointsTool import *
  File "E:\sw_nt\XTools\XTools AGP\Python\Tools\FeaturesToPointsTool.py", line 1, in <module>
    from Tools.BaseTool import BaseTool
  File "E:\sw_nt\XTools\XTools AGP\Python\Tools\BaseTool.py", line 7, in <module>
    from Scripts.Base.PythonCancelTracker import PythonCancelTracker
  File "E:\sw_nt\XTools\XTools AGP\Python\Scripts\Base\PythonCancelTracker.py", line 20, in <module>
    from XTools.XToolsAGP.Core import ICancelTracker
ModuleNotFoundError: No module named 'XTools'
2025-07-11 10:14:11,526 - fiona._env - DEBUG - GDAL_DATA found in environment.
2025-07-11 10:14:11,528 - fiona._env - DEBUG - PROJ data found in package: path='P:\\corp\\central_clones\\python_geopandas\\Lib\\site-packages\\fiona\\proj_data'.
2025-07-11 10:14:11,539 - fiona._env - ERROR - `/work/srm/nel/Local/Geomatics/Workarea/csostad/Statusing/V3_alpha_test_1\outputs\0132399_JOCKO CREEK LAND & TIMBER LTD\one_status_common_datasets_aoi.gdb' does not exist in the file system, and is not recognized as a supported dataset name.
2025-07-11 10:14:11,559 - fiona._env - DEBUG - GDAL_DATA found in environment.
2025-07-11 10:14:11,561 - fiona._env - DEBUG - PROJ data found in package: path='P:\\corp\\central_clones\\python_geopandas\\Lib\\site-packages\\fiona\\proj_data'.
2025-07-11 10:14:11,724 - Process Job Mp: worker_0 - INFO - Process Job Mp: MakeAutomatedStatusSpreadsheet_ast completed successfully.
2025-07-11 10:14:11,724 - logging_setup - INFO - 

2025-07-11 10:14:11,725 - logging_setup - INFO - ##########################################################################################################################
2025-07-11 10:14:11,725 - logging_setup - INFO - #
2025-07-11 10:14:11,725 - logging_setup - INFO - Running Add Job Results from Load Jobs Function
2025-07-11 10:14:11,726 - logging_setup - INFO - #
2025-07-11 10:14:11,726 - logging_setup - INFO - ##########################################################################################################################
2025-07-11 10:14:11,726 - logging_setup - INFO - 

2025-07-11 10:14:11,736 - logging_setup - INFO - Add Job Result - Workbook loaded
2025-07-11 10:14:11,736 - logging_setup - INFO - Add Job Result - 'ast_condition' column found in the spreadsheet.
2025-07-11 10:14:11,737 - logging_setup - INFO - Add Job Result - Calculated Excel row index as 2 for job index 0
2025-07-11 10:14:11,737 - logging_setup - INFO - Add Job Result - Updated Job 0 with condition 'COMPLETE'.
2025-07-11 10:14:11,752 - logging_setup - INFO - Add Job Result - Saving Workbook with updated condition
2025-07-11 10:14:11,752 - Process Job Mp: worker_0 - INFO - Process Job Mp: Capturing arcpy messages...
2025-07-11 10:14:11,753 - Process Job Mp: worker_0 - INFO - arcpy messages: Start Time: July 11, 2025 9:56:42 AM
======================================================================
Batch Ast V3 --  Checking for ArcGIS Pro Advanced license _TEST
======================================================================
Batch Ast V3 - Now Running \\spatialfiles.bcgov\work\srm\nel\Local\Geomatics\Workarea\csostad\GitHubAutoAST\gss_authorizations\autoast\auto_ast_v3_Breville_folium_maps\automated_status_sheet_call_routine_arcpro.py
======================================================================

Reading Arguments
======================================================================
Batch Ast V3 -  Checking existence of GDB
Full_Path: //spatialfiles.bcgov/work/srm/nel/Local/Geomatics/Workarea/csostad/Statusing/V3_alpha_test_1\outputs\0132399_JOCKO CREEK LAND & TIMBER LTD\aoi_boundary.gdb
creating //spatialfiles.bcgov/work/srm/nel/Local/Geomatics/Workarea/csostad/Statusing/V3_alpha_test_1\outputs\0132399_JOCKO CREEK LAND & TIMBER LTD\aoi_boundary.gdb
======================================================================
Batch Ast V3 - Checking BCGW Credentials - may take a minute to process...
======================================================================
Ratch Ast V3 -Running Validation
The analysis will be run on all 1 feature(s), since no features were selected.
======================================================================
PASSED ARGUMENTS:
region                              thompson_okanagan                                                                                                                                                                                                                                              
output_dir_same_as_input            false                                                                                                                                                                                                                                                          
output_directory                    //spatialfiles.bcgov/work/srm/nel/Local/Geomatics/Workarea/csostad/Statusing/V3_alpha_test_1\outputs\0132399_JOCKO CREEK LAND & TIMBER LTD                                                                                                                     
crown_file_number                                                                                                                                                                                                                                                                                  
disposition_number                                                                                                                                                                                                                                                                                 
parcel_number                                                                                                                                                                                                                                                                                      
dont_overwrite_outputs              false                                                                                                                                                                                                                                                          
skip_conflicts_and_constraints      false                                                                                                                                                                                                                                                          
debug_version                       false                                                                                                                                                                                                                                                          
suppress_map_creation               false                                                                                                                                                                                                                                                          
======================================================================
Setting hard-coded variables
======================================================================
Checking AOI
   getting AOI boundary from feature layer -- copying to GDB
======================================================================
Checking for possible errors in AOI shape
   is this shape multipart ?     yes
   are there multiple polygons ?     no
   are there lots of vertices ?     no
   are there possible problems with you input FC ?     yes
======================================================================
Preparing to pass variables
Passing variables
======================================================================
*** Running Universal Overlap Tool ***
======================================================================
Deleting fields from AOI to avoid conflicts...
======================================================================
Assigning English names to list positions
======================================================================
Splitting the arguments into individual variables
The input criteria are:
    analyize_this_featureclass = //spatialfiles.bcgov/work/srm/nel/Local/Geomatics/Workarea/csostad/Statusing/V3_alpha_test_1\outputs\0132399_JOCKO CREEK LAND & TIMBER LTD\aoi_boundary.gdb\aoi
    create_subreports_on_this_field = 
    what_type_of_overlap_to_run = 
    xls_file_for_analysis_input = \\giswhse.env.gov.bc.ca\whse_np\corp\script_whse\python\Utility_Misc\Ready\statusing_tools_arcpro\statusing_input_spreadsheets\one_status_common_datasets.xlsx
    report_header1 = 
    report_header2 = 
    report_header3 = 
    report_header4 = 
    subreports_on_seperate_sheets = 
    directory_to_store_output = //spatialfiles.bcgov/work/srm/nel/Local/Geomatics/Workarea/csostad/Statusing/V3_alpha_test_1\outputs\0132399_JOCKO CREEK LAND & TIMBER LTD
    summary_fields_on_seperate_lines = 
    dont_overwrite_data_and_maps = false
    xls_file_for_analysis_input2 = \\giswhse.env.gov.bc.ca\whse_np\corp\script_whse\python\Utility_Misc\Ready\statusing_tools_arcpro\statusing_input_spreadsheets\one_status_thompson_okanagan_specific.xlsx
    disclaimer = INTERNAL PROVINCIAL GOVERNMENT USE ONLY
    suppress_map_creation = false
    region = thompson_okanagan
    crown_file_number = 
    disposition_number = 
    parcel_number = 
    run_as_fcbc = true
    add_maps_to_current = false
======================================================================
Writing log file 
Set Environment Time is 0
======================================================================
Creating working directories, geodatabases, variables
======================================================================
Batch Ast V3 - Copying the AOI into the working .GDB
    Creating the raw AOI 
    Creating the final AOI 
Create GDB Time is 9
======================================================================
Reading the input XLS files
    Reading input spreadsheet #1 - 
\\giswhse.env.gov.bc.ca\whse_np\corp\script_whse\python\Utility_Misc\Ready\statusing_tools_arcpro\statusing_input_spreadsheets\one_status_common_datasets.xlsx
    Reading input spreadsheet #2 - 
\\giswhse.env.gov.bc.ca\whse_np\corp\script_whse\python\Utility_Misc\Ready\statusing_tools_arcpro\statusing_input_spreadsheets\one_status_thompson_okanagan_specific.xlsx
    Merging Spreadsheets
    Creating Master Control List
Read Inputs Time is 0
======================================================================
Clipping the input datasets to the AOI
Workspace set to: \\spatialfiles.bcgov\work\srm\nel\Local\Geomatics\Workarea\csostad\GitHubAutoAST\gss_authorizations\autoast\auto_ast_v3_Breville_folium_maps\connection\bcgw.sde
    Creating the buffered AOI's
    Buffering the AOI at 38 meters
    Buffering the AOI at 5 meters
    Buffering the AOI at 50 meters
    Buffering the AOI at 35 meters
    Buffering the AOI at 2000 meters
    Buffering the AOI at 500 meters
    Buffering the AOI at 5000 meters
 INSIDE UOT -    SDE = \\spatialfiles.bcgov\work\srm\nel\Local\Geomatics\Workarea\csostad\GitHubAutoAST\gss_authorizations\autoast\auto_ast_v3_Breville_folium_maps\connection\bcgw.sde
    Intersecting the input featuresets
    intersecting 1 of 204     bcgw.sde\WHSE_BASEMAPPING.FWA_STREAM_NETWORKS_SP
    intersecting 2 of 204     bcgw.sde\WHSE_BASEMAPPING.TRIM_WATER_LINES
    intersecting 3 of 204     bcgw.sde\WHSE_BASEMAPPING.DRA_DGTL_ROAD_ATLAS_MPAR_SP
    intersecting 4 of 204     bcgw.sde\WHSE_FOREST_TENURE.FTEN_ROAD_SECTION_LINES_SVW
    intersecting 5 of 204     bcgw.sde\WHSE_FOREST_TENURE.FTEN_ROAD_SECTION_LINES_SVW
    intersecting 6 of 204     bcgw.sde\WHSE_TANTALIS.TA_SURVEYED_ROW_PARCELS_SVW
    intersecting 7 of 204     bcgw.sde\WHSE_TANTALIS.TA_CROWN_RIGHTS_OF_WAY_SVW
    intersecting 8 of 204     bcgw.sde\WHSE_BASEMAPPING.GBA_RAILWAY_TRACKS_SP
    intersecting 9 of 204     bcgw.sde\WHSE_BASEMAPPING.GBA_RAILWAY_CROSSINGS_SP
    intersecting 10 of 204     bcgw.sde\WHSE_BASEMAPPING.FWA_STREAM_NETWORKS_SP
    intersecting 11 of 204     bcgw.sde\WHSE_BASEMAPPING.TRIM_WATER_LINES
    intersecting 12 of 204     bcgw.sde\WHSE_BASEMAPPING.DRA_DGTL_ROAD_ATLAS_MPAR_SP
    intersecting 13 of 204     bcgw.sde\WHSE_BASEMAPPING.DRA_DGTL_ROAD_ATLAS_MPAR_SP
    intersecting 14 of 204     bcgw.sde\WHSE_FOREST_TENURE.FTEN_ROAD_SECTION_LINES_SVW
    intersecting 15 of 204     bcgw.sde\WHSE_TANTALIS.TA_SURVEYED_ROW_PARCELS_SVW
    intersecting 16 of 204     bcgw.sde\WHSE_TANTALIS.TA_CROWN_RIGHTS_OF_WAY_SVW
    intersecting 17 of 204     bcgw.sde\WHSE_TANTALIS.TEMP_TRANSPORT
    intersecting 18 of 204     bcgw.sde\WHSE_BASEMAPPING.GBA_RAILWAY_TRACKS_SP
    intersecting 19 of 204     bcgw.sde\WHSE_BASEMAPPING.GBA_RAILWAY_CROSSINGS_SP
    intersecting 20 of 204     bcgw.sde\WHSE_ADMIN_BOUNDARIES.CLAB_INDIAN_RESERVES
    intersecting 21 of 204     bcgw.sde\WHSE_ADMIN_BOUNDARIES.ADM_INDIAN_RESERVES_BANDS_SP
    intersecting 22 of 204     bcgw.sde\WHSE_ADMIN_BOUNDARIES.CLAB_NATIONAL_PARKS
    intersecting 23 of 204     bcgw.sde\WHSE_TANTALIS.TA_PARK_ECORES_PA_SVW
    intersecting 24 of 204     bcgw.sde\WHSE_TANTALIS.TA_CONSERVANCY_AREAS_SVW
    intersecting 25 of 204     bcgw.sde\WHSE_LEGAL_ADMIN_BOUNDARIES.WCL_CONSERVATION_LANDS_SP
    intersecting 26 of 204     bcgw.sde\WHSE_LEGAL_ADMIN_BOUNDARIES.WCL_CONSERVATION_AREAS_NGO_SP
    intersecting 27 of 204     bcgw.sde\WHSE_ADMIN_BOUNDARIES.PIP_CONSULTATION_AREAS_SP
    intersecting 28 of 204     bcgw.sde\REG_LEGAL_AND_ADMIN_BOUNDARIES.QSOI_BC_REGIONS
    intersecting 29 of 204     bcgw.sde\WHSE_HUMAN_CULTURAL_ECONOMIC.FNIRS_AGREEMENT_BOUNDARY_SVW
    intersecting 30 of 204     bcgw.sde\WHSE_HUMAN_CULTURAL_ECONOMIC.TUS_TRAD_USE_STUDY_POLY_MVW
    intersecting 31 of 204     bcgw.sde\WHSE_HUMAN_CULTURAL_ECONOMIC.TUS_TRD_USE_STD_SITE_POINT_MVW
    intersecting 32 of 204     bcgw.sde\WHSE_HUMAN_CULTURAL_ECONOMIC.TUS_TRD_USE_STD_SITE_LINE_MVW
    intersecting 33 of 204     bcgw.sde\WHSE_HUMAN_CULTURAL_ECONOMIC.TUS_TRD_USE_STD_SITE_POLY_MVW
    intersecting 34 of 204     bcgw.sde\WHSE_ADMIN_BOUNDARIES.FADM_TSA
    intersecting 35 of 204     bcgw.sde\WHSE_TANTALIS.TA_SURVEY_PARCELS_SVW
    intersecting 36 of 204     bcgw.sde\WHSE_TANTALIS.TA_SURVEY_PARCELS_SVW
    intersecting 37 of 204     bcgw.sde\WHSE_CADASTRE.PMBC_PARCEL_FABRIC_POLY_FA_SVW
    intersecting 38 of 204     bcgw.sde\WHSE_MINERAL_TENURE.MTA_CROWN_GRANT_MIN_CLAIM_SVW
    intersecting 39 of 204     bcgw.sde\WHSE_TANTALIS.TA_CROWN_TENURES_SVW
    intersecting 40 of 204     bcgw.sde\WHSE_TANTALIS.TA_CROWN_TENURES_SVW
    intersecting 41 of 204     bcgw.sde\WHSE_TANTALIS.TA_CROWN_TENURES_SVW
    intersecting 42 of 204     bcgw.sde\WHSE_TANTALIS.TA_CROWN_TENURES_SVW
    intersecting 43 of 204     bcgw.sde\WHSE_TANTALIS.TA_CROWN_LEASES_SVW
    intersecting 44 of 204     bcgw.sde\WHSE_TANTALIS.TA_ACQUISITIONS_SVW
    intersecting 45 of 204     bcgw.sde\WHSE_TANTALIS.TA_REVERSIONS_SVW
    intersecting 46 of 204     bcgw.sde\WHSE_LEGAL_ADMIN_BOUNDARIES.ILRR_LAND_ACT_TRNSFR_CNTRL_SVW
    intersecting 47 of 204     bcgw.sde\WHSE_WILDLIFE_MANAGEMENT.WAA_GUIDE_OUTFITTER_AREA_SVW
    intersecting 48 of 204     bcgw.sde\WHSE_WILDLIFE_MANAGEMENT.WAA_TRAPLINE_AREAS_SP
    intersecting 49 of 204     bcgw.sde\WHSE_FOREST_TENURE.FTEN_ROAD_SECTION_LINES_SVW
    intersecting 50 of 204     bcgw.sde\WHSE_FOREST_TENURE.FTEN_ROAD_SECTION_LINES_SVW
    intersecting 51 of 204     bcgw.sde\WHSE_FOREST_TENURE.FTEN_SPEC_ACCESS_RD_LINES_SVW
    intersecting 52 of 204     bcgw.sde\WHSE_FOREST_TENURE.FTEN_SPEC_ACCESS_RD_POLY_SVW
    intersecting 53 of 204     bcgw.sde\WHSE_FOREST_TENURE.FTEN_RANGE_POLY_SVW
    intersecting 54 of 204     bcgw.sde\WHSE_FOREST_TENURE.FTEN_HARVEST_AUTH_POLY_SVW 
    intersecting 55 of 204     bcgw.sde\WHSE_FOREST_TENURE.FTEN_CUT_BLOCK_POLY_SVW
    intersecting 56 of 204     bcgw.sde\WHSE_FOREST_TENURE.FTEN_COMM_SITE_POLY_SVW
    intersecting 57 of 204     bcgw.sde\WHSE_FOREST_TENURE.FTEN_REAL_PROPERTY_POLY_SVW
    intersecting 58 of 204     bcgw.sde\WHSE_FOREST_TENURE.FTEN_SPEC_USE_PERMIT_POLY_SVW
    intersecting 59 of 204     bcgw.sde\WHSE_FOREST_TENURE.FTEN_TIMBER_LICENCE_POLY_SVW
    intersecting 60 of 204     bcgw.sde\WHSE_FOREST_TENURE.FTEN_TL_REMAINING_POLY_SVW
    intersecting 61 of 204     bcgw.sde\WHSE_FOREST_TENURE.FTEN_TL_ELIMINATION_POLY_SVW
    intersecting 62 of 204     bcgw.sde\WHSE_FOREST_TENURE.FTEN_MANAGED_LICENCE_POLY_SVW
    intersecting 63 of 204     bcgw.sde\WHSE_FOREST_TENURE.FTEN_FREE_USE_PERMIT_POLY_SVW
    intersecting 64 of 204     bcgw.sde\WHSE_FOREST_TENURE.FTEN_MAP_NOTATN_LINES_SVW
    intersecting 65 of 204     bcgw.sde\WHSE_FOREST_TENURE.FTEN_MAP_NOTATN_POLY_SVW
    intersecting 66 of 204     bcgw.sde\WHSE_FOREST_TENURE.FTEN_MAP_NOTATN_POINTS_SVW
    intersecting 67 of 204     bcgw.sde\WHSE_ADMIN_BOUNDARIES.FADM_TFL
    intersecting 68 of 204     bcgw.sde\WHSE_ADMIN_BOUNDARIES.FADM_TFL_ADDITION
    intersecting 69 of 204     bcgw.sde\WHSE_ADMIN_BOUNDARIES.FADM_TFL_DELETION
    intersecting 70 of 204     bcgw.sde\WHSE_ADMIN_BOUNDARIES.FADM_TFL_SCHED_A
    intersecting 71 of 204     bcgw.sde\WHSE_FOREST_VEGETATION.RESPROJ_RSRCH_INSTLTNS_GOV_SVW
    intersecting 72 of 204     bcgw.sde\WHSE_FOREST_VEGETATION.ISMC_PSP_ACTIVE_SITES_SP
    intersecting 73 of 204     bcgw.sde\WHSE_FOREST_TENURE.FTEN_RECREATION_POLY_SVW
    intersecting 74 of 204     bcgw.sde\WHSE_FOREST_TENURE.FTEN_RECREATION_LINES_SVW
    intersecting 75 of 204     bcgw.sde\WHSE_HUMAN_CULTURAL_ECONOMIC.RST_SECTION_58_ORDERS_POINT
    intersecting 76 of 204     bcgw.sde\WHSE_HUMAN_CULTURAL_ECONOMIC.RST_SECTION_58_ORDERS_LINE
    intersecting 77 of 204     bcgw.sde\WHSE_HUMAN_CULTURAL_ECONOMIC.RST_SECTION_58_ORDERS_POLY
    intersecting 78 of 204     bcgw.sde\WHSE_FOREST_VEGETATION.RSLT_OPENING_SVW
    intersecting 79 of 204     bcgw.sde\WHSE_FOREST_VEGETATION.RSLT_FOREST_COVER_RESERVE_SVW
    intersecting 80 of 204     bcgw.sde\WHSE_BASEMAPPING.GBA_METEOROLOGICAL_LOCS_SP
    intersecting 81 of 204     bcgw.sde\WHSE_ENVIRONMENTAL_MONITORING.ENVCAN_HYDROMETRIC_STN_SP
    intersecting 82 of 204     bcgw.sde\WHSE_WATER_MANAGEMENT.WLS_WATER_NOTATION_STREAMS_SP
    intersecting 83 of 204     bcgw.sde\WHSE_WATER_MANAGEMENT.WLS_WATER_NOTATION_AQUIFERS_SP
    intersecting 84 of 204     bcgw.sde\WHSE_WATER_MANAGEMENT.WLS_WATER_RIGHTS_LICENCES_SP
    intersecting 85 of 204     bcgw.sde\WHSE_WATER_MANAGEMENT.WLS_WATER_RIGHTS_APPLICTNS_SP
    intersecting 86 of 204     bcgw.sde\WHSE_WATER_MANAGEMENT.WLS_WATER_LICENCED_WRK_LINE_SP
    intersecting 87 of 204     bcgw.sde\WHSE_WATER_MANAGEMENT.WLS_WATER_LICENCED_WRK_LOC_SP
    intersecting 88 of 204     bcgw.sde\WHSE_WATER_MANAGEMENT.WLS_LICENCE_WITH_PARCELS_ISP
    intersecting 89 of 204     bcgw.sde\WHSE_WATER_MANAGEMENT.WLS_WATER_APPROVALS_GOV_SVW
    intersecting 90 of 204     bcgw.sde\WHSE_WATER_MANAGEMENT.WLS_RESERVOIR_PMT_LICENSEE_SP
    intersecting 91 of 204     bcgw.sde\WHSE_WATER_MANAGEMENT.WRIS_DAMS_PUBLIC_SVW
    intersecting 92 of 204     bcgw.sde\WHSE_MINERAL_TENURE.MTA_ACQUIRED_TENURE_SVW
    intersecting 93 of 204     bcgw.sde\WHSE_MINERAL_TENURE.MTA_ACQUIRED_TENURE_SVW
    intersecting 94 of 204     bcgw.sde\WHSE_MINERAL_TENURE.MTA_ACQUIRED_TENURE_SVW
    intersecting 95 of 204     bcgw.sde\WHSE_MINERAL_TENURE.HSP_MJR_MINES_PERMTTD_AREAS_SP
    intersecting 96 of 204     bcgw.sde\WHSE_MINERAL_TENURE.HSP_NOTICE_OF_WORK_PA_POINT_SV
    intersecting 97 of 204     bcgw.sde\WHSE_MINERAL_TENURE.HSP_NOTICE_OF_WORK_PA_POINT_SV
    intersecting 98 of 204     bcgw.sde\WHSE_MINERAL_TENURE.MTA_ACQUIRED_TENURE_SVW
    intersecting 99 of 204     bcgw.sde\WHSE_MINERAL_TENURE.PTSA_PETROLEUM_TITLE_POLY
    intersecting 100 of 204     bcgw.sde\WHSE_LAND_AND_NATURAL_RESOURCE.FOSS_IMPORTANT_FOSSIL_AREAS_SP
    intersecting 101 of 204     bcgw.sde\WHSE_WASTE.SITE_ENV_RMDTN_SITES_GOV_SVW
    intersecting 102 of 204     bcgw.sde\WHSE_WASTE.BC_ENV_MONITOR_LOCNS
    intersecting 103 of 204     bcgw.sde\WHSE_ARCHAEOLOGY.RAAD_TFM_SITES_SVW
    intersecting 104 of 204     bcgw.sde\WHSE_ARCHAEOLOGY.RAAD_TFM_SITES_SVW
    intersecting 105 of 204     bcgw.sde\WHSE_HUMAN_CULTURAL_ECONOMIC.HIST_HISTORIC_ENVIRONMNT_FA_SP
    intersecting 106 of 204     bcgw.sde\WHSE_HUMAN_CULTURAL_ECONOMIC.HIST_HISTORIC_ENVIRONMNT_FA_SP
    intersecting 107 of 204     \\spatialfiles.bcgov\Work\!Shared_Access\IPCA\IPCA_AST.gdb\AST_interim_IPCA
Failure occurred:     intersecting 107 of 204     \\spatialfiles.bcgov\Work\!Shared_Access\IPCA\IPCA_AST.gdb\AST_interim_IPCA
    intersecting 108 of 204     bcgw.sde\WHSE_LEGAL_ADMIN_BOUNDARIES.OATS_ALR_POLYS
    intersecting 109 of 204     bcgw.sde\WHSE_TANTALIS.TEMP_TRANSPORT
    intersecting 110 of 204     bcgw.sde\REG_LEGAL_AND_ADMIN_BOUNDARIES.REC_TENURE_ALPINE_SKI_AREAS_SP
    intersecting 111 of 204     bcgw.sde\WHSE_WILDLIFE_INVENTORY.AMA_SNOWMOBILE_MGMT_AREAS_SP
    intersecting 112 of 204     bcgw.sde\WHSE_MINERAL_TENURE.MTA_SITE_SP
    intersecting 113 of 204     bcgw.sde\WHSE_MINERAL_TENURE.MTA_SITE_SP
    intersecting 114 of 204     bcgw.sde\WHSE_TERRESTRIAL_ECOLOGY.BIOT_OCCR_NON_SENS_AREA_SVW
    intersecting 115 of 204     bcgw.sde\WHSE_TERRESTRIAL_ECOLOGY.BIOT_OCCR_MASKED_SENS_AREA_SP
    intersecting 116 of 204     bcgw.sde\WHSE_WATER_MANAGEMENT.WLS_COMMUNITY_WS_PUB_SVW
    intersecting 117 of 204     bcgw.sde\WHSE_BASEMAPPING.CWB_FLOODPLAINS_BC_AREA_SVW
    intersecting 118 of 204     bcgw.sde\WHSE_WATER_MANAGEMENT.GW_WATER_WELLS_WRBC_SVW
    intersecting 119 of 204     bcgw.sde\WHSE_WATER_MANAGEMENT.GW_AQUIFERS_CLASSIFICATION_SVW
    intersecting 120 of 204     bcgw.sde\WHSE_WATER_MANAGEMENT.WLS_WATER_RESERVATION_SV
    intersecting 121 of 204     bcgw.sde\WHSE_WATER_MANAGEMENT.WLS_WATER_NOTATION_SV
    intersecting 122 of 204     bcgw.sde\WHSE_WATER_MANAGEMENT.WLS_NON_TRIM_HYDRGRPH_LINE_SVW
    intersecting 123 of 204     bcgw.sde\WHSE_WATER_MANAGEMENT.FPW_APPURTENANT_STRUCTURE_SVW
    intersecting 124 of 204     bcgw.sde\WHSE_WATER_MANAGEMENT.SSL_SNOW_MSS_LOCS_SP
    intersecting 125 of 204     bcgw.sde\WHSE_WATER_MANAGEMENT.SSL_SNOW_ASWS_STNS_SP
    intersecting 126 of 204     bcgw.sde\WHSE_WILDLIFE_MANAGEMENT.WCP_WILDLIFE_HABITAT_AREA_POLY
    intersecting 127 of 204     bcgw.sde\WHSE_WILDLIFE_MANAGEMENT.WCP_WHA_PROPOSED_SP
    intersecting 128 of 204     bcgw.sde\WHSE_WILDLIFE_MANAGEMENT.WCP_UNGULATE_WINTER_RANGE_SP
    intersecting 129 of 204     bcgw.sde\WHSE_WILDLIFE_MANAGEMENT.WCP_UNGULATE_WINTER_RANGE_SP
    intersecting 130 of 204     bcgw.sde\WHSE_WILDLIFE_MANAGEMENT.WCP_UNG_WNTR_RNG_PROPOSED_SP
    intersecting 131 of 204     bcgw.sde\WHSE_WILDLIFE_MANAGEMENT.WCP_WILDLIFE_HABITAT_AREA_POLY
    intersecting 132 of 204     bcgw.sde\WHSE_WILDLIFE_MANAGEMENT.WCP_UNGULATE_WINTER_RANGE_SP
    intersecting 133 of 204     bcgw.sde\WHSE_WILDLIFE_MANAGEMENT.WCP_FISH_SENS_WS_PROPOSED_SP
    intersecting 134 of 204     bcgw.sde\WHSE_WILDLIFE_MANAGEMENT.WCP_FISH_SENSITIVE_WS_POLY
    intersecting 135 of 204     bcgw.sde\WHSE_WILDLIFE_MANAGEMENT.WCP_CRITICAL_HABITAT_SP
    intersecting 136 of 204     bcgw.sde\WHSE_WILDLIFE_MANAGEMENT.CRIMS_EELGRASSES
    intersecting 137 of 204     bcgw.sde\WHSE_WILDLIFE_MANAGEMENT.CRIMS_KELP_BEDS
    intersecting 138 of 204     bcgw.sde\WHSE_TANTALIS.TA_WILDLIFE_MGMT_AREAS_SVW
    intersecting 139 of 204     bcgw.sde\WHSE_WILDLIFE_MANAGEMENT.WAA_WILDLIFE_MGMT_UNITS_SVW
    intersecting 140 of 204     bcgw.sde\WHSE_ADMIN_BOUNDARIES.FADM_PROV_FOREST
    intersecting 141 of 204     bcgw.sde\WHSE_ADMIN_BOUNDARIES.FADM_PROV_FOREST_ADDITION
    intersecting 142 of 204     bcgw.sde\WHSE_ADMIN_BOUNDARIES.FADM_PROV_FOREST_DELETION
    intersecting 143 of 204     bcgw.sde\WHSE_ADMIN_BOUNDARIES.FADM_PROV_FOREST_EXCLUSION
    intersecting 144 of 204     bcgw.sde\WHSE_TERRESTRIAL_ECOLOGY.STE_TER_PROJECT_BOUNDARIES_SVW
    intersecting 145 of 204     bcgw.sde\WHSE_LAND_USE_PLANNING.RMP_LANDSCAPE_UNIT_SVW
    intersecting 146 of 204     bcgw.sde\WHSE_LAND_USE_PLANNING.RMP_STRGC_LAND_RSRCE_PLAN_SVW
    intersecting 147 of 204     bcgw.sde\WHSE_LAND_USE_PLANNING.RMP_OGMA_LEGAL_CURRENT_SVW
    intersecting 148 of 204     bcgw.sde\WHSE_LAND_USE_PLANNING.RMP_OGMA_NON_LEGAL_CURRENT_SVW
    intersecting 149 of 204     bcgw.sde\WHSE_FOREST_VEGETATION.OGSR_PRIORITY_DEF_AREA_CUR_SP
    intersecting 150 of 204     bcgw.sde\WHSE_LAND_USE_PLANNING.RMP_PLAN_LEGAL_POLY_SVW
    intersecting 151 of 204     bcgw.sde\WHSE_LAND_USE_PLANNING.RMP_PLAN_LEGAL_POINT_SVW
    intersecting 152 of 204     bcgw.sde\WHSE_LAND_USE_PLANNING.RMP_PLAN_LEGAL_LINE_SVW
    intersecting 153 of 204     bcgw.sde\WHSE_LAND_USE_PLANNING.RMP_PLAN_NON_LEGAL_POLY_SVW
    intersecting 154 of 204     bcgw.sde\WHSE_LAND_USE_PLANNING.RMP_PLAN_NON_LEGAL_POINT_SVW
    intersecting 155 of 204     bcgw.sde\WHSE_LAND_USE_PLANNING.RMP_PLAN_NON_LEGAL_LINE_SVW
    intersecting 156 of 204     bcgw.sde\WHSE_ARCHAEOLOGY.RAAD_AOA_PROVINCIAL
    intersecting 157 of 204     bcgw.sde\WHSE_ARCHAEOLOGY.RAAD_INFORMED_CONTRIBUTORS_SV
    intersecting 158 of 204     bcgw.sde\WHSE_FISH.FISS_FISH_OBSRVTN_PNT_SP
    intersecting 159 of 204     bcgw.sde\WHSE_FISH.FISS_FISH_OBSRVTN_PNT_SP
    intersecting 160 of 204     bcgw.sde\WHSE_FISH.FISS_HIST_FISH_DST_PNT_PUB_SVW
    intersecting 161 of 204     bcgw.sde\WHSE_FISH.FISS_HIST_FISH_DST_PNT_PUB_SVW
    intersecting 162 of 204     bcgw.sde\WHSE_FOREST_VEGETATION.BEC_BIOGEOCLIMATIC_20K_SPG
    intersecting 163 of 204     bcgw.sde\WHSE_TANTALIS.TA_CROWN_TENURES_SVW
    intersecting 164 of 204     bcgw.sde\WHSE_MINERAL_TENURE.OG_ROAD_AREA_PERMIT_SP
    intersecting 165 of 204     bcgw.sde\WHSE_MINERAL_TENURE.OG_ROAD_AREA_APPL_SP
    intersecting 166 of 204     bcgw.sde\WHSE_MINERAL_TENURE.OG_WELL_FACILITY_PERMIT_SP
    intersecting 167 of 204     bcgw.sde\WHSE_MINERAL_TENURE.OG_WELL_FACILITY_APPL_SP
    intersecting 168 of 204     bcgw.sde\WHSE_MINERAL_TENURE.OG_PIPELINE_AREA_PERMIT_SP
    intersecting 169 of 204     bcgw.sde\WHSE_MINERAL_TENURE.OG_PIPELINE_AREA_APPL_SP
    intersecting 170 of 204     bcgw.sde\WHSE_MINERAL_TENURE.OG_PIPELINE_AREA_PERMIT_SP
    intersecting 171 of 204     bcgw.sde\WHSE_MINERAL_TENURE.OG_PIPELINE_AREA_APPL_SP
    intersecting 172 of 204     bcgw.sde\WHSE_MINERAL_TENURE.OG_CONSTR_CORRIDOR_APPL_SP
    intersecting 173 of 204     bcgw.sde\WHSE_MINERAL_TENURE.OG_GEOPHYSICAL_PERMIT_SP
    intersecting 174 of 204     bcgw.sde\WHSE_MINERAL_TENURE.OG_GEOPHYSICAL_APPL_SP
    intersecting 175 of 204     bcgw.sde\WHSE_MINERAL_TENURE.OG_FACILITY_LOCATNS_PERMIT_SP
    intersecting 176 of 204     bcgw.sde\WHSE_MINERAL_TENURE.OG_ASSOC_ANCILLARY_PERMIT_SP
    intersecting 177 of 204     bcgw.sde\WHSE_MINERAL_TENURE.OG_ASSOC_ANCILLARY_APPL_SP
    intersecting 178 of 204     bcgw.sde\WHSE_MINERAL_TENURE.OG_SUMP_LOCATIONS_SP
    intersecting 179 of 204     bcgw.sde\WHSE_MINERAL_TENURE.OG_WASTE_DISP_SITES_PRE2016_SP
    intersecting 180 of 204     bcgw.sde\WHSE_MINERAL_TENURE.OG_WATER_SOURCE_PERMIT_SP
    intersecting 181 of 204     bcgw.sde\WHSE_MINERAL_TENURE.OG_WATER_SOURCE_APPL_SP
    intersecting 182 of 204     bcgw.sde\WHSE_MINERAL_TENURE.OG_PETRLM_DEV_RDS_PRE06_GOV_SP
    intersecting 183 of 204     bcgw.sde\WHSE_MINERAL_TENURE.OG_FACILITY_LOCATNS_PRE2016_SP
    intersecting 184 of 204     bcgw.sde\WHSE_HUMAN_CULTURAL_ECONOMIC.FNT_AREAS_OF_INTEREST_SP
    intersecting 185 of 204     bcgw.sde\WHSE_ADMIN_BOUNDARIES.TADM_MOT_DISTRICT_BNDRY_POLY
    intersecting 186 of 204     bcgw.sde\WHSE_ADMIN_BOUNDARIES.EADM_WLAP_REGION_BND_AREA_SVW
    intersecting 187 of 204     bcgw.sde\WHSE_ADMIN_BOUNDARIES.BCHA_HEALTH_AUTHORITY_BNDRY_SP
    intersecting 188 of 204     bcgw.sde\WHSE_TANTALIS.TA_LAND_DISTRICTS_SVW
    intersecting 189 of 204     bcgw.sde\WHSE_LEGAL_ADMIN_BOUNDARIES.ABMS_REGIONAL_DISTRICTS_SP
    intersecting 190 of 204     bcgw.sde\WHSE_TANTALIS.TA_MGMT_AREAS_SPATIAL_SVW
    intersecting 191 of 204     bcgw.sde\WHSE_ADMIN_BOUNDARIES.ADM_NR_DISTRICTS_SP
    intersecting 192 of 204     bcgw.sde\WHSE_ADMIN_BOUNDARIES.ADM_NR_REGIONS_SP
    intersecting 193 of 204     bcgw.sde\WHSE_ADMIN_BOUNDARIES.ADM_NR_AREAS_SP 
    intersecting 194 of 204     bcgw.sde\WHSE_ADMIN_BOUNDARIES.LWADM_WATMGMT_DIST_AREA_SVW
    intersecting 195 of 204     bcgw.sde\WHSE_ADMIN_BOUNDARIES.LWADM_WATMGMT_PREC_AREA_SVW
    intersecting 196 of 204     bcgw.sde\WHSE_LEGAL_ADMIN_BOUNDARIES.ABMS_MUNICIPALITIES_SP
    intersecting 197 of 204     bcgw.sde\WHSE_HUMAN_CULTURAL_ECONOMIC.FNT_NANWAKOLAS_MATRIX_SP
    intersecting 198 of 204     bcgw.sde\WHSE_LEGAL_ADMIN_BOUNDARIES.FNT_TREATY_LAND_SP
    intersecting 199 of 204     bcgw.sde\WHSE_LEGAL_ADMIN_BOUNDARIES.FNT_TREATY_RELATED_LAND_SP
    intersecting 200 of 204     bcgw.sde\WHSE_LEGAL_ADMIN_BOUNDARIES.FNT_TREATY_AREA_SP
    intersecting 201 of 204     bcgw.sde\WHSE_TANTALIS.TA_LAND_CLAIM_STLMNT_AREAS_SVW
    intersecting 202 of 204     bcgw.sde\REG_LAND_AND_NATURAL_RESOURCE.FISH_KOKANEE_HAB_ZONES_OK_SP
    intersecting 203 of 204     bcgw.sde\REG_LAND_AND_NATURAL_RESOURCE.FISH_MUSSEL_HAB_ZONES_OK_SP
    intersecting 204 of 204     bcgw.sde\REG_LAND_AND_NATURAL_RESOURCE.FISH_FORESHORE_PLANT_HAB_OK_SP
Clip Data Time is 1022
Generating HTML maps
Failed script Automated Status Tool (ArcPRO)...
Succeeded at July 11, 2025 10:14:11 AM (Elapsed Time: 17 minutes 29 seconds)
2025-07-11 10:14:11,755 - Process Job Mp: worker_0 - WARNING - arcpy warnings: Failure occurred:     intersecting 107 of 204     \\spatialfiles.bcgov\Work\!Shared_Access\IPCA\IPCA_AST.gdb\AST_interim_IPCA

