2025-06-30 10:33:29,300 - Process Job Mp: worker_4 - INFO - Process Job Mp: AST Toolbox imported successfully in worker.
2025-06-30 10:33:29,301 - Process Job Mp: worker_4 - DEBUG - Process Job Mp: Job Parameters: ['West_Coast', '//spatialfiles.bcgov/work/srm/nel/Local/Geomatics/Workarea/csostad/Statusing/Jade Statuses/Powel River\\650\\650.shp', '', '', '', '//spatialfiles.bcgov/work/srm/nel/Local/Geomatics/Workarea/csostad/Statusing/Jade Statuses/Powel River\\outputs\\650', False, False, False, False, False, True]
2025-06-30 10:33:29,302 - Process Job Mp: worker_4 - INFO - Process Job Mp: Running MakeAutomatedStatusSpreadsheet_ast...
2025-06-30 10:33:29,923 - root - INFO - Logger initialized
2025-06-30 10:33:30,825 - root - ERROR - Failed to import tools
Traceback (most recent call last):
  File "E:\sw_nt\ArcGIS\Pro\bin\Python\envs\arcgispro-py3\lib\site-packages\XTools Pro\esri\toolboxes\XTools Pro.pyt", line 95, in <module>
    from Tools.FeaturesToPointsTool import *
  File "E:\sw_nt\XTools\XTools AGP\Python\Tools\FeaturesToPointsTool.py", line 1, in <module>
    from Tools.BaseTool import BaseTool
  File "E:\sw_nt\XTools\XTools AGP\Python\Tools\BaseTool.py", line 7, in <module>
    from Scripts.Base.PythonCancelTracker import PythonCancelTracker
  File "E:\sw_nt\XTools\XTools AGP\Python\Scripts\Base\PythonCancelTracker.py", line 20, in <module>
    from XTools.XToolsAGP.Core import ICancelTracker
ModuleNotFoundError: No module named 'XTools'
2025-06-30 10:33:30,828 - root - ERROR - No module named 'XTools'
Traceback (most recent call last):
  File "E:\sw_nt\ArcGIS\Pro\bin\Python\envs\arcgispro-py3\lib\site-packages\XTools Pro\esri\toolboxes\XTools Pro.pyt", line 95, in <module>
    from Tools.FeaturesToPointsTool import *
  File "E:\sw_nt\XTools\XTools AGP\Python\Tools\FeaturesToPointsTool.py", line 1, in <module>
    from Tools.BaseTool import BaseTool
  File "E:\sw_nt\XTools\XTools AGP\Python\Tools\BaseTool.py", line 7, in <module>
    from Scripts.Base.PythonCancelTracker import PythonCancelTracker
  File "E:\sw_nt\XTools\XTools AGP\Python\Scripts\Base\PythonCancelTracker.py", line 20, in <module>
    from XTools.XToolsAGP.Core import ICancelTracker
ModuleNotFoundError: No module named 'XTools'
2025-06-30 11:05:43,389 - Process Job Mp: worker_4 - ERROR - Process Job Mp: Job 4 failed with error: ERROR 000582: Error occurred during execution.

2025-06-30 11:05:43,403 - Process Job Mp: worker_4 - DEBUG - Traceback (most recent call last):
  File "\\spatialfiles.bcgov\work\srm\nel\Local\Geomatics\Workarea\csostad\GitHubAutoAST\gss_authorizations\autoast\auto_ast_V2_Cuisinart_MultiP_PdfMaps\mp_worker.py", line 124, in process_job_mp
    arcpy.alphaast.MakeAutomatedStatusSpreadsheet(*params)
  File "\\spatialfiles.bcgov\work\srm\nel\Local\Geomatics\Workarea\csostad\GitHubAutoAST\gss_authorizations\autoast\auto_ast_V2_Cuisinart_MultiP_PdfMaps\ast.atbx", line 59, in MakeAutomatedStatusSpreadsheet
  File "\\spatialfiles.bcgov\work\srm\nel\Local\Geomatics\Workarea\csostad\GitHubAutoAST\gss_authorizations\autoast\auto_ast_V2_Cuisinart_MultiP_PdfMaps\ast.atbx", line 56, in MakeAutomatedStatusSpreadsheet
  File "E:\sw_nt\ArcGIS\Pro\Resources\ArcPy\arcpy\geoprocessing\_base.py", line 532, in <lambda>
    return lambda *args: val(*gp_fixargs(args, True))
                         ^^^^^^^^^^^^^^^^^^^^^^^^^^^^
arcgisscripting.ExecuteError: ERROR 000582: Error occurred during execution.


2025-06-30 11:05:43,405 - Process Job Mp: worker_4 - ERROR - Process Job Mp: Job 4 failed with error: ERROR 000582: Error occurred during execution.

2025-06-30 11:05:43,405 - Process Job Mp: worker_4 - ERROR - Process Job Mp: Traceback:
Traceback (most recent call last):
  File "\\spatialfiles.bcgov\work\srm\nel\Local\Geomatics\Workarea\csostad\GitHubAutoAST\gss_authorizations\autoast\auto_ast_V2_Cuisinart_MultiP_PdfMaps\mp_worker.py", line 124, in process_job_mp
    arcpy.alphaast.MakeAutomatedStatusSpreadsheet(*params)
  File "\\spatialfiles.bcgov\work\srm\nel\Local\Geomatics\Workarea\csostad\GitHubAutoAST\gss_authorizations\autoast\auto_ast_V2_Cuisinart_MultiP_PdfMaps\ast.atbx", line 59, in MakeAutomatedStatusSpreadsheet
  File "\\spatialfiles.bcgov\work\srm\nel\Local\Geomatics\Workarea\csostad\GitHubAutoAST\gss_authorizations\autoast\auto_ast_V2_Cuisinart_MultiP_PdfMaps\ast.atbx", line 56, in MakeAutomatedStatusSpreadsheet
  File "E:\sw_nt\ArcGIS\Pro\Resources\ArcPy\arcpy\geoprocessing\_base.py", line 532, in <lambda>
    return lambda *args: val(*gp_fixargs(args, True))
                         ^^^^^^^^^^^^^^^^^^^^^^^^^^^^
arcgisscripting.ExecuteError: ERROR 000582: Error occurred during execution.


